mktextfm TeXGyrePagella
mktextfm TeXGyrePagella
mktextfm TeXGyrePagella
mktextfm TeXGyrePagella/BI
mktextfm TeXGyrePagella
mktextfm TeXGyrePagella/B
mktextfm TeXGyrePagella
mktextfm TeXGyrePagella/I
mktextfm TeXGyrePagella
mktextfm TeXGyrePagella
mktextfm TeXGyrePagella
mktextfm TeXGyreHeros
mktextfm TeXGyreHeros
mktextfm TeXGyreHeros
mktextfm TeXGyreHeros/BI
mktextfm TeXGyreHeros
mktextfm TeXGyreHeros/B
mktextfm TeXGyreHeros
mktextfm TeXGyreHeros/I
mktextfm TeXGyreHeros
mktextfm TeXGyreHeros
mktextfm TeXGyrePagella
mktextfm TeXGyrePagella
mktextfm TeXGyrePagella
mktextfm TeXGyrePagella/BI
mktextfm TeXGyrePagella
mktextfm TeXGyrePagella/B
mktextfm TeXGyrePagella
mktextfm TeXGyrePagella/I
mktextfm TeXGyrePagella
mktextfm TeXGyrePagella
mktextfm TeXGyrePagella
mktextfm TeXGyreHeros
mktextfm TeXGyreHeros
mktextfm TeXGyreHeros
mktextfm TeXGyreHeros/BI
mktextfm TeXGyreHeros
mktextfm TeXGyreHeros/B
mktextfm TeXGyreHeros
mktextfm TeXGyreHeros/I
mktextfm TeXGyreHeros
mktextfm TeXGyreHeros
mktextfm TeXGyrePagella
mktextfm TeXGyrePagella
mktextfm TeXGyrePagella
mktextfm TeXGyrePagella
mktextfm TeXGyrePagella
mktextfm TeXGyrePagella
mktextfm TeXGyrePagella
mktextfm TeXGyrePagella
mktextfm TeXGyrePagella
mktextfm TeXGyrePagella
mktextfm TeXGyrePagella
mktextfm TeXGyrePagella
