[start] mode=push shard=00/10 jobs=52
[1/52] id=1370 tag=caa50c3ce2 start width=8
[1/52] id=1370 tag=caa50c3ce2 running elapsed=10s limit=120s
[1/52] id=1370 tag=caa50c3ce2 running elapsed=20s limit=120s
[1/52] id=1370 tag=caa50c3ce2 running elapsed=30s limit=120s
[1/52] id=1370 tag=caa50c3ce2 running elapsed=40s limit=120s
[1/52] id=1370 tag=caa50c3ce2 running elapsed=50s limit=120s
[1/52] id=1370 tag=caa50c3ce2 running elapsed=60s limit=120s
[1/52] id=1370 tag=caa50c3ce2 running elapsed=70s limit=120s
[1/52] id=1370 tag=caa50c3ce2 running elapsed=80s limit=120s
[1/52] id=1370 tag=caa50c3ce2 done status=infeasible L=- sec=88.84
[2/52] id=1560 tag=2e30deb1b7 start width=8
[2/52] id=1560 tag=2e30deb1b7 running elapsed=10s limit=120s
[2/52] id=1560 tag=2e30deb1b7 running elapsed=20s limit=120s
[2/52] id=1560 tag=2e30deb1b7 running elapsed=30s limit=120s
[2/52] id=1560 tag=2e30deb1b7 running elapsed=40s limit=120s
[2/52] id=1560 tag=2e30deb1b7 running elapsed=50s limit=120s
[2/52] id=1560 tag=2e30deb1b7 running elapsed=60s limit=120s
[2/52] id=1560 tag=2e30deb1b7 running elapsed=70s limit=120s
[2/52] id=1560 tag=2e30deb1b7 running elapsed=80s limit=120s
[2/52] id=1560 tag=2e30deb1b7 running elapsed=90s limit=120s
[2/52] id=1560 tag=2e30deb1b7 running elapsed=100s limit=120s
[2/52] id=1560 tag=2e30deb1b7 running elapsed=110s limit=120s
[2/52] id=1560 tag=2e30deb1b7 running elapsed=120s limit=120s
[2/52] id=1560 tag=2e30deb1b7 done status=timeout L=- sec=120.05
[3/52] id=1830 tag=b1c64d4dab start width=8
[3/52] id=1830 tag=b1c64d4dab running elapsed=10s limit=120s
[3/52] id=1830 tag=b1c64d4dab running elapsed=20s limit=120s
[3/52] id=1830 tag=b1c64d4dab running elapsed=30s limit=120s
[3/52] id=1830 tag=b1c64d4dab running elapsed=40s limit=120s
[3/52] id=1830 tag=b1c64d4dab running elapsed=50s limit=120s
[3/52] id=1830 tag=b1c64d4dab running elapsed=60s limit=120s
[3/52] id=1830 tag=b1c64d4dab running elapsed=70s limit=120s
[3/52] id=1830 tag=b1c64d4dab running elapsed=80s limit=120s
[3/52] id=1830 tag=b1c64d4dab running elapsed=90s limit=120s
[3/52] id=1830 tag=b1c64d4dab running elapsed=100s limit=120s
[3/52] id=1830 tag=b1c64d4dab running elapsed=110s limit=120s
[3/52] id=1830 tag=b1c64d4dab running elapsed=120s limit=120s
[3/52] id=1830 tag=b1c64d4dab done status=timeout L=- sec=120.08
[4/52] id=1930 tag=6e860fac11 start width=8
[4/52] id=1930 tag=6e860fac11 running elapsed=10s limit=120s
[4/52] id=1930 tag=6e860fac11 running elapsed=20s limit=120s
[4/52] id=1930 tag=6e860fac11 running elapsed=30s limit=120s
[4/52] id=1930 tag=6e860fac11 running elapsed=40s limit=120s
[4/52] id=1930 tag=6e860fac11 running elapsed=50s limit=120s
[4/52] id=1930 tag=6e860fac11 running elapsed=60s limit=120s
[4/52] id=1930 tag=6e860fac11 running elapsed=70s limit=120s
[4/52] id=1930 tag=6e860fac11 running elapsed=80s limit=120s
[4/52] id=1930 tag=6e860fac11 running elapsed=90s limit=120s
[4/52] id=1930 tag=6e860fac11 running elapsed=100s limit=120s
[4/52] id=1930 tag=6e860fac11 running elapsed=110s limit=120s
[4/52] id=1930 tag=6e860fac11 running elapsed=120s limit=120s
[4/52] id=1930 tag=6e860fac11 done status=timeout L=- sec=120.15
[5/52] id=2980 tag=42f2cd4b08 start width=8
[5/52] id=2980 tag=42f2cd4b08 running elapsed=10s limit=120s
[5/52] id=2980 tag=42f2cd4b08 running elapsed=20s limit=120s
[5/52] id=2980 tag=42f2cd4b08 running elapsed=30s limit=120s
[5/52] id=2980 tag=42f2cd4b08 running elapsed=40s limit=120s
[5/52] id=2980 tag=42f2cd4b08 running elapsed=50s limit=120s
[5/52] id=2980 tag=42f2cd4b08 done status=infeasible L=- sec=59.07
[6/52] id=3220 tag=7c2c39719c start width=8
[6/52] id=3220 tag=7c2c39719c running elapsed=10s limit=120s
[6/52] id=3220 tag=7c2c39719c running elapsed=20s limit=120s
[6/52] id=3220 tag=7c2c39719c running elapsed=30s limit=120s
[6/52] id=3220 tag=7c2c39719c running elapsed=40s limit=120s
[6/52] id=3220 tag=7c2c39719c running elapsed=50s limit=120s
[6/52] id=3220 tag=7c2c39719c running elapsed=60s limit=120s
[6/52] id=3220 tag=7c2c39719c running elapsed=70s limit=120s
[6/52] id=3220 tag=7c2c39719c running elapsed=80s limit=120s
[6/52] id=3220 tag=7c2c39719c running elapsed=90s limit=120s
[6/52] id=3220 tag=7c2c39719c running elapsed=100s limit=120s
[6/52] id=3220 tag=7c2c39719c running elapsed=110s limit=120s
[6/52] id=3220 tag=7c2c39719c running elapsed=120s limit=120s
[6/52] id=3220 tag=7c2c39719c done status=timeout L=- sec=120.05
[7/52] id=3580 tag=9914658e04 start width=8
[7/52] id=3580 tag=9914658e04 running elapsed=10s limit=120s
[7/52] id=3580 tag=9914658e04 running elapsed=20s limit=120s
[7/52] id=3580 tag=9914658e04 running elapsed=30s limit=120s
[7/52] id=3580 tag=9914658e04 running elapsed=40s limit=120s
[7/52] id=3580 tag=9914658e04 running elapsed=50s limit=120s
[7/52] id=3580 tag=9914658e04 running elapsed=60s limit=120s
[7/52] id=3580 tag=9914658e04 running elapsed=70s limit=120s
[7/52] id=3580 tag=9914658e04 running elapsed=80s limit=120s
[7/52] id=3580 tag=9914658e04 running elapsed=90s limit=120s
[7/52] id=3580 tag=9914658e04 running elapsed=100s limit=120s
[7/52] id=3580 tag=9914658e04 running elapsed=110s limit=120s
[7/52] id=3580 tag=9914658e04 running elapsed=120s limit=120s
[7/52] id=3580 tag=9914658e04 done status=timeout L=- sec=120.08
[8/52] id=4420 tag=0b8e19b454 start width=8
[8/52] id=4420 tag=0b8e19b454 running elapsed=10s limit=120s
[8/52] id=4420 tag=0b8e19b454 running elapsed=20s limit=120s
[8/52] id=4420 tag=0b8e19b454 running elapsed=30s limit=120s
[8/52] id=4420 tag=0b8e19b454 done status=infeasible L=- sec=36.72
[9/52] id=6630 tag=c2460f9899 start width=8
[9/52] id=6630 tag=c2460f9899 running elapsed=10s limit=120s
[9/52] id=6630 tag=c2460f9899 running elapsed=20s limit=120s
[9/52] id=6630 tag=c2460f9899 running elapsed=30s limit=120s
[9/52] id=6630 tag=c2460f9899 running elapsed=40s limit=120s
[9/52] id=6630 tag=c2460f9899 running elapsed=50s limit=120s
[9/52] id=6630 tag=c2460f9899 running elapsed=60s limit=120s
[9/52] id=6630 tag=c2460f9899 running elapsed=70s limit=120s
[9/52] id=6630 tag=c2460f9899 running elapsed=80s limit=120s
[9/52] id=6630 tag=c2460f9899 running elapsed=90s limit=120s
[9/52] id=6630 tag=c2460f9899 running elapsed=100s limit=120s
[9/52] id=6630 tag=c2460f9899 running elapsed=110s limit=120s
[9/52] id=6630 tag=c2460f9899 running elapsed=120s limit=120s
[9/52] id=6630 tag=c2460f9899 done status=timeout L=- sec=120.13
[10/52] id=6690 tag=14308ab61e start width=8
[10/52] id=6690 tag=14308ab61e running elapsed=10s limit=120s
[10/52] id=6690 tag=14308ab61e running elapsed=20s limit=120s
[10/52] id=6690 tag=14308ab61e running elapsed=30s limit=120s
[10/52] id=6690 tag=14308ab61e running elapsed=40s limit=120s
[10/52] id=6690 tag=14308ab61e running elapsed=50s limit=120s
[10/52] id=6690 tag=14308ab61e running elapsed=60s limit=120s
[10/52] id=6690 tag=14308ab61e running elapsed=70s limit=120s
[10/52] id=6690 tag=14308ab61e running elapsed=80s limit=120s
[10/52] id=6690 tag=14308ab61e running elapsed=90s limit=120s
[10/52] id=6690 tag=14308ab61e running elapsed=100s limit=120s
[10/52] id=6690 tag=14308ab61e running elapsed=110s limit=120s
[10/52] id=6690 tag=14308ab61e running elapsed=120s limit=120s
[10/52] id=6690 tag=14308ab61e done status=timeout L=- sec=120.06
[11/52] id=7360 tag=84297ae3e9 start width=8
[11/52] id=7360 tag=84297ae3e9 running elapsed=10s limit=120s
[11/52] id=7360 tag=84297ae3e9 running elapsed=20s limit=120s
[11/52] id=7360 tag=84297ae3e9 running elapsed=30s limit=120s
[11/52] id=7360 tag=84297ae3e9 running elapsed=40s limit=120s
[11/52] id=7360 tag=84297ae3e9 running elapsed=50s limit=120s
[11/52] id=7360 tag=84297ae3e9 running elapsed=60s limit=120s
[11/52] id=7360 tag=84297ae3e9 running elapsed=70s limit=120s
[11/52] id=7360 tag=84297ae3e9 running elapsed=80s limit=120s
[11/52] id=7360 tag=84297ae3e9 running elapsed=90s limit=120s
[11/52] id=7360 tag=84297ae3e9 running elapsed=100s limit=120s
[11/52] id=7360 tag=84297ae3e9 running elapsed=110s limit=120s
[11/52] id=7360 tag=84297ae3e9 running elapsed=120s limit=120s
[11/52] id=7360 tag=84297ae3e9 done status=timeout L=- sec=120.07
[12/52] id=7720 tag=0d8e83e32e start width=8
[12/52] id=7720 tag=0d8e83e32e running elapsed=10s limit=120s
[12/52] id=7720 tag=0d8e83e32e running elapsed=20s limit=120s
[12/52] id=7720 tag=0d8e83e32e running elapsed=30s limit=120s
[12/52] id=7720 tag=0d8e83e32e running elapsed=40s limit=120s
[12/52] id=7720 tag=0d8e83e32e running elapsed=50s limit=120s
[12/52] id=7720 tag=0d8e83e32e running elapsed=60s limit=120s
[12/52] id=7720 tag=0d8e83e32e done status=infeasible L=- sec=69.49
[13/52] id=8380 tag=55a734c34c start width=8
[13/52] id=8380 tag=55a734c34c running elapsed=10s limit=120s
[13/52] id=8380 tag=55a734c34c running elapsed=20s limit=120s
[13/52] id=8380 tag=55a734c34c running elapsed=30s limit=120s
[13/52] id=8380 tag=55a734c34c running elapsed=40s limit=120s
[13/52] id=8380 tag=55a734c34c running elapsed=50s limit=120s
[13/52] id=8380 tag=55a734c34c running elapsed=60s limit=120s
[13/52] id=8380 tag=55a734c34c running elapsed=70s limit=120s
[13/52] id=8380 tag=55a734c34c running elapsed=80s limit=120s
[13/52] id=8380 tag=55a734c34c running elapsed=90s limit=120s
[13/52] id=8380 tag=55a734c34c running elapsed=100s limit=120s
[13/52] id=8380 tag=55a734c34c done status=infeasible L=- sec=103.30
[14/52] id=8440 tag=da59da60c4 start width=8
[14/52] id=8440 tag=da59da60c4 running elapsed=10s limit=120s
[14/52] id=8440 tag=da59da60c4 running elapsed=20s limit=120s
[14/52] id=8440 tag=da59da60c4 running elapsed=30s limit=120s
[14/52] id=8440 tag=da59da60c4 running elapsed=40s limit=120s
[14/52] id=8440 tag=da59da60c4 running elapsed=50s limit=120s
[14/52] id=8440 tag=da59da60c4 running elapsed=60s limit=120s
[14/52] id=8440 tag=da59da60c4 running elapsed=70s limit=120s
[14/52] id=8440 tag=da59da60c4 running elapsed=80s limit=120s
[14/52] id=8440 tag=da59da60c4 running elapsed=90s limit=120s
[14/52] id=8440 tag=da59da60c4 running elapsed=100s limit=120s
[14/52] id=8440 tag=da59da60c4 running elapsed=110s limit=120s
[14/52] id=8440 tag=da59da60c4 done status=infeasible L=- sec=110.78
[15/52] id=9010 tag=23db674429 start width=8
[15/52] id=9010 tag=23db674429 running elapsed=10s limit=120s
[15/52] id=9010 tag=23db674429 running elapsed=20s limit=120s
[15/52] id=9010 tag=23db674429 running elapsed=30s limit=120s
[15/52] id=9010 tag=23db674429 running elapsed=40s limit=120s
[15/52] id=9010 tag=23db674429 running elapsed=50s limit=120s
[15/52] id=9010 tag=23db674429 running elapsed=60s limit=120s
[15/52] id=9010 tag=23db674429 running elapsed=70s limit=120s
[15/52] id=9010 tag=23db674429 running elapsed=80s limit=120s
[15/52] id=9010 tag=23db674429 running elapsed=90s limit=120s
[15/52] id=9010 tag=23db674429 running elapsed=100s limit=120s
[15/52] id=9010 tag=23db674429 running elapsed=110s limit=120s
[15/52] id=9010 tag=23db674429 done status=infeasible L=- sec=112.53
[16/52] id=9580 tag=06bd59ace6 start width=8
[16/52] id=9580 tag=06bd59ace6 running elapsed=10s limit=120s
[16/52] id=9580 tag=06bd59ace6 running elapsed=20s limit=120s
[16/52] id=9580 tag=06bd59ace6 running elapsed=30s limit=120s
[16/52] id=9580 tag=06bd59ace6 running elapsed=40s limit=120s
[16/52] id=9580 tag=06bd59ace6 running elapsed=50s limit=120s
[16/52] id=9580 tag=06bd59ace6 running elapsed=60s limit=120s
[16/52] id=9580 tag=06bd59ace6 running elapsed=70s limit=120s
[16/52] id=9580 tag=06bd59ace6 running elapsed=80s limit=120s
[16/52] id=9580 tag=06bd59ace6 done status=infeasible L=- sec=87.81
[17/52] id=9590 tag=8e9f37554f start width=8
[17/52] id=9590 tag=8e9f37554f running elapsed=10s limit=120s
[17/52] id=9590 tag=8e9f37554f running elapsed=20s limit=120s
[17/52] id=9590 tag=8e9f37554f running elapsed=30s limit=120s
[17/52] id=9590 tag=8e9f37554f running elapsed=40s limit=120s
[17/52] id=9590 tag=8e9f37554f running elapsed=50s limit=120s
[17/52] id=9590 tag=8e9f37554f done status=infeasible L=- sec=53.82
[18/52] id=9600 tag=b632e27647 start width=8
[18/52] id=9600 tag=b632e27647 running elapsed=10s limit=120s
[18/52] id=9600 tag=b632e27647 running elapsed=20s limit=120s
[18/52] id=9600 tag=b632e27647 running elapsed=30s limit=120s
[18/52] id=9600 tag=b632e27647 running elapsed=40s limit=120s
[18/52] id=9600 tag=b632e27647 running elapsed=50s limit=120s
[18/52] id=9600 tag=b632e27647 running elapsed=60s limit=120s
[18/52] id=9600 tag=b632e27647 running elapsed=70s limit=120s
[18/52] id=9600 tag=b632e27647 running elapsed=80s limit=120s
[18/52] id=9600 tag=b632e27647 running elapsed=90s limit=120s
[18/52] id=9600 tag=b632e27647 running elapsed=100s limit=120s
[18/52] id=9600 tag=b632e27647 running elapsed=110s limit=120s
[18/52] id=9600 tag=b632e27647 running elapsed=120s limit=120s
[18/52] id=9600 tag=b632e27647 done status=timeout L=- sec=120.10
[19/52] id=9840 tag=9b82a4cd29 start width=8
[19/52] id=9840 tag=9b82a4cd29 running elapsed=10s limit=120s
[19/52] id=9840 tag=9b82a4cd29 running elapsed=20s limit=120s
[19/52] id=9840 tag=9b82a4cd29 running elapsed=30s limit=120s
[19/52] id=9840 tag=9b82a4cd29 running elapsed=40s limit=120s
[19/52] id=9840 tag=9b82a4cd29 running elapsed=50s limit=120s
[19/52] id=9840 tag=9b82a4cd29 running elapsed=60s limit=120s
[19/52] id=9840 tag=9b82a4cd29 running elapsed=70s limit=120s
[19/52] id=9840 tag=9b82a4cd29 running elapsed=80s limit=120s
[19/52] id=9840 tag=9b82a4cd29 done status=infeasible L=- sec=88.73
[20/52] id=9990 tag=d4bd916733 start width=8
[20/52] id=9990 tag=d4bd916733 running elapsed=10s limit=120s
[20/52] id=9990 tag=d4bd916733 running elapsed=20s limit=120s
[20/52] id=9990 tag=d4bd916733 running elapsed=30s limit=120s
[20/52] id=9990 tag=d4bd916733 running elapsed=40s limit=120s
[20/52] id=9990 tag=d4bd916733 running elapsed=50s limit=120s
[20/52] id=9990 tag=d4bd916733 done status=infeasible L=- sec=55.60
[21/52] id=10370 tag=e7fb74ac78 start width=8
[21/52] id=10370 tag=e7fb74ac78 running elapsed=10s limit=120s
[21/52] id=10370 tag=e7fb74ac78 running elapsed=20s limit=120s
[21/52] id=10370 tag=e7fb74ac78 running elapsed=30s limit=120s
[21/52] id=10370 tag=e7fb74ac78 done status=infeasible L=- sec=37.87
[22/52] id=10620 tag=73681505c7 start width=8
[22/52] id=10620 tag=73681505c7 running elapsed=10s limit=120s
[22/52] id=10620 tag=73681505c7 running elapsed=20s limit=120s
[22/52] id=10620 tag=73681505c7 running elapsed=30s limit=120s
[22/52] id=10620 tag=73681505c7 done status=infeasible L=- sec=38.43
[23/52] id=10800 tag=36ea8212f3 start width=8
[23/52] id=10800 tag=36ea8212f3 running elapsed=10s limit=120s
[23/52] id=10800 tag=36ea8212f3 running elapsed=20s limit=120s
[23/52] id=10800 tag=36ea8212f3 running elapsed=30s limit=120s
[23/52] id=10800 tag=36ea8212f3 running elapsed=40s limit=120s
[23/52] id=10800 tag=36ea8212f3 running elapsed=50s limit=120s
[23/52] id=10800 tag=36ea8212f3 running elapsed=60s limit=120s
[23/52] id=10800 tag=36ea8212f3 running elapsed=70s limit=120s
[23/52] id=10800 tag=36ea8212f3 running elapsed=80s limit=120s
[23/52] id=10800 tag=36ea8212f3 running elapsed=90s limit=120s
[23/52] id=10800 tag=36ea8212f3 done status=infeasible L=- sec=91.48
[24/52] id=12550 tag=5e9e5bcf76 start width=8
[24/52] id=12550 tag=5e9e5bcf76 running elapsed=10s limit=120s
[24/52] id=12550 tag=5e9e5bcf76 running elapsed=20s limit=120s
[24/52] id=12550 tag=5e9e5bcf76 running elapsed=30s limit=120s
[24/52] id=12550 tag=5e9e5bcf76 running elapsed=40s limit=120s
[24/52] id=12550 tag=5e9e5bcf76 done status=optimal L=46 sec=49.60
[25/52] id=12740 tag=aa4fd9c101 start width=8
[25/52] id=12740 tag=aa4fd9c101 running elapsed=10s limit=120s
[25/52] id=12740 tag=aa4fd9c101 running elapsed=20s limit=120s
[25/52] id=12740 tag=aa4fd9c101 running elapsed=30s limit=120s
[25/52] id=12740 tag=aa4fd9c101 running elapsed=40s limit=120s
[25/52] id=12740 tag=aa4fd9c101 running elapsed=50s limit=120s
[25/52] id=12740 tag=aa4fd9c101 running elapsed=60s limit=120s
[25/52] id=12740 tag=aa4fd9c101 running elapsed=70s limit=120s
[25/52] id=12740 tag=aa4fd9c101 running elapsed=80s limit=120s
[25/52] id=12740 tag=aa4fd9c101 running elapsed=90s limit=120s
[25/52] id=12740 tag=aa4fd9c101 running elapsed=100s limit=120s
[25/52] id=12740 tag=aa4fd9c101 running elapsed=110s limit=120s
[25/52] id=12740 tag=aa4fd9c101 running elapsed=120s limit=120s
[25/52] id=12740 tag=aa4fd9c101 done status=timeout L=- sec=120.16
[26/52] id=12750 tag=fd3a29e492 start width=8
[26/52] id=12750 tag=fd3a29e492 running elapsed=10s limit=120s
[26/52] id=12750 tag=fd3a29e492 running elapsed=20s limit=120s
[26/52] id=12750 tag=fd3a29e492 running elapsed=30s limit=120s
[26/52] id=12750 tag=fd3a29e492 running elapsed=40s limit=120s
[26/52] id=12750 tag=fd3a29e492 running elapsed=50s limit=120s
[26/52] id=12750 tag=fd3a29e492 running elapsed=60s limit=120s
[26/52] id=12750 tag=fd3a29e492 running elapsed=70s limit=120s
[26/52] id=12750 tag=fd3a29e492 done status=infeasible L=- sec=72.95
[27/52] id=13400 tag=a1aa4ee49d start width=8
[27/52] id=13400 tag=a1aa4ee49d running elapsed=10s limit=120s
[27/52] id=13400 tag=a1aa4ee49d running elapsed=20s limit=120s
[27/52] id=13400 tag=a1aa4ee49d running elapsed=30s limit=120s
[27/52] id=13400 tag=a1aa4ee49d running elapsed=40s limit=120s
[27/52] id=13400 tag=a1aa4ee49d running elapsed=50s limit=120s
[27/52] id=13400 tag=a1aa4ee49d done status=infeasible L=- sec=54.10
[28/52] id=13420 tag=bb5d96667d start width=8
[28/52] id=13420 tag=bb5d96667d running elapsed=10s limit=120s
[28/52] id=13420 tag=bb5d96667d running elapsed=20s limit=120s
[28/52] id=13420 tag=bb5d96667d running elapsed=30s limit=120s
[28/52] id=13420 tag=bb5d96667d running elapsed=40s limit=120s
[28/52] id=13420 tag=bb5d96667d running elapsed=50s limit=120s
[28/52] id=13420 tag=bb5d96667d done status=infeasible L=- sec=57.86
[29/52] id=13440 tag=50274ae12c start width=8
[29/52] id=13440 tag=50274ae12c running elapsed=10s limit=120s
[29/52] id=13440 tag=50274ae12c running elapsed=20s limit=120s
[29/52] id=13440 tag=50274ae12c running elapsed=30s limit=120s
[29/52] id=13440 tag=50274ae12c done status=infeasible L=- sec=37.51
[30/52] id=13450 tag=f1b8091851 start width=8
[30/52] id=13450 tag=f1b8091851 running elapsed=10s limit=120s
[30/52] id=13450 tag=f1b8091851 running elapsed=20s limit=120s
[30/52] id=13450 tag=f1b8091851 running elapsed=30s limit=120s
[30/52] id=13450 tag=f1b8091851 running elapsed=40s limit=120s
[30/52] id=13450 tag=f1b8091851 running elapsed=50s limit=120s
[30/52] id=13450 tag=f1b8091851 running elapsed=60s limit=120s
[30/52] id=13450 tag=f1b8091851 running elapsed=70s limit=120s
[30/52] id=13450 tag=f1b8091851 running elapsed=80s limit=120s
[30/52] id=13450 tag=f1b8091851 running elapsed=90s limit=120s
[30/52] id=13450 tag=f1b8091851 running elapsed=100s limit=120s
[30/52] id=13450 tag=f1b8091851 running elapsed=110s limit=120s
[30/52] id=13450 tag=f1b8091851 running elapsed=120s limit=120s
[30/52] id=13450 tag=f1b8091851 done status=timeout L=- sec=120.09
[31/52] id=13520 tag=f54532ccd9 start width=8
[31/52] id=13520 tag=f54532ccd9 running elapsed=10s limit=120s
[31/52] id=13520 tag=f54532ccd9 running elapsed=20s limit=120s
[31/52] id=13520 tag=f54532ccd9 running elapsed=30s limit=120s
[31/52] id=13520 tag=f54532ccd9 running elapsed=40s limit=120s
[31/52] id=13520 tag=f54532ccd9 running elapsed=50s limit=120s
[31/52] id=13520 tag=f54532ccd9 running elapsed=60s limit=120s
[31/52] id=13520 tag=f54532ccd9 running elapsed=70s limit=120s
[31/52] id=13520 tag=f54532ccd9 running elapsed=80s limit=120s
[31/52] id=13520 tag=f54532ccd9 running elapsed=90s limit=120s
[31/52] id=13520 tag=f54532ccd9 running elapsed=100s limit=120s
[31/52] id=13520 tag=f54532ccd9 done status=infeasible L=- sec=100.40
[32/52] id=13840 tag=9a0328c62a start width=8
[32/52] id=13840 tag=9a0328c62a running elapsed=10s limit=120s
[32/52] id=13840 tag=9a0328c62a running elapsed=20s limit=120s
[32/52] id=13840 tag=9a0328c62a running elapsed=30s limit=120s
[32/52] id=13840 tag=9a0328c62a running elapsed=40s limit=120s
[32/52] id=13840 tag=9a0328c62a running elapsed=50s limit=120s
[32/52] id=13840 tag=9a0328c62a running elapsed=60s limit=120s
[32/52] id=13840 tag=9a0328c62a running elapsed=70s limit=120s
[32/52] id=13840 tag=9a0328c62a done status=infeasible L=- sec=72.11
[33/52] id=13870 tag=69e3c31460 start width=8
[33/52] id=13870 tag=69e3c31460 running elapsed=10s limit=120s
[33/52] id=13870 tag=69e3c31460 running elapsed=20s limit=120s
[33/52] id=13870 tag=69e3c31460 running elapsed=30s limit=120s
[33/52] id=13870 tag=69e3c31460 running elapsed=40s limit=120s
[33/52] id=13870 tag=69e3c31460 running elapsed=50s limit=120s
[33/52] id=13870 tag=69e3c31460 done status=infeasible L=- sec=55.24
[34/52] id=13890 tag=d546402faa start width=8
[34/52] id=13890 tag=d546402faa running elapsed=10s limit=120s
[34/52] id=13890 tag=d546402faa running elapsed=20s limit=120s
[34/52] id=13890 tag=d546402faa running elapsed=30s limit=120s
[34/52] id=13890 tag=d546402faa running elapsed=40s limit=120s
[34/52] id=13890 tag=d546402faa running elapsed=50s limit=120s
[34/52] id=13890 tag=d546402faa running elapsed=60s limit=120s
[34/52] id=13890 tag=d546402faa running elapsed=70s limit=120s
[34/52] id=13890 tag=d546402faa running elapsed=80s limit=120s
[34/52] id=13890 tag=d546402faa running elapsed=90s limit=120s
[34/52] id=13890 tag=d546402faa done status=infeasible L=- sec=95.92
[35/52] id=14540 tag=1b7743c93c start width=8
[35/52] id=14540 tag=1b7743c93c running elapsed=10s limit=120s
[35/52] id=14540 tag=1b7743c93c running elapsed=20s limit=120s
[35/52] id=14540 tag=1b7743c93c running elapsed=30s limit=120s
[35/52] id=14540 tag=1b7743c93c running elapsed=40s limit=120s
[35/52] id=14540 tag=1b7743c93c running elapsed=50s limit=120s
[35/52] id=14540 tag=1b7743c93c running elapsed=60s limit=120s
[35/52] id=14540 tag=1b7743c93c running elapsed=70s limit=120s
[35/52] id=14540 tag=1b7743c93c running elapsed=80s limit=120s
[35/52] id=14540 tag=1b7743c93c running elapsed=90s limit=120s
[35/52] id=14540 tag=1b7743c93c running elapsed=100s limit=120s
[35/52] id=14540 tag=1b7743c93c running elapsed=110s limit=120s
[35/52] id=14540 tag=1b7743c93c running elapsed=120s limit=120s
[35/52] id=14540 tag=1b7743c93c done status=timeout L=- sec=120.08
[36/52] id=15150 tag=c946a8a90d start width=8
[36/52] id=15150 tag=c946a8a90d running elapsed=10s limit=120s
[36/52] id=15150 tag=c946a8a90d running elapsed=20s limit=120s
[36/52] id=15150 tag=c946a8a90d running elapsed=30s limit=120s
[36/52] id=15150 tag=c946a8a90d running elapsed=40s limit=120s
[36/52] id=15150 tag=c946a8a90d running elapsed=50s limit=120s
[36/52] id=15150 tag=c946a8a90d running elapsed=60s limit=120s
[36/52] id=15150 tag=c946a8a90d running elapsed=70s limit=120s
[36/52] id=15150 tag=c946a8a90d running elapsed=80s limit=120s
[36/52] id=15150 tag=c946a8a90d running elapsed=90s limit=120s
[36/52] id=15150 tag=c946a8a90d done status=infeasible L=- sec=96.36
[37/52] id=15300 tag=4682df8b4d start width=8
[37/52] id=15300 tag=4682df8b4d running elapsed=10s limit=120s
[37/52] id=15300 tag=4682df8b4d running elapsed=20s limit=120s
[37/52] id=15300 tag=4682df8b4d running elapsed=30s limit=120s
[37/52] id=15300 tag=4682df8b4d running elapsed=40s limit=120s
[37/52] id=15300 tag=4682df8b4d running elapsed=50s limit=120s
[37/52] id=15300 tag=4682df8b4d running elapsed=60s limit=120s
[37/52] id=15300 tag=4682df8b4d running elapsed=70s limit=120s
[37/52] id=15300 tag=4682df8b4d done status=infeasible L=- sec=78.06
[38/52] id=15360 tag=5008c20395 start width=8
[38/52] id=15360 tag=5008c20395 running elapsed=10s limit=120s
[38/52] id=15360 tag=5008c20395 running elapsed=20s limit=120s
[38/52] id=15360 tag=5008c20395 running elapsed=30s limit=120s
[38/52] id=15360 tag=5008c20395 running elapsed=40s limit=120s
[38/52] id=15360 tag=5008c20395 running elapsed=50s limit=120s
[38/52] id=15360 tag=5008c20395 running elapsed=60s limit=120s
[38/52] id=15360 tag=5008c20395 running elapsed=70s limit=120s
[38/52] id=15360 tag=5008c20395 running elapsed=80s limit=120s
[38/52] id=15360 tag=5008c20395 running elapsed=90s limit=120s
[38/52] id=15360 tag=5008c20395 running elapsed=100s limit=120s
[38/52] id=15360 tag=5008c20395 running elapsed=110s limit=120s
[38/52] id=15360 tag=5008c20395 running elapsed=120s limit=120s
[38/52] id=15360 tag=5008c20395 done status=timeout L=- sec=120.06
[39/52] id=17670 tag=aa166a3048 start width=16
[39/52] id=17670 tag=aa166a3048 running elapsed=10s limit=120s
[39/52] id=17670 tag=aa166a3048 running elapsed=20s limit=120s
[39/52] id=17670 tag=aa166a3048 running elapsed=30s limit=120s
[39/52] id=17670 tag=aa166a3048 running elapsed=40s limit=120s
[39/52] id=17670 tag=aa166a3048 done status=optimal L=40 sec=49.29
[40/52] id=17680 tag=1dec5e31fe start width=16
[40/52] id=17680 tag=1dec5e31fe running elapsed=10s limit=120s
[40/52] id=17680 tag=1dec5e31fe running elapsed=20s limit=120s
[40/52] id=17680 tag=1dec5e31fe running elapsed=30s limit=120s
[40/52] id=17680 tag=1dec5e31fe running elapsed=40s limit=120s
[40/52] id=17680 tag=1dec5e31fe running elapsed=50s limit=120s
[40/52] id=17680 tag=1dec5e31fe running elapsed=60s limit=120s
[40/52] id=17680 tag=1dec5e31fe running elapsed=70s limit=120s
[40/52] id=17680 tag=1dec5e31fe running elapsed=80s limit=120s
[40/52] id=17680 tag=1dec5e31fe running elapsed=90s limit=120s
[40/52] id=17680 tag=1dec5e31fe running elapsed=100s limit=120s
[40/52] id=17680 tag=1dec5e31fe running elapsed=110s limit=120s
[40/52] id=17680 tag=1dec5e31fe running elapsed=120s limit=120s
[40/52] id=17680 tag=1dec5e31fe done status=timeout L=- sec=120.11
[41/52] id=17720 tag=627c4af480 start width=16
[41/52] id=17720 tag=627c4af480 running elapsed=10s limit=120s
[41/52] id=17720 tag=627c4af480 running elapsed=20s limit=120s
[41/52] id=17720 tag=627c4af480 running elapsed=30s limit=120s
[41/52] id=17720 tag=627c4af480 running elapsed=40s limit=120s
[41/52] id=17720 tag=627c4af480 running elapsed=50s limit=120s
[41/52] id=17720 tag=627c4af480 running elapsed=60s limit=120s
[41/52] id=17720 tag=627c4af480 running elapsed=70s limit=120s
[41/52] id=17720 tag=627c4af480 running elapsed=80s limit=120s
[41/52] id=17720 tag=627c4af480 running elapsed=90s limit=120s
[41/52] id=17720 tag=627c4af480 running elapsed=100s limit=120s
[41/52] id=17720 tag=627c4af480 running elapsed=110s limit=120s
[41/52] id=17720 tag=627c4af480 running elapsed=120s limit=120s
[41/52] id=17720 tag=627c4af480 done status=timeout L=- sec=120.26
[42/52] id=17730 tag=c77c2de7b0 start width=16
[42/52] id=17730 tag=c77c2de7b0 running elapsed=10s limit=120s
[42/52] id=17730 tag=c77c2de7b0 running elapsed=20s limit=120s
[42/52] id=17730 tag=c77c2de7b0 running elapsed=30s limit=120s
[42/52] id=17730 tag=c77c2de7b0 running elapsed=40s limit=120s
[42/52] id=17730 tag=c77c2de7b0 running elapsed=50s limit=120s
[42/52] id=17730 tag=c77c2de7b0 running elapsed=60s limit=120s
[42/52] id=17730 tag=c77c2de7b0 running elapsed=70s limit=120s
[42/52] id=17730 tag=c77c2de7b0 done status=optimal L=42 sec=77.18
[43/52] id=22600 tag=88831e2f85 start width=16
[43/52] id=22600 tag=88831e2f85 running elapsed=10s limit=120s
[43/52] id=22600 tag=88831e2f85 running elapsed=20s limit=120s
[43/52] id=22600 tag=88831e2f85 done status=optimal L=34 sec=30.00
[44/52] id=22660 tag=c7344b7ef1 start width=16
[44/52] id=22660 tag=c7344b7ef1 running elapsed=10s limit=120s
[44/52] id=22660 tag=c7344b7ef1 running elapsed=20s limit=120s
[44/52] id=22660 tag=c7344b7ef1 running elapsed=30s limit=120s
[44/52] id=22660 tag=c7344b7ef1 running elapsed=40s limit=120s
[44/52] id=22660 tag=c7344b7ef1 running elapsed=50s limit=120s
[44/52] id=22660 tag=c7344b7ef1 running elapsed=60s limit=120s
[44/52] id=22660 tag=c7344b7ef1 done status=optimal L=38 sec=69.83
[45/52] id=23660 tag=a984d7512b start width=16
[45/52] id=23660 tag=a984d7512b running elapsed=10s limit=120s
[45/52] id=23660 tag=a984d7512b running elapsed=20s limit=120s
[45/52] id=23660 tag=a984d7512b running elapsed=30s limit=120s
[45/52] id=23660 tag=a984d7512b done status=optimal L=40 sec=35.32
[46/52] id=26180 tag=7aa778ab2c start width=16
[46/52] id=26180 tag=7aa778ab2c running elapsed=10s limit=120s
[46/52] id=26180 tag=7aa778ab2c running elapsed=20s limit=120s
[46/52] id=26180 tag=7aa778ab2c running elapsed=30s limit=120s
[46/52] id=26180 tag=7aa778ab2c running elapsed=40s limit=120s
[46/52] id=26180 tag=7aa778ab2c running elapsed=50s limit=120s
[46/52] id=26180 tag=7aa778ab2c running elapsed=60s limit=120s
[46/52] id=26180 tag=7aa778ab2c running elapsed=70s limit=120s
[46/52] id=26180 tag=7aa778ab2c done status=optimal L=26 sec=71.50
[47/52] id=28900 tag=69c3b6e03f start width=16
[47/52] id=28900 tag=69c3b6e03f running elapsed=10s limit=120s
[47/52] id=28900 tag=69c3b6e03f running elapsed=20s limit=120s
[47/52] id=28900 tag=69c3b6e03f running elapsed=30s limit=120s
[47/52] id=28900 tag=69c3b6e03f running elapsed=40s limit=120s
[47/52] id=28900 tag=69c3b6e03f running elapsed=50s limit=120s
[47/52] id=28900 tag=69c3b6e03f running elapsed=60s limit=120s
[47/52] id=28900 tag=69c3b6e03f running elapsed=70s limit=120s
[47/52] id=28900 tag=69c3b6e03f done status=optimal L=38 sec=71.43
[48/52] id=29440 tag=5cdcfe29cd start width=16
[48/52] id=29440 tag=5cdcfe29cd running elapsed=10s limit=120s
[48/52] id=29440 tag=5cdcfe29cd running elapsed=20s limit=120s
[48/52] id=29440 tag=5cdcfe29cd running elapsed=30s limit=120s
[48/52] id=29440 tag=5cdcfe29cd running elapsed=40s limit=120s
[48/52] id=29440 tag=5cdcfe29cd running elapsed=50s limit=120s
[48/52] id=29440 tag=5cdcfe29cd running elapsed=60s limit=120s
[48/52] id=29440 tag=5cdcfe29cd running elapsed=70s limit=120s
[48/52] id=29440 tag=5cdcfe29cd done status=optimal L=44 sec=75.90
[49/52] id=30470 tag=4c449a7342 start width=16
[49/52] id=30470 tag=4c449a7342 running elapsed=10s limit=120s
[49/52] id=30470 tag=4c449a7342 running elapsed=20s limit=120s
[49/52] id=30470 tag=4c449a7342 running elapsed=30s limit=120s
[49/52] id=30470 tag=4c449a7342 running elapsed=40s limit=120s
[49/52] id=30470 tag=4c449a7342 running elapsed=50s limit=120s
[49/52] id=30470 tag=4c449a7342 running elapsed=60s limit=120s
[49/52] id=30470 tag=4c449a7342 running elapsed=70s limit=120s
[49/52] id=30470 tag=4c449a7342 running elapsed=80s limit=120s
[49/52] id=30470 tag=4c449a7342 running elapsed=90s limit=120s
[49/52] id=30470 tag=4c449a7342 running elapsed=100s limit=120s
[49/52] id=30470 tag=4c449a7342 running elapsed=110s limit=120s
[49/52] id=30470 tag=4c449a7342 running elapsed=120s limit=120s
[49/52] id=30470 tag=4c449a7342 done status=timeout L=- sec=120.15
[50/52] id=30560 tag=b9637d0166 start width=16
[50/52] id=30560 tag=b9637d0166 running elapsed=10s limit=120s
[50/52] id=30560 tag=b9637d0166 running elapsed=20s limit=120s
[50/52] id=30560 tag=b9637d0166 running elapsed=30s limit=120s
[50/52] id=30560 tag=b9637d0166 running elapsed=40s limit=120s
[50/52] id=30560 tag=b9637d0166 running elapsed=50s limit=120s
[50/52] id=30560 tag=b9637d0166 running elapsed=60s limit=120s
[50/52] id=30560 tag=b9637d0166 running elapsed=70s limit=120s
[50/52] id=30560 tag=b9637d0166 running elapsed=80s limit=120s
[50/52] id=30560 tag=b9637d0166 running elapsed=90s limit=120s
[50/52] id=30560 tag=b9637d0166 running elapsed=100s limit=120s
[50/52] id=30560 tag=b9637d0166 running elapsed=110s limit=120s
[50/52] id=30560 tag=b9637d0166 running elapsed=120s limit=120s
[50/52] id=30560 tag=b9637d0166 done status=timeout L=- sec=120.19
[51/52] id=30610 tag=c4f6805d16 start width=16
[51/52] id=30610 tag=c4f6805d16 running elapsed=10s limit=120s
[51/52] id=30610 tag=c4f6805d16 running elapsed=20s limit=120s
[51/52] id=30610 tag=c4f6805d16 running elapsed=30s limit=120s
[51/52] id=30610 tag=c4f6805d16 running elapsed=40s limit=120s
[51/52] id=30610 tag=c4f6805d16 running elapsed=50s limit=120s
[51/52] id=30610 tag=c4f6805d16 running elapsed=60s limit=120s
[51/52] id=30610 tag=c4f6805d16 running elapsed=70s limit=120s
[51/52] id=30610 tag=c4f6805d16 running elapsed=80s limit=120s
[51/52] id=30610 tag=c4f6805d16 running elapsed=90s limit=120s
[51/52] id=30610 tag=c4f6805d16 running elapsed=100s limit=120s
[51/52] id=30610 tag=c4f6805d16 running elapsed=110s limit=120s
[51/52] id=30610 tag=c4f6805d16 running elapsed=120s limit=120s
[51/52] id=30610 tag=c4f6805d16 done status=timeout L=- sec=120.16
[52/52] id=31870 tag=31d5d6a127 start width=16
[52/52] id=31870 tag=31d5d6a127 running elapsed=10s limit=120s
[52/52] id=31870 tag=31d5d6a127 running elapsed=20s limit=120s
[52/52] id=31870 tag=31d5d6a127 running elapsed=30s limit=120s
[52/52] id=31870 tag=31d5d6a127 running elapsed=40s limit=120s
[52/52] id=31870 tag=31d5d6a127 running elapsed=50s limit=120s
[52/52] id=31870 tag=31d5d6a127 running elapsed=60s limit=120s
[52/52] id=31870 tag=31d5d6a127 running elapsed=70s limit=120s
[52/52] id=31870 tag=31d5d6a127 running elapsed=80s limit=120s
[52/52] id=31870 tag=31d5d6a127 running elapsed=90s limit=120s
[52/52] id=31870 tag=31d5d6a127 running elapsed=100s limit=120s
[52/52] id=31870 tag=31d5d6a127 running elapsed=110s limit=120s
[52/52] id=31870 tag=31d5d6a127 running elapsed=120s limit=120s
[52/52] id=31870 tag=31d5d6a127 done status=timeout L=- sec=120.13
[done] shard=00 completed=52
