[start] mode=push shard=09/10 jobs=47
[1/47] id=1509 tag=e9f21791a2 start width=8
[1/47] id=1509 tag=e9f21791a2 running elapsed=10s limit=120s
[1/47] id=1509 tag=e9f21791a2 running elapsed=20s limit=120s
[1/47] id=1509 tag=e9f21791a2 running elapsed=30s limit=120s
[1/47] id=1509 tag=e9f21791a2 running elapsed=40s limit=120s
[1/47] id=1509 tag=e9f21791a2 running elapsed=50s limit=120s
[1/47] id=1509 tag=e9f21791a2 running elapsed=60s limit=120s
[1/47] id=1509 tag=e9f21791a2 running elapsed=70s limit=120s
[1/47] id=1509 tag=e9f21791a2 running elapsed=80s limit=120s
[1/47] id=1509 tag=e9f21791a2 running elapsed=90s limit=120s
[1/47] id=1509 tag=e9f21791a2 running elapsed=100s limit=120s
[1/47] id=1509 tag=e9f21791a2 running elapsed=110s limit=120s
[1/47] id=1509 tag=e9f21791a2 running elapsed=120s limit=120s
[1/47] id=1509 tag=e9f21791a2 done status=timeout L=- sec=120.04
[2/47] id=1569 tag=caa9c631ff start width=8
[2/47] id=1569 tag=caa9c631ff running elapsed=10s limit=120s
[2/47] id=1569 tag=caa9c631ff running elapsed=20s limit=120s
[2/47] id=1569 tag=caa9c631ff running elapsed=30s limit=120s
[2/47] id=1569 tag=caa9c631ff running elapsed=40s limit=120s
[2/47] id=1569 tag=caa9c631ff running elapsed=50s limit=120s
[2/47] id=1569 tag=caa9c631ff running elapsed=60s limit=120s
[2/47] id=1569 tag=caa9c631ff running elapsed=70s limit=120s
[2/47] id=1569 tag=caa9c631ff running elapsed=80s limit=120s
[2/47] id=1569 tag=caa9c631ff running elapsed=90s limit=120s
[2/47] id=1569 tag=caa9c631ff running elapsed=100s limit=120s
[2/47] id=1569 tag=caa9c631ff running elapsed=110s limit=120s
[2/47] id=1569 tag=caa9c631ff running elapsed=120s limit=120s
[2/47] id=1569 tag=caa9c631ff done status=timeout L=- sec=120.06
[3/47] id=1809 tag=7fc470d864 start width=8
[3/47] id=1809 tag=7fc470d864 running elapsed=10s limit=120s
[3/47] id=1809 tag=7fc470d864 running elapsed=20s limit=120s
[3/47] id=1809 tag=7fc470d864 running elapsed=30s limit=120s
[3/47] id=1809 tag=7fc470d864 running elapsed=40s limit=120s
[3/47] id=1809 tag=7fc470d864 running elapsed=50s limit=120s
[3/47] id=1809 tag=7fc470d864 running elapsed=60s limit=120s
[3/47] id=1809 tag=7fc470d864 running elapsed=70s limit=120s
[3/47] id=1809 tag=7fc470d864 done status=infeasible L=- sec=75.50
[4/47] id=2019 tag=946a8ee37d start width=8
[4/47] id=2019 tag=946a8ee37d running elapsed=10s limit=120s
[4/47] id=2019 tag=946a8ee37d running elapsed=20s limit=120s
[4/47] id=2019 tag=946a8ee37d running elapsed=30s limit=120s
[4/47] id=2019 tag=946a8ee37d running elapsed=40s limit=120s
[4/47] id=2019 tag=946a8ee37d running elapsed=50s limit=120s
[4/47] id=2019 tag=946a8ee37d running elapsed=60s limit=120s
[4/47] id=2019 tag=946a8ee37d running elapsed=70s limit=120s
[4/47] id=2019 tag=946a8ee37d running elapsed=80s limit=120s
[4/47] id=2019 tag=946a8ee37d running elapsed=90s limit=120s
[4/47] id=2019 tag=946a8ee37d running elapsed=100s limit=120s
[4/47] id=2019 tag=946a8ee37d running elapsed=110s limit=120s
[4/47] id=2019 tag=946a8ee37d done status=infeasible L=- sec=118.99
[5/47] id=2049 tag=e7720c1011 start width=8
[5/47] id=2049 tag=e7720c1011 running elapsed=10s limit=120s
[5/47] id=2049 tag=e7720c1011 running elapsed=20s limit=120s
[5/47] id=2049 tag=e7720c1011 running elapsed=30s limit=120s
[5/47] id=2049 tag=e7720c1011 running elapsed=40s limit=120s
[5/47] id=2049 tag=e7720c1011 running elapsed=50s limit=120s
[5/47] id=2049 tag=e7720c1011 running elapsed=60s limit=120s
[5/47] id=2049 tag=e7720c1011 running elapsed=70s limit=120s
[5/47] id=2049 tag=e7720c1011 running elapsed=80s limit=120s
[5/47] id=2049 tag=e7720c1011 running elapsed=90s limit=120s
[5/47] id=2049 tag=e7720c1011 running elapsed=100s limit=120s
[5/47] id=2049 tag=e7720c1011 done status=infeasible L=- sec=109.65
[6/47] id=2679 tag=4801a56ab0 start width=8
[6/47] id=2679 tag=4801a56ab0 running elapsed=10s limit=120s
[6/47] id=2679 tag=4801a56ab0 running elapsed=20s limit=120s
[6/47] id=2679 tag=4801a56ab0 running elapsed=30s limit=120s
[6/47] id=2679 tag=4801a56ab0 running elapsed=40s limit=120s
[6/47] id=2679 tag=4801a56ab0 running elapsed=50s limit=120s
[6/47] id=2679 tag=4801a56ab0 running elapsed=60s limit=120s
[6/47] id=2679 tag=4801a56ab0 running elapsed=70s limit=120s
[6/47] id=2679 tag=4801a56ab0 running elapsed=80s limit=120s
[6/47] id=2679 tag=4801a56ab0 running elapsed=90s limit=120s
[6/47] id=2679 tag=4801a56ab0 running elapsed=100s limit=120s
[6/47] id=2679 tag=4801a56ab0 running elapsed=110s limit=120s
[6/47] id=2679 tag=4801a56ab0 running elapsed=120s limit=120s
[6/47] id=2679 tag=4801a56ab0 done status=timeout L=- sec=120.05
[7/47] id=2789 tag=9248b8b853 start width=8
[7/47] id=2789 tag=9248b8b853 running elapsed=10s limit=120s
[7/47] id=2789 tag=9248b8b853 running elapsed=20s limit=120s
[7/47] id=2789 tag=9248b8b853 running elapsed=30s limit=120s
[7/47] id=2789 tag=9248b8b853 running elapsed=40s limit=120s
[7/47] id=2789 tag=9248b8b853 running elapsed=50s limit=120s
[7/47] id=2789 tag=9248b8b853 running elapsed=60s limit=120s
[7/47] id=2789 tag=9248b8b853 running elapsed=70s limit=120s
[7/47] id=2789 tag=9248b8b853 running elapsed=80s limit=120s
[7/47] id=2789 tag=9248b8b853 done status=infeasible L=- sec=84.42
[8/47] id=2849 tag=28eb4ac5bc start width=8
[8/47] id=2849 tag=28eb4ac5bc running elapsed=10s limit=120s
[8/47] id=2849 tag=28eb4ac5bc running elapsed=20s limit=120s
[8/47] id=2849 tag=28eb4ac5bc running elapsed=30s limit=120s
[8/47] id=2849 tag=28eb4ac5bc running elapsed=40s limit=120s
[8/47] id=2849 tag=28eb4ac5bc running elapsed=50s limit=120s
[8/47] id=2849 tag=28eb4ac5bc running elapsed=60s limit=120s
[8/47] id=2849 tag=28eb4ac5bc running elapsed=70s limit=120s
[8/47] id=2849 tag=28eb4ac5bc running elapsed=80s limit=120s
[8/47] id=2849 tag=28eb4ac5bc running elapsed=90s limit=120s
[8/47] id=2849 tag=28eb4ac5bc running elapsed=100s limit=120s
[8/47] id=2849 tag=28eb4ac5bc running elapsed=110s limit=120s
[8/47] id=2849 tag=28eb4ac5bc running elapsed=120s limit=120s
[8/47] id=2849 tag=28eb4ac5bc done status=timeout L=- sec=120.12
[9/47] id=2939 tag=a370a5253b start width=8
[9/47] id=2939 tag=a370a5253b running elapsed=10s limit=120s
[9/47] id=2939 tag=a370a5253b running elapsed=20s limit=120s
[9/47] id=2939 tag=a370a5253b running elapsed=30s limit=120s
[9/47] id=2939 tag=a370a5253b running elapsed=40s limit=120s
[9/47] id=2939 tag=a370a5253b running elapsed=50s limit=120s
[9/47] id=2939 tag=a370a5253b running elapsed=60s limit=120s
[9/47] id=2939 tag=a370a5253b running elapsed=70s limit=120s
[9/47] id=2939 tag=a370a5253b running elapsed=80s limit=120s
[9/47] id=2939 tag=a370a5253b running elapsed=90s limit=120s
[9/47] id=2939 tag=a370a5253b running elapsed=100s limit=120s
[9/47] id=2939 tag=a370a5253b done status=infeasible L=- sec=103.47
[10/47] id=3119 tag=e6ffdd6795 start width=8
[10/47] id=3119 tag=e6ffdd6795 running elapsed=10s limit=120s
[10/47] id=3119 tag=e6ffdd6795 running elapsed=20s limit=120s
[10/47] id=3119 tag=e6ffdd6795 running elapsed=30s limit=120s
[10/47] id=3119 tag=e6ffdd6795 running elapsed=40s limit=120s
[10/47] id=3119 tag=e6ffdd6795 done status=infeasible L=- sec=48.47
[11/47] id=3269 tag=ec3b2bed40 start width=8
[11/47] id=3269 tag=ec3b2bed40 running elapsed=10s limit=120s
[11/47] id=3269 tag=ec3b2bed40 running elapsed=20s limit=120s
[11/47] id=3269 tag=ec3b2bed40 running elapsed=30s limit=120s
[11/47] id=3269 tag=ec3b2bed40 running elapsed=40s limit=120s
[11/47] id=3269 tag=ec3b2bed40 running elapsed=50s limit=120s
[11/47] id=3269 tag=ec3b2bed40 done status=infeasible L=- sec=51.04
[12/47] id=3349 tag=e79834b529 start width=8
[12/47] id=3349 tag=e79834b529 running elapsed=10s limit=120s
[12/47] id=3349 tag=e79834b529 running elapsed=20s limit=120s
[12/47] id=3349 tag=e79834b529 running elapsed=30s limit=120s
[12/47] id=3349 tag=e79834b529 running elapsed=40s limit=120s
[12/47] id=3349 tag=e79834b529 running elapsed=50s limit=120s
[12/47] id=3349 tag=e79834b529 running elapsed=60s limit=120s
[12/47] id=3349 tag=e79834b529 running elapsed=70s limit=120s
[12/47] id=3349 tag=e79834b529 running elapsed=80s limit=120s
[12/47] id=3349 tag=e79834b529 done status=infeasible L=- sec=86.94
[13/47] id=3489 tag=8d9f083cde start width=8
[13/47] id=3489 tag=8d9f083cde running elapsed=10s limit=120s
[13/47] id=3489 tag=8d9f083cde running elapsed=20s limit=120s
[13/47] id=3489 tag=8d9f083cde running elapsed=30s limit=120s
[13/47] id=3489 tag=8d9f083cde running elapsed=40s limit=120s
[13/47] id=3489 tag=8d9f083cde running elapsed=50s limit=120s
[13/47] id=3489 tag=8d9f083cde running elapsed=60s limit=120s
[13/47] id=3489 tag=8d9f083cde running elapsed=70s limit=120s
[13/47] id=3489 tag=8d9f083cde running elapsed=80s limit=120s
[13/47] id=3489 tag=8d9f083cde done status=infeasible L=- sec=86.24
[14/47] id=3619 tag=45c428ce16 start width=8
[14/47] id=3619 tag=45c428ce16 running elapsed=10s limit=120s
[14/47] id=3619 tag=45c428ce16 running elapsed=20s limit=120s
[14/47] id=3619 tag=45c428ce16 running elapsed=30s limit=120s
[14/47] id=3619 tag=45c428ce16 running elapsed=40s limit=120s
[14/47] id=3619 tag=45c428ce16 running elapsed=50s limit=120s
[14/47] id=3619 tag=45c428ce16 running elapsed=60s limit=120s
[14/47] id=3619 tag=45c428ce16 running elapsed=70s limit=120s
[14/47] id=3619 tag=45c428ce16 running elapsed=80s limit=120s
[14/47] id=3619 tag=45c428ce16 running elapsed=90s limit=120s
[14/47] id=3619 tag=45c428ce16 running elapsed=100s limit=120s
[14/47] id=3619 tag=45c428ce16 done status=infeasible L=- sec=102.86
[15/47] id=3629 tag=b1399562a4 start width=8
[15/47] id=3629 tag=b1399562a4 running elapsed=10s limit=120s
[15/47] id=3629 tag=b1399562a4 running elapsed=20s limit=120s
[15/47] id=3629 tag=b1399562a4 running elapsed=30s limit=120s
[15/47] id=3629 tag=b1399562a4 running elapsed=40s limit=120s
[15/47] id=3629 tag=b1399562a4 running elapsed=50s limit=120s
[15/47] id=3629 tag=b1399562a4 running elapsed=60s limit=120s
[15/47] id=3629 tag=b1399562a4 running elapsed=70s limit=120s
[15/47] id=3629 tag=b1399562a4 running elapsed=80s limit=120s
[15/47] id=3629 tag=b1399562a4 running elapsed=90s limit=120s
[15/47] id=3629 tag=b1399562a4 running elapsed=100s limit=120s
[15/47] id=3629 tag=b1399562a4 done status=infeasible L=- sec=106.85
[16/47] id=6619 tag=b57b9091e8 start width=8
[16/47] id=6619 tag=b57b9091e8 running elapsed=10s limit=120s
[16/47] id=6619 tag=b57b9091e8 running elapsed=20s limit=120s
[16/47] id=6619 tag=b57b9091e8 running elapsed=30s limit=120s
[16/47] id=6619 tag=b57b9091e8 running elapsed=40s limit=120s
[16/47] id=6619 tag=b57b9091e8 running elapsed=50s limit=120s
[16/47] id=6619 tag=b57b9091e8 running elapsed=60s limit=120s
[16/47] id=6619 tag=b57b9091e8 running elapsed=70s limit=120s
[16/47] id=6619 tag=b57b9091e8 running elapsed=80s limit=120s
[16/47] id=6619 tag=b57b9091e8 running elapsed=90s limit=120s
[16/47] id=6619 tag=b57b9091e8 running elapsed=100s limit=120s
[16/47] id=6619 tag=b57b9091e8 running elapsed=110s limit=120s
[16/47] id=6619 tag=b57b9091e8 running elapsed=120s limit=120s
[16/47] id=6619 tag=b57b9091e8 done status=timeout L=- sec=120.10
[17/47] id=6629 tag=ac96b1b5d1 start width=8
[17/47] id=6629 tag=ac96b1b5d1 running elapsed=10s limit=120s
[17/47] id=6629 tag=ac96b1b5d1 running elapsed=20s limit=120s
[17/47] id=6629 tag=ac96b1b5d1 running elapsed=30s limit=120s
[17/47] id=6629 tag=ac96b1b5d1 running elapsed=40s limit=120s
[17/47] id=6629 tag=ac96b1b5d1 running elapsed=50s limit=120s
[17/47] id=6629 tag=ac96b1b5d1 running elapsed=60s limit=120s
[17/47] id=6629 tag=ac96b1b5d1 running elapsed=70s limit=120s
[17/47] id=6629 tag=ac96b1b5d1 running elapsed=80s limit=120s
[17/47] id=6629 tag=ac96b1b5d1 done status=infeasible L=- sec=89.80
[18/47] id=6979 tag=aa2c9a01ca start width=8
[18/47] id=6979 tag=aa2c9a01ca running elapsed=10s limit=120s
[18/47] id=6979 tag=aa2c9a01ca running elapsed=20s limit=120s
[18/47] id=6979 tag=aa2c9a01ca running elapsed=30s limit=120s
[18/47] id=6979 tag=aa2c9a01ca running elapsed=40s limit=120s
[18/47] id=6979 tag=aa2c9a01ca running elapsed=50s limit=120s
[18/47] id=6979 tag=aa2c9a01ca running elapsed=60s limit=120s
[18/47] id=6979 tag=aa2c9a01ca running elapsed=70s limit=120s
[18/47] id=6979 tag=aa2c9a01ca running elapsed=80s limit=120s
[18/47] id=6979 tag=aa2c9a01ca running elapsed=90s limit=120s
[18/47] id=6979 tag=aa2c9a01ca running elapsed=100s limit=120s
[18/47] id=6979 tag=aa2c9a01ca running elapsed=110s limit=120s
[18/47] id=6979 tag=aa2c9a01ca running elapsed=120s limit=120s
[18/47] id=6979 tag=aa2c9a01ca done status=timeout L=- sec=120.05
[19/47] id=7709 tag=5b5ea2dd5f start width=8
[19/47] id=7709 tag=5b5ea2dd5f running elapsed=10s limit=120s
[19/47] id=7709 tag=5b5ea2dd5f running elapsed=20s limit=120s
[19/47] id=7709 tag=5b5ea2dd5f running elapsed=30s limit=120s
[19/47] id=7709 tag=5b5ea2dd5f running elapsed=40s limit=120s
[19/47] id=7709 tag=5b5ea2dd5f running elapsed=50s limit=120s
[19/47] id=7709 tag=5b5ea2dd5f running elapsed=60s limit=120s
[19/47] id=7709 tag=5b5ea2dd5f running elapsed=70s limit=120s
[19/47] id=7709 tag=5b5ea2dd5f running elapsed=80s limit=120s
[19/47] id=7709 tag=5b5ea2dd5f done status=infeasible L=- sec=85.69
[20/47] id=7729 tag=7426e59fe6 start width=8
[20/47] id=7729 tag=7426e59fe6 running elapsed=10s limit=120s
[20/47] id=7729 tag=7426e59fe6 running elapsed=20s limit=120s
[20/47] id=7729 tag=7426e59fe6 running elapsed=30s limit=120s
[20/47] id=7729 tag=7426e59fe6 running elapsed=40s limit=120s
[20/47] id=7729 tag=7426e59fe6 running elapsed=50s limit=120s
[20/47] id=7729 tag=7426e59fe6 running elapsed=60s limit=120s
[20/47] id=7729 tag=7426e59fe6 running elapsed=70s limit=120s
[20/47] id=7729 tag=7426e59fe6 running elapsed=80s limit=120s
[20/47] id=7729 tag=7426e59fe6 running elapsed=90s limit=120s
[20/47] id=7729 tag=7426e59fe6 running elapsed=100s limit=120s
[20/47] id=7729 tag=7426e59fe6 running elapsed=110s limit=120s
[20/47] id=7729 tag=7426e59fe6 done status=infeasible L=- sec=110.25
[21/47] id=7829 tag=2ae94f1ad6 start width=8
[21/47] id=7829 tag=2ae94f1ad6 running elapsed=10s limit=120s
[21/47] id=7829 tag=2ae94f1ad6 running elapsed=20s limit=120s
[21/47] id=7829 tag=2ae94f1ad6 running elapsed=30s limit=120s
[21/47] id=7829 tag=2ae94f1ad6 running elapsed=40s limit=120s
[21/47] id=7829 tag=2ae94f1ad6 running elapsed=50s limit=120s
[21/47] id=7829 tag=2ae94f1ad6 running elapsed=60s limit=120s
[21/47] id=7829 tag=2ae94f1ad6 running elapsed=70s limit=120s
[21/47] id=7829 tag=2ae94f1ad6 running elapsed=80s limit=120s
[21/47] id=7829 tag=2ae94f1ad6 running elapsed=90s limit=120s
[21/47] id=7829 tag=2ae94f1ad6 running elapsed=100s limit=120s
[21/47] id=7829 tag=2ae94f1ad6 running elapsed=110s limit=120s
[21/47] id=7829 tag=2ae94f1ad6 running elapsed=120s limit=120s
[21/47] id=7829 tag=2ae94f1ad6 done status=timeout L=- sec=120.06
[22/47] id=7849 tag=0756803aed start width=8
[22/47] id=7849 tag=0756803aed running elapsed=10s limit=120s
[22/47] id=7849 tag=0756803aed running elapsed=20s limit=120s
[22/47] id=7849 tag=0756803aed running elapsed=30s limit=120s
[22/47] id=7849 tag=0756803aed running elapsed=40s limit=120s
[22/47] id=7849 tag=0756803aed running elapsed=50s limit=120s
[22/47] id=7849 tag=0756803aed running elapsed=60s limit=120s
[22/47] id=7849 tag=0756803aed running elapsed=70s limit=120s
[22/47] id=7849 tag=0756803aed running elapsed=80s limit=120s
[22/47] id=7849 tag=0756803aed done status=infeasible L=- sec=85.98
[23/47] id=8089 tag=36e90f592c start width=8
[23/47] id=8089 tag=36e90f592c running elapsed=10s limit=120s
[23/47] id=8089 tag=36e90f592c running elapsed=20s limit=120s
[23/47] id=8089 tag=36e90f592c running elapsed=30s limit=120s
[23/47] id=8089 tag=36e90f592c running elapsed=40s limit=120s
[23/47] id=8089 tag=36e90f592c running elapsed=50s limit=120s
[23/47] id=8089 tag=36e90f592c running elapsed=60s limit=120s
[23/47] id=8089 tag=36e90f592c running elapsed=70s limit=120s
[23/47] id=8089 tag=36e90f592c running elapsed=80s limit=120s
[23/47] id=8089 tag=36e90f592c running elapsed=90s limit=120s
[23/47] id=8089 tag=36e90f592c running elapsed=100s limit=120s
[23/47] id=8089 tag=36e90f592c running elapsed=110s limit=120s
[23/47] id=8089 tag=36e90f592c running elapsed=120s limit=120s
[23/47] id=8089 tag=36e90f592c done status=timeout L=- sec=120.07
[24/47] id=8389 tag=ed210e07ca start width=8
[24/47] id=8389 tag=ed210e07ca running elapsed=10s limit=120s
[24/47] id=8389 tag=ed210e07ca running elapsed=20s limit=120s
[24/47] id=8389 tag=ed210e07ca running elapsed=30s limit=120s
[24/47] id=8389 tag=ed210e07ca running elapsed=40s limit=120s
[24/47] id=8389 tag=ed210e07ca running elapsed=50s limit=120s
[24/47] id=8389 tag=ed210e07ca done status=infeasible L=- sec=56.31
[25/47] id=9059 tag=ec36376e25 start width=8
[25/47] id=9059 tag=ec36376e25 running elapsed=10s limit=120s
[25/47] id=9059 tag=ec36376e25 running elapsed=20s limit=120s
[25/47] id=9059 tag=ec36376e25 running elapsed=30s limit=120s
[25/47] id=9059 tag=ec36376e25 running elapsed=40s limit=120s
[25/47] id=9059 tag=ec36376e25 running elapsed=50s limit=120s
[25/47] id=9059 tag=ec36376e25 running elapsed=60s limit=120s
[25/47] id=9059 tag=ec36376e25 running elapsed=70s limit=120s
[25/47] id=9059 tag=ec36376e25 running elapsed=80s limit=120s
[25/47] id=9059 tag=ec36376e25 running elapsed=90s limit=120s
[25/47] id=9059 tag=ec36376e25 running elapsed=100s limit=120s
[25/47] id=9059 tag=ec36376e25 running elapsed=110s limit=120s
[25/47] id=9059 tag=ec36376e25 running elapsed=120s limit=120s
[25/47] id=9059 tag=ec36376e25 done status=timeout L=- sec=120.05
[26/47] id=9069 tag=e639aa3f88 start width=8
[26/47] id=9069 tag=e639aa3f88 running elapsed=10s limit=120s
[26/47] id=9069 tag=e639aa3f88 running elapsed=20s limit=120s
[26/47] id=9069 tag=e639aa3f88 running elapsed=30s limit=120s
[26/47] id=9069 tag=e639aa3f88 running elapsed=40s limit=120s
[26/47] id=9069 tag=e639aa3f88 running elapsed=50s limit=120s
[26/47] id=9069 tag=e639aa3f88 running elapsed=60s limit=120s
[26/47] id=9069 tag=e639aa3f88 running elapsed=70s limit=120s
[26/47] id=9069 tag=e639aa3f88 running elapsed=80s limit=120s
[26/47] id=9069 tag=e639aa3f88 running elapsed=90s limit=120s
[26/47] id=9069 tag=e639aa3f88 running elapsed=100s limit=120s
[26/47] id=9069 tag=e639aa3f88 running elapsed=110s limit=120s
[26/47] id=9069 tag=e639aa3f88 running elapsed=120s limit=120s
[26/47] id=9069 tag=e639aa3f88 done status=timeout L=- sec=120.15
[27/47] id=9599 tag=8fb8f050ab start width=8
[27/47] id=9599 tag=8fb8f050ab running elapsed=10s limit=120s
[27/47] id=9599 tag=8fb8f050ab running elapsed=20s limit=120s
[27/47] id=9599 tag=8fb8f050ab running elapsed=30s limit=120s
[27/47] id=9599 tag=8fb8f050ab running elapsed=40s limit=120s
[27/47] id=9599 tag=8fb8f050ab running elapsed=50s limit=120s
[27/47] id=9599 tag=8fb8f050ab running elapsed=60s limit=120s
[27/47] id=9599 tag=8fb8f050ab done status=infeasible L=- sec=66.24
[28/47] id=10679 tag=13f2d836d1 start width=8
[28/47] id=10679 tag=13f2d836d1 running elapsed=10s limit=120s
[28/47] id=10679 tag=13f2d836d1 running elapsed=20s limit=120s
[28/47] id=10679 tag=13f2d836d1 running elapsed=30s limit=120s
[28/47] id=10679 tag=13f2d836d1 running elapsed=40s limit=120s
[28/47] id=10679 tag=13f2d836d1 running elapsed=50s limit=120s
[28/47] id=10679 tag=13f2d836d1 running elapsed=60s limit=120s
[28/47] id=10679 tag=13f2d836d1 running elapsed=70s limit=120s
[28/47] id=10679 tag=13f2d836d1 running elapsed=80s limit=120s
[28/47] id=10679 tag=13f2d836d1 running elapsed=90s limit=120s
[28/47] id=10679 tag=13f2d836d1 running elapsed=100s limit=120s
[28/47] id=10679 tag=13f2d836d1 running elapsed=110s limit=120s
[28/47] id=10679 tag=13f2d836d1 running elapsed=120s limit=120s
[28/47] id=10679 tag=13f2d836d1 done status=timeout L=- sec=120.07
[29/47] id=11319 tag=0c740bb526 start width=8
[29/47] id=11319 tag=0c740bb526 running elapsed=10s limit=120s
[29/47] id=11319 tag=0c740bb526 running elapsed=20s limit=120s
[29/47] id=11319 tag=0c740bb526 running elapsed=30s limit=120s
[29/47] id=11319 tag=0c740bb526 running elapsed=40s limit=120s
[29/47] id=11319 tag=0c740bb526 done status=optimal L=48 sec=42.13
[30/47] id=11329 tag=0f07f315b0 start width=8
[30/47] id=11329 tag=0f07f315b0 running elapsed=10s limit=120s
[30/47] id=11329 tag=0f07f315b0 running elapsed=20s limit=120s
[30/47] id=11329 tag=0f07f315b0 done status=optimal L=46 sec=29.89
[31/47] id=12969 tag=ef8755edaf start width=8
[31/47] id=12969 tag=ef8755edaf running elapsed=10s limit=120s
[31/47] id=12969 tag=ef8755edaf running elapsed=20s limit=120s
[31/47] id=12969 tag=ef8755edaf running elapsed=30s limit=120s
[31/47] id=12969 tag=ef8755edaf running elapsed=40s limit=120s
[31/47] id=12969 tag=ef8755edaf running elapsed=50s limit=120s
[31/47] id=12969 tag=ef8755edaf running elapsed=60s limit=120s
[31/47] id=12969 tag=ef8755edaf running elapsed=70s limit=120s
[31/47] id=12969 tag=ef8755edaf running elapsed=80s limit=120s
[31/47] id=12969 tag=ef8755edaf running elapsed=90s limit=120s
[31/47] id=12969 tag=ef8755edaf running elapsed=100s limit=120s
[31/47] id=12969 tag=ef8755edaf done status=infeasible L=- sec=109.79
[32/47] id=13399 tag=ffb7e3d156 start width=8
[32/47] id=13399 tag=ffb7e3d156 running elapsed=10s limit=120s
[32/47] id=13399 tag=ffb7e3d156 running elapsed=20s limit=120s
[32/47] id=13399 tag=ffb7e3d156 running elapsed=30s limit=120s
[32/47] id=13399 tag=ffb7e3d156 running elapsed=40s limit=120s
[32/47] id=13399 tag=ffb7e3d156 running elapsed=50s limit=120s
[32/47] id=13399 tag=ffb7e3d156 running elapsed=60s limit=120s
[32/47] id=13399 tag=ffb7e3d156 done status=infeasible L=- sec=62.81
[33/47] id=13969 tag=dc728dfd0a start width=8
[33/47] id=13969 tag=dc728dfd0a running elapsed=10s limit=120s
[33/47] id=13969 tag=dc728dfd0a running elapsed=20s limit=120s
[33/47] id=13969 tag=dc728dfd0a running elapsed=30s limit=120s
[33/47] id=13969 tag=dc728dfd0a running elapsed=40s limit=120s
[33/47] id=13969 tag=dc728dfd0a running elapsed=50s limit=120s
[33/47] id=13969 tag=dc728dfd0a running elapsed=60s limit=120s
[33/47] id=13969 tag=dc728dfd0a running elapsed=70s limit=120s
[33/47] id=13969 tag=dc728dfd0a running elapsed=80s limit=120s
[33/47] id=13969 tag=dc728dfd0a running elapsed=90s limit=120s
[33/47] id=13969 tag=dc728dfd0a running elapsed=100s limit=120s
[33/47] id=13969 tag=dc728dfd0a running elapsed=110s limit=120s
[33/47] id=13969 tag=dc728dfd0a running elapsed=120s limit=120s
[33/47] id=13969 tag=dc728dfd0a done status=timeout L=- sec=120.04
[34/47] id=14159 tag=9191669170 start width=8
[34/47] id=14159 tag=9191669170 running elapsed=10s limit=120s
[34/47] id=14159 tag=9191669170 running elapsed=20s limit=120s
[34/47] id=14159 tag=9191669170 running elapsed=30s limit=120s
[34/47] id=14159 tag=9191669170 running elapsed=40s limit=120s
[34/47] id=14159 tag=9191669170 running elapsed=50s limit=120s
[34/47] id=14159 tag=9191669170 running elapsed=60s limit=120s
[34/47] id=14159 tag=9191669170 running elapsed=70s limit=120s
[34/47] id=14159 tag=9191669170 running elapsed=80s limit=120s
[34/47] id=14159 tag=9191669170 done status=infeasible L=- sec=88.62
[35/47] id=14379 tag=eb730aa225 start width=8
[35/47] id=14379 tag=eb730aa225 running elapsed=10s limit=120s
[35/47] id=14379 tag=eb730aa225 running elapsed=20s limit=120s
[35/47] id=14379 tag=eb730aa225 running elapsed=30s limit=120s
[35/47] id=14379 tag=eb730aa225 running elapsed=40s limit=120s
[35/47] id=14379 tag=eb730aa225 done status=infeasible L=- sec=45.82
[36/47] id=14409 tag=5d9fea1829 start width=8
[36/47] id=14409 tag=5d9fea1829 running elapsed=10s limit=120s
[36/47] id=14409 tag=5d9fea1829 running elapsed=20s limit=120s
[36/47] id=14409 tag=5d9fea1829 running elapsed=30s limit=120s
[36/47] id=14409 tag=5d9fea1829 running elapsed=40s limit=120s
[36/47] id=14409 tag=5d9fea1829 running elapsed=50s limit=120s
[36/47] id=14409 tag=5d9fea1829 running elapsed=60s limit=120s
[36/47] id=14409 tag=5d9fea1829 running elapsed=70s limit=120s
[36/47] id=14409 tag=5d9fea1829 running elapsed=80s limit=120s
[36/47] id=14409 tag=5d9fea1829 done status=infeasible L=- sec=88.75
[37/47] id=14439 tag=9b79f4da8c start width=8
[37/47] id=14439 tag=9b79f4da8c running elapsed=10s limit=120s
[37/47] id=14439 tag=9b79f4da8c running elapsed=20s limit=120s
[37/47] id=14439 tag=9b79f4da8c running elapsed=30s limit=120s
[37/47] id=14439 tag=9b79f4da8c done status=infeasible L=- sec=31.79
[38/47] id=14479 tag=eec87e3404 start width=8
[38/47] id=14479 tag=eec87e3404 running elapsed=10s limit=120s
[38/47] id=14479 tag=eec87e3404 running elapsed=20s limit=120s
[38/47] id=14479 tag=eec87e3404 running elapsed=30s limit=120s
[38/47] id=14479 tag=eec87e3404 running elapsed=40s limit=120s
[38/47] id=14479 tag=eec87e3404 running elapsed=50s limit=120s
[38/47] id=14479 tag=eec87e3404 running elapsed=60s limit=120s
[38/47] id=14479 tag=eec87e3404 running elapsed=70s limit=120s
[38/47] id=14479 tag=eec87e3404 running elapsed=80s limit=120s
[38/47] id=14479 tag=eec87e3404 running elapsed=90s limit=120s
[38/47] id=14479 tag=eec87e3404 running elapsed=100s limit=120s
[38/47] id=14479 tag=eec87e3404 running elapsed=110s limit=120s
[38/47] id=14479 tag=eec87e3404 running elapsed=120s limit=120s
[38/47] id=14479 tag=eec87e3404 done status=timeout L=- sec=120.05
[39/47] id=14539 tag=2b1185ba3e start width=8
[39/47] id=14539 tag=2b1185ba3e running elapsed=10s limit=120s
[39/47] id=14539 tag=2b1185ba3e running elapsed=20s limit=120s
[39/47] id=14539 tag=2b1185ba3e running elapsed=30s limit=120s
[39/47] id=14539 tag=2b1185ba3e running elapsed=40s limit=120s
[39/47] id=14539 tag=2b1185ba3e running elapsed=50s limit=120s
[39/47] id=14539 tag=2b1185ba3e running elapsed=60s limit=120s
[39/47] id=14539 tag=2b1185ba3e running elapsed=70s limit=120s
[39/47] id=14539 tag=2b1185ba3e running elapsed=80s limit=120s
[39/47] id=14539 tag=2b1185ba3e running elapsed=90s limit=120s
[39/47] id=14539 tag=2b1185ba3e running elapsed=100s limit=120s
[39/47] id=14539 tag=2b1185ba3e done status=infeasible L=- sec=101.90
[40/47] id=15179 tag=5768060d56 start width=8
[40/47] id=15179 tag=5768060d56 running elapsed=10s limit=120s
[40/47] id=15179 tag=5768060d56 running elapsed=20s limit=120s
[40/47] id=15179 tag=5768060d56 running elapsed=30s limit=120s
[40/47] id=15179 tag=5768060d56 running elapsed=40s limit=120s
[40/47] id=15179 tag=5768060d56 running elapsed=50s limit=120s
[40/47] id=15179 tag=5768060d56 running elapsed=60s limit=120s
[40/47] id=15179 tag=5768060d56 running elapsed=70s limit=120s
[40/47] id=15179 tag=5768060d56 running elapsed=80s limit=120s
[40/47] id=15179 tag=5768060d56 running elapsed=90s limit=120s
[40/47] id=15179 tag=5768060d56 done status=infeasible L=- sec=95.69
[41/47] id=15519 tag=f64ad50699 start width=8
[41/47] id=15519 tag=f64ad50699 running elapsed=10s limit=120s
[41/47] id=15519 tag=f64ad50699 running elapsed=20s limit=120s
[41/47] id=15519 tag=f64ad50699 running elapsed=30s limit=120s
[41/47] id=15519 tag=f64ad50699 running elapsed=40s limit=120s
[41/47] id=15519 tag=f64ad50699 running elapsed=50s limit=120s
[41/47] id=15519 tag=f64ad50699 running elapsed=60s limit=120s
[41/47] id=15519 tag=f64ad50699 running elapsed=70s limit=120s
[41/47] id=15519 tag=f64ad50699 running elapsed=80s limit=120s
[41/47] id=15519 tag=f64ad50699 running elapsed=90s limit=120s
[41/47] id=15519 tag=f64ad50699 running elapsed=100s limit=120s
[41/47] id=15519 tag=f64ad50699 running elapsed=110s limit=120s
[41/47] id=15519 tag=f64ad50699 running elapsed=120s limit=120s
[41/47] id=15519 tag=f64ad50699 done status=timeout L=- sec=120.09
[42/47] id=17729 tag=53df3292f9 start width=16
[42/47] id=17729 tag=53df3292f9 running elapsed=10s limit=120s
[42/47] id=17729 tag=53df3292f9 running elapsed=20s limit=120s
[42/47] id=17729 tag=53df3292f9 running elapsed=30s limit=120s
[42/47] id=17729 tag=53df3292f9 running elapsed=40s limit=120s
[42/47] id=17729 tag=53df3292f9 running elapsed=50s limit=120s
[42/47] id=17729 tag=53df3292f9 running elapsed=60s limit=120s
[42/47] id=17729 tag=53df3292f9 running elapsed=70s limit=120s
[42/47] id=17729 tag=53df3292f9 running elapsed=80s limit=120s
[42/47] id=17729 tag=53df3292f9 running elapsed=90s limit=120s
[42/47] id=17729 tag=53df3292f9 running elapsed=100s limit=120s
[42/47] id=17729 tag=53df3292f9 running elapsed=110s limit=120s
[42/47] id=17729 tag=53df3292f9 running elapsed=120s limit=120s
[42/47] id=17729 tag=53df3292f9 done status=timeout L=- sec=120.10
[43/47] id=18259 tag=84b2b0b202 start width=16
[43/47] id=18259 tag=84b2b0b202 running elapsed=10s limit=120s
[43/47] id=18259 tag=84b2b0b202 running elapsed=20s limit=120s
[43/47] id=18259 tag=84b2b0b202 running elapsed=30s limit=120s
[43/47] id=18259 tag=84b2b0b202 done status=optimal L=26 sec=39.87
[44/47] id=19579 tag=5488c08883 start width=16
[44/47] id=19579 tag=5488c08883 running elapsed=10s limit=120s
[44/47] id=19579 tag=5488c08883 running elapsed=20s limit=120s
[44/47] id=19579 tag=5488c08883 running elapsed=30s limit=120s
[44/47] id=19579 tag=5488c08883 running elapsed=40s limit=120s
[44/47] id=19579 tag=5488c08883 running elapsed=50s limit=120s
[44/47] id=19579 tag=5488c08883 done status=optimal L=28 sec=50.86
[45/47] id=21589 tag=af21855d01 start width=16
[45/47] id=21589 tag=af21855d01 running elapsed=10s limit=120s
[45/47] id=21589 tag=af21855d01 running elapsed=20s limit=120s
[45/47] id=21589 tag=af21855d01 running elapsed=30s limit=120s
[45/47] id=21589 tag=af21855d01 done status=optimal L=36 sec=35.60
[46/47] id=30479 tag=802cb7df87 start width=16
[46/47] id=30479 tag=802cb7df87 running elapsed=10s limit=120s
[46/47] id=30479 tag=802cb7df87 running elapsed=20s limit=120s
[46/47] id=30479 tag=802cb7df87 running elapsed=30s limit=120s
[46/47] id=30479 tag=802cb7df87 running elapsed=40s limit=120s
[46/47] id=30479 tag=802cb7df87 running elapsed=50s limit=120s
[46/47] id=30479 tag=802cb7df87 running elapsed=60s limit=120s
[46/47] id=30479 tag=802cb7df87 running elapsed=70s limit=120s
[46/47] id=30479 tag=802cb7df87 running elapsed=80s limit=120s
[46/47] id=30479 tag=802cb7df87 running elapsed=90s limit=120s
[46/47] id=30479 tag=802cb7df87 running elapsed=100s limit=120s
[46/47] id=30479 tag=802cb7df87 running elapsed=110s limit=120s
[46/47] id=30479 tag=802cb7df87 running elapsed=120s limit=120s
[46/47] id=30479 tag=802cb7df87 done status=timeout L=- sec=120.15
[47/47] id=31529 tag=4834422773 start width=16
[47/47] id=31529 tag=4834422773 running elapsed=10s limit=120s
[47/47] id=31529 tag=4834422773 running elapsed=20s limit=120s
[47/47] id=31529 tag=4834422773 running elapsed=30s limit=120s
[47/47] id=31529 tag=4834422773 running elapsed=40s limit=120s
[47/47] id=31529 tag=4834422773 running elapsed=50s limit=120s
[47/47] id=31529 tag=4834422773 running elapsed=60s limit=120s
[47/47] id=31529 tag=4834422773 done status=optimal L=44 sec=68.13
[done] shard=09 completed=47
