[start] mode=push shard=04/10 jobs=48
[1/48] id=1354 tag=5d0d65a4c7 start width=8
[1/48] id=1354 tag=5d0d65a4c7 running elapsed=10s limit=120s
[1/48] id=1354 tag=5d0d65a4c7 running elapsed=20s limit=120s
[1/48] id=1354 tag=5d0d65a4c7 running elapsed=30s limit=120s
[1/48] id=1354 tag=5d0d65a4c7 running elapsed=40s limit=120s
[1/48] id=1354 tag=5d0d65a4c7 running elapsed=50s limit=120s
[1/48] id=1354 tag=5d0d65a4c7 running elapsed=60s limit=120s
[1/48] id=1354 tag=5d0d65a4c7 running elapsed=70s limit=120s
[1/48] id=1354 tag=5d0d65a4c7 running elapsed=80s limit=120s
[1/48] id=1354 tag=5d0d65a4c7 running elapsed=90s limit=120s
[1/48] id=1354 tag=5d0d65a4c7 running elapsed=100s limit=120s
[1/48] id=1354 tag=5d0d65a4c7 done status=infeasible L=- sec=104.83
[2/48] id=1484 tag=314a2cf9ac start width=8
[2/48] id=1484 tag=314a2cf9ac running elapsed=10s limit=120s
[2/48] id=1484 tag=314a2cf9ac running elapsed=20s limit=120s
[2/48] id=1484 tag=314a2cf9ac running elapsed=30s limit=120s
[2/48] id=1484 tag=314a2cf9ac running elapsed=40s limit=120s
[2/48] id=1484 tag=314a2cf9ac running elapsed=50s limit=120s
[2/48] id=1484 tag=314a2cf9ac running elapsed=60s limit=120s
[2/48] id=1484 tag=314a2cf9ac running elapsed=70s limit=120s
[2/48] id=1484 tag=314a2cf9ac running elapsed=80s limit=120s
[2/48] id=1484 tag=314a2cf9ac running elapsed=90s limit=120s
[2/48] id=1484 tag=314a2cf9ac running elapsed=100s limit=120s
[2/48] id=1484 tag=314a2cf9ac running elapsed=110s limit=120s
[2/48] id=1484 tag=314a2cf9ac running elapsed=120s limit=120s
[2/48] id=1484 tag=314a2cf9ac done status=timeout L=- sec=120.12
[3/48] id=1564 tag=c55bbe1008 start width=8
[3/48] id=1564 tag=c55bbe1008 running elapsed=10s limit=120s
[3/48] id=1564 tag=c55bbe1008 running elapsed=20s limit=120s
[3/48] id=1564 tag=c55bbe1008 running elapsed=30s limit=120s
[3/48] id=1564 tag=c55bbe1008 running elapsed=40s limit=120s
[3/48] id=1564 tag=c55bbe1008 running elapsed=50s limit=120s
[3/48] id=1564 tag=c55bbe1008 running elapsed=60s limit=120s
[3/48] id=1564 tag=c55bbe1008 running elapsed=70s limit=120s
[3/48] id=1564 tag=c55bbe1008 running elapsed=80s limit=120s
[3/48] id=1564 tag=c55bbe1008 running elapsed=90s limit=120s
[3/48] id=1564 tag=c55bbe1008 running elapsed=100s limit=120s
[3/48] id=1564 tag=c55bbe1008 running elapsed=110s limit=120s
[3/48] id=1564 tag=c55bbe1008 running elapsed=120s limit=120s
[3/48] id=1564 tag=c55bbe1008 done status=timeout L=- sec=120.14
[4/48] id=1934 tag=ecaa9dbb73 start width=8
[4/48] id=1934 tag=ecaa9dbb73 running elapsed=10s limit=120s
[4/48] id=1934 tag=ecaa9dbb73 running elapsed=20s limit=120s
[4/48] id=1934 tag=ecaa9dbb73 running elapsed=30s limit=120s
[4/48] id=1934 tag=ecaa9dbb73 running elapsed=40s limit=120s
[4/48] id=1934 tag=ecaa9dbb73 running elapsed=50s limit=120s
[4/48] id=1934 tag=ecaa9dbb73 running elapsed=60s limit=120s
[4/48] id=1934 tag=ecaa9dbb73 running elapsed=70s limit=120s
[4/48] id=1934 tag=ecaa9dbb73 running elapsed=80s limit=120s
[4/48] id=1934 tag=ecaa9dbb73 running elapsed=90s limit=120s
[4/48] id=1934 tag=ecaa9dbb73 running elapsed=100s limit=120s
[4/48] id=1934 tag=ecaa9dbb73 running elapsed=110s limit=120s
[4/48] id=1934 tag=ecaa9dbb73 running elapsed=120s limit=120s
[4/48] id=1934 tag=ecaa9dbb73 done status=timeout L=- sec=120.05
[5/48] id=2794 tag=323ad972d4 start width=8
[5/48] id=2794 tag=323ad972d4 running elapsed=10s limit=120s
[5/48] id=2794 tag=323ad972d4 running elapsed=20s limit=120s
[5/48] id=2794 tag=323ad972d4 running elapsed=30s limit=120s
[5/48] id=2794 tag=323ad972d4 running elapsed=40s limit=120s
[5/48] id=2794 tag=323ad972d4 running elapsed=50s limit=120s
[5/48] id=2794 tag=323ad972d4 running elapsed=60s limit=120s
[5/48] id=2794 tag=323ad972d4 running elapsed=70s limit=120s
[5/48] id=2794 tag=323ad972d4 running elapsed=80s limit=120s
[5/48] id=2794 tag=323ad972d4 done status=infeasible L=- sec=89.52
[6/48] id=2904 tag=21ac2f8bb5 start width=8
[6/48] id=2904 tag=21ac2f8bb5 running elapsed=10s limit=120s
[6/48] id=2904 tag=21ac2f8bb5 running elapsed=20s limit=120s
[6/48] id=2904 tag=21ac2f8bb5 running elapsed=30s limit=120s
[6/48] id=2904 tag=21ac2f8bb5 running elapsed=40s limit=120s
[6/48] id=2904 tag=21ac2f8bb5 running elapsed=50s limit=120s
[6/48] id=2904 tag=21ac2f8bb5 running elapsed=60s limit=120s
[6/48] id=2904 tag=21ac2f8bb5 running elapsed=70s limit=120s
[6/48] id=2904 tag=21ac2f8bb5 running elapsed=80s limit=120s
[6/48] id=2904 tag=21ac2f8bb5 running elapsed=90s limit=120s
[6/48] id=2904 tag=21ac2f8bb5 running elapsed=100s limit=120s
[6/48] id=2904 tag=21ac2f8bb5 running elapsed=110s limit=120s
[6/48] id=2904 tag=21ac2f8bb5 running elapsed=120s limit=120s
[6/48] id=2904 tag=21ac2f8bb5 done status=timeout L=- sec=120.05
[7/48] id=2984 tag=a2e99ba20a start width=8
[7/48] id=2984 tag=a2e99ba20a running elapsed=10s limit=120s
[7/48] id=2984 tag=a2e99ba20a running elapsed=20s limit=120s
[7/48] id=2984 tag=a2e99ba20a running elapsed=30s limit=120s
[7/48] id=2984 tag=a2e99ba20a running elapsed=40s limit=120s
[7/48] id=2984 tag=a2e99ba20a running elapsed=50s limit=120s
[7/48] id=2984 tag=a2e99ba20a done status=infeasible L=- sec=51.08
[8/48] id=3304 tag=a23b48ff9b start width=8
[8/48] id=3304 tag=a23b48ff9b running elapsed=10s limit=120s
[8/48] id=3304 tag=a23b48ff9b running elapsed=20s limit=120s
[8/48] id=3304 tag=a23b48ff9b running elapsed=30s limit=120s
[8/48] id=3304 tag=a23b48ff9b running elapsed=40s limit=120s
[8/48] id=3304 tag=a23b48ff9b running elapsed=50s limit=120s
[8/48] id=3304 tag=a23b48ff9b running elapsed=60s limit=120s
[8/48] id=3304 tag=a23b48ff9b running elapsed=70s limit=120s
[8/48] id=3304 tag=a23b48ff9b running elapsed=80s limit=120s
[8/48] id=3304 tag=a23b48ff9b running elapsed=90s limit=120s
[8/48] id=3304 tag=a23b48ff9b running elapsed=100s limit=120s
[8/48] id=3304 tag=a23b48ff9b running elapsed=110s limit=120s
[8/48] id=3304 tag=a23b48ff9b running elapsed=120s limit=120s
[8/48] id=3304 tag=a23b48ff9b done status=timeout L=- sec=120.07
[9/48] id=3314 tag=6c3ffbcbb6 start width=8
[9/48] id=3314 tag=6c3ffbcbb6 running elapsed=10s limit=120s
[9/48] id=3314 tag=6c3ffbcbb6 running elapsed=20s limit=120s
[9/48] id=3314 tag=6c3ffbcbb6 running elapsed=30s limit=120s
[9/48] id=3314 tag=6c3ffbcbb6 running elapsed=40s limit=120s
[9/48] id=3314 tag=6c3ffbcbb6 running elapsed=50s limit=120s
[9/48] id=3314 tag=6c3ffbcbb6 running elapsed=60s limit=120s
[9/48] id=3314 tag=6c3ffbcbb6 running elapsed=70s limit=120s
[9/48] id=3314 tag=6c3ffbcbb6 running elapsed=80s limit=120s
[9/48] id=3314 tag=6c3ffbcbb6 running elapsed=90s limit=120s
[9/48] id=3314 tag=6c3ffbcbb6 running elapsed=100s limit=120s
[9/48] id=3314 tag=6c3ffbcbb6 running elapsed=110s limit=120s
[9/48] id=3314 tag=6c3ffbcbb6 running elapsed=120s limit=120s
[9/48] id=3314 tag=6c3ffbcbb6 done status=timeout L=- sec=120.06
[10/48] id=3494 tag=e7f5731ac3 start width=8
[10/48] id=3494 tag=e7f5731ac3 running elapsed=10s limit=120s
[10/48] id=3494 tag=e7f5731ac3 running elapsed=20s limit=120s
[10/48] id=3494 tag=e7f5731ac3 running elapsed=30s limit=120s
[10/48] id=3494 tag=e7f5731ac3 running elapsed=40s limit=120s
[10/48] id=3494 tag=e7f5731ac3 running elapsed=50s limit=120s
[10/48] id=3494 tag=e7f5731ac3 running elapsed=60s limit=120s
[10/48] id=3494 tag=e7f5731ac3 running elapsed=70s limit=120s
[10/48] id=3494 tag=e7f5731ac3 running elapsed=80s limit=120s
[10/48] id=3494 tag=e7f5731ac3 running elapsed=90s limit=120s
[10/48] id=3494 tag=e7f5731ac3 done status=infeasible L=- sec=99.59
[11/48] id=3624 tag=ca47b806ff start width=8
[11/48] id=3624 tag=ca47b806ff running elapsed=10s limit=120s
[11/48] id=3624 tag=ca47b806ff running elapsed=20s limit=120s
[11/48] id=3624 tag=ca47b806ff running elapsed=30s limit=120s
[11/48] id=3624 tag=ca47b806ff running elapsed=40s limit=120s
[11/48] id=3624 tag=ca47b806ff done status=infeasible L=- sec=45.91
[12/48] id=4344 tag=ec420b96d2 start width=8
[12/48] id=4344 tag=ec420b96d2 running elapsed=10s limit=120s
[12/48] id=4344 tag=ec420b96d2 running elapsed=20s limit=120s
[12/48] id=4344 tag=ec420b96d2 running elapsed=30s limit=120s
[12/48] id=4344 tag=ec420b96d2 running elapsed=40s limit=120s
[12/48] id=4344 tag=ec420b96d2 running elapsed=50s limit=120s
[12/48] id=4344 tag=ec420b96d2 done status=optimal L=42 sec=50.44
[13/48] id=4584 tag=bb5eae246a start width=8
[13/48] id=4584 tag=bb5eae246a running elapsed=10s limit=120s
[13/48] id=4584 tag=bb5eae246a running elapsed=20s limit=120s
[13/48] id=4584 tag=bb5eae246a done status=optimal L=50 sec=26.74
[14/48] id=4944 tag=041f77c2a2 start width=8
[14/48] id=4944 tag=041f77c2a2 running elapsed=10s limit=120s
[14/48] id=4944 tag=041f77c2a2 running elapsed=20s limit=120s
[14/48] id=4944 tag=041f77c2a2 running elapsed=30s limit=120s
[14/48] id=4944 tag=041f77c2a2 running elapsed=40s limit=120s
[14/48] id=4944 tag=041f77c2a2 running elapsed=50s limit=120s
[14/48] id=4944 tag=041f77c2a2 done status=optimal L=48 sec=54.11
[15/48] id=5674 tag=2dd1e448c3 start width=8
[15/48] id=5674 tag=2dd1e448c3 running elapsed=10s limit=120s
[15/48] id=5674 tag=2dd1e448c3 running elapsed=20s limit=120s
[15/48] id=5674 tag=2dd1e448c3 running elapsed=30s limit=120s
[15/48] id=5674 tag=2dd1e448c3 running elapsed=40s limit=120s
[15/48] id=5674 tag=2dd1e448c3 done status=infeasible L=- sec=40.32
[16/48] id=6984 tag=e9151e200b start width=8
[16/48] id=6984 tag=e9151e200b running elapsed=10s limit=120s
[16/48] id=6984 tag=e9151e200b running elapsed=20s limit=120s
[16/48] id=6984 tag=e9151e200b running elapsed=30s limit=120s
[16/48] id=6984 tag=e9151e200b running elapsed=40s limit=120s
[16/48] id=6984 tag=e9151e200b running elapsed=50s limit=120s
[16/48] id=6984 tag=e9151e200b running elapsed=60s limit=120s
[16/48] id=6984 tag=e9151e200b running elapsed=70s limit=120s
[16/48] id=6984 tag=e9151e200b running elapsed=80s limit=120s
[16/48] id=6984 tag=e9151e200b done status=optimal L=44 sec=82.00
[17/48] id=7624 tag=da5971942c start width=8
[17/48] id=7624 tag=da5971942c running elapsed=10s limit=120s
[17/48] id=7624 tag=da5971942c running elapsed=20s limit=120s
[17/48] id=7624 tag=da5971942c done status=infeasible L=- sec=28.48
[18/48] id=7714 tag=fc9624f0ab start width=8
[18/48] id=7714 tag=fc9624f0ab running elapsed=10s limit=120s
[18/48] id=7714 tag=fc9624f0ab running elapsed=20s limit=120s
[18/48] id=7714 tag=fc9624f0ab running elapsed=30s limit=120s
[18/48] id=7714 tag=fc9624f0ab running elapsed=40s limit=120s
[18/48] id=7714 tag=fc9624f0ab running elapsed=50s limit=120s
[18/48] id=7714 tag=fc9624f0ab running elapsed=60s limit=120s
[18/48] id=7714 tag=fc9624f0ab done status=infeasible L=- sec=60.24
[19/48] id=7724 tag=4335383b59 start width=8
[19/48] id=7724 tag=4335383b59 running elapsed=10s limit=120s
[19/48] id=7724 tag=4335383b59 running elapsed=20s limit=120s
[19/48] id=7724 tag=4335383b59 running elapsed=30s limit=120s
[19/48] id=7724 tag=4335383b59 running elapsed=40s limit=120s
[19/48] id=7724 tag=4335383b59 running elapsed=50s limit=120s
[19/48] id=7724 tag=4335383b59 running elapsed=60s limit=120s
[19/48] id=7724 tag=4335383b59 running elapsed=70s limit=120s
[19/48] id=7724 tag=4335383b59 running elapsed=80s limit=120s
[19/48] id=7724 tag=4335383b59 done status=infeasible L=- sec=85.17
[20/48] id=8184 tag=56d8f647c3 start width=8
[20/48] id=8184 tag=56d8f647c3 running elapsed=10s limit=120s
[20/48] id=8184 tag=56d8f647c3 running elapsed=20s limit=120s
[20/48] id=8184 tag=56d8f647c3 running elapsed=30s limit=120s
[20/48] id=8184 tag=56d8f647c3 running elapsed=40s limit=120s
[20/48] id=8184 tag=56d8f647c3 running elapsed=50s limit=120s
[20/48] id=8184 tag=56d8f647c3 running elapsed=60s limit=120s
[20/48] id=8184 tag=56d8f647c3 done status=infeasible L=- sec=63.14
[21/48] id=8294 tag=1fdcdd0560 start width=8
[21/48] id=8294 tag=1fdcdd0560 running elapsed=10s limit=120s
[21/48] id=8294 tag=1fdcdd0560 running elapsed=20s limit=120s
[21/48] id=8294 tag=1fdcdd0560 running elapsed=30s limit=120s
[21/48] id=8294 tag=1fdcdd0560 running elapsed=40s limit=120s
[21/48] id=8294 tag=1fdcdd0560 running elapsed=50s limit=120s
[21/48] id=8294 tag=1fdcdd0560 running elapsed=60s limit=120s
[21/48] id=8294 tag=1fdcdd0560 running elapsed=70s limit=120s
[21/48] id=8294 tag=1fdcdd0560 running elapsed=80s limit=120s
[21/48] id=8294 tag=1fdcdd0560 running elapsed=90s limit=120s
[21/48] id=8294 tag=1fdcdd0560 running elapsed=100s limit=120s
[21/48] id=8294 tag=1fdcdd0560 running elapsed=110s limit=120s
[21/48] id=8294 tag=1fdcdd0560 done status=infeasible L=- sec=111.87
[22/48] id=8374 tag=85fe3b40b1 start width=8
[22/48] id=8374 tag=85fe3b40b1 running elapsed=10s limit=120s
[22/48] id=8374 tag=85fe3b40b1 running elapsed=20s limit=120s
[22/48] id=8374 tag=85fe3b40b1 running elapsed=30s limit=120s
[22/48] id=8374 tag=85fe3b40b1 running elapsed=40s limit=120s
[22/48] id=8374 tag=85fe3b40b1 running elapsed=50s limit=120s
[22/48] id=8374 tag=85fe3b40b1 running elapsed=60s limit=120s
[22/48] id=8374 tag=85fe3b40b1 running elapsed=70s limit=120s
[22/48] id=8374 tag=85fe3b40b1 running elapsed=80s limit=120s
[22/48] id=8374 tag=85fe3b40b1 done status=infeasible L=- sec=86.95
[23/48] id=8384 tag=3b0a30d7d5 start width=8
[23/48] id=8384 tag=3b0a30d7d5 running elapsed=10s limit=120s
[23/48] id=8384 tag=3b0a30d7d5 running elapsed=20s limit=120s
[23/48] id=8384 tag=3b0a30d7d5 running elapsed=30s limit=120s
[23/48] id=8384 tag=3b0a30d7d5 running elapsed=40s limit=120s
[23/48] id=8384 tag=3b0a30d7d5 running elapsed=50s limit=120s
[23/48] id=8384 tag=3b0a30d7d5 running elapsed=60s limit=120s
[23/48] id=8384 tag=3b0a30d7d5 running elapsed=70s limit=120s
[23/48] id=8384 tag=3b0a30d7d5 running elapsed=80s limit=120s
[23/48] id=8384 tag=3b0a30d7d5 running elapsed=90s limit=120s
[23/48] id=8384 tag=3b0a30d7d5 running elapsed=100s limit=120s
[23/48] id=8384 tag=3b0a30d7d5 running elapsed=110s limit=120s
[23/48] id=8384 tag=3b0a30d7d5 done status=infeasible L=- sec=116.55
[24/48] id=8584 tag=dc65eaa834 start width=8
[24/48] id=8584 tag=dc65eaa834 running elapsed=10s limit=120s
[24/48] id=8584 tag=dc65eaa834 running elapsed=20s limit=120s
[24/48] id=8584 tag=dc65eaa834 running elapsed=30s limit=120s
[24/48] id=8584 tag=dc65eaa834 running elapsed=40s limit=120s
[24/48] id=8584 tag=dc65eaa834 running elapsed=50s limit=120s
[24/48] id=8584 tag=dc65eaa834 running elapsed=60s limit=120s
[24/48] id=8584 tag=dc65eaa834 done status=optimal L=44 sec=64.12
[25/48] id=9014 tag=8561b94878 start width=8
[25/48] id=9014 tag=8561b94878 running elapsed=10s limit=120s
[25/48] id=9014 tag=8561b94878 running elapsed=20s limit=120s
[25/48] id=9014 tag=8561b94878 running elapsed=30s limit=120s
[25/48] id=9014 tag=8561b94878 running elapsed=40s limit=120s
[25/48] id=9014 tag=8561b94878 running elapsed=50s limit=120s
[25/48] id=9014 tag=8561b94878 running elapsed=60s limit=120s
[25/48] id=9014 tag=8561b94878 running elapsed=70s limit=120s
[25/48] id=9014 tag=8561b94878 running elapsed=80s limit=120s
[25/48] id=9014 tag=8561b94878 running elapsed=90s limit=120s
[25/48] id=9014 tag=8561b94878 done status=infeasible L=- sec=98.65
[26/48] id=9054 tag=b6417f82a4 start width=8
[26/48] id=9054 tag=b6417f82a4 running elapsed=10s limit=120s
[26/48] id=9054 tag=b6417f82a4 running elapsed=20s limit=120s
[26/48] id=9054 tag=b6417f82a4 running elapsed=30s limit=120s
[26/48] id=9054 tag=b6417f82a4 running elapsed=40s limit=120s
[26/48] id=9054 tag=b6417f82a4 running elapsed=50s limit=120s
[26/48] id=9054 tag=b6417f82a4 running elapsed=60s limit=120s
[26/48] id=9054 tag=b6417f82a4 running elapsed=70s limit=120s
[26/48] id=9054 tag=b6417f82a4 done status=infeasible L=- sec=75.82
[27/48] id=9064 tag=3f97e9e8fd start width=8
[27/48] id=9064 tag=3f97e9e8fd running elapsed=10s limit=120s
[27/48] id=9064 tag=3f97e9e8fd running elapsed=20s limit=120s
[27/48] id=9064 tag=3f97e9e8fd running elapsed=30s limit=120s
[27/48] id=9064 tag=3f97e9e8fd running elapsed=40s limit=120s
[27/48] id=9064 tag=3f97e9e8fd running elapsed=50s limit=120s
[27/48] id=9064 tag=3f97e9e8fd done status=infeasible L=- sec=58.99
[28/48] id=9984 tag=9f8b1b9a17 start width=8
[28/48] id=9984 tag=9f8b1b9a17 running elapsed=10s limit=120s
[28/48] id=9984 tag=9f8b1b9a17 running elapsed=20s limit=120s
[28/48] id=9984 tag=9f8b1b9a17 running elapsed=30s limit=120s
[28/48] id=9984 tag=9f8b1b9a17 running elapsed=40s limit=120s
[28/48] id=9984 tag=9f8b1b9a17 done status=infeasible L=- sec=40.70
[29/48] id=10674 tag=99ce2b2889 start width=8
[29/48] id=10674 tag=99ce2b2889 running elapsed=10s limit=120s
[29/48] id=10674 tag=99ce2b2889 running elapsed=20s limit=120s
[29/48] id=10674 tag=99ce2b2889 running elapsed=30s limit=120s
[29/48] id=10674 tag=99ce2b2889 running elapsed=40s limit=120s
[29/48] id=10674 tag=99ce2b2889 running elapsed=50s limit=120s
[29/48] id=10674 tag=99ce2b2889 running elapsed=60s limit=120s
[29/48] id=10674 tag=99ce2b2889 running elapsed=70s limit=120s
[29/48] id=10674 tag=99ce2b2889 running elapsed=80s limit=120s
[29/48] id=10674 tag=99ce2b2889 running elapsed=90s limit=120s
[29/48] id=10674 tag=99ce2b2889 running elapsed=100s limit=120s
[29/48] id=10674 tag=99ce2b2889 done status=infeasible L=- sec=102.46
[30/48] id=12594 tag=cfa24e2f76 start width=8
[30/48] id=12594 tag=cfa24e2f76 running elapsed=10s limit=120s
[30/48] id=12594 tag=cfa24e2f76 running elapsed=20s limit=120s
[30/48] id=12594 tag=cfa24e2f76 running elapsed=30s limit=120s
[30/48] id=12594 tag=cfa24e2f76 running elapsed=40s limit=120s
[30/48] id=12594 tag=cfa24e2f76 running elapsed=50s limit=120s
[30/48] id=12594 tag=cfa24e2f76 done status=infeasible L=- sec=50.65
[31/48] id=12694 tag=4d659bf953 start width=8
[31/48] id=12694 tag=4d659bf953 running elapsed=10s limit=120s
[31/48] id=12694 tag=4d659bf953 running elapsed=20s limit=120s
[31/48] id=12694 tag=4d659bf953 running elapsed=30s limit=120s
[31/48] id=12694 tag=4d659bf953 running elapsed=40s limit=120s
[31/48] id=12694 tag=4d659bf953 done status=infeasible L=- sec=41.42
[32/48] id=12754 tag=103c7b2435 start width=8
[32/48] id=12754 tag=103c7b2435 running elapsed=10s limit=120s
[32/48] id=12754 tag=103c7b2435 running elapsed=20s limit=120s
[32/48] id=12754 tag=103c7b2435 running elapsed=30s limit=120s
[32/48] id=12754 tag=103c7b2435 running elapsed=40s limit=120s
[32/48] id=12754 tag=103c7b2435 running elapsed=50s limit=120s
[32/48] id=12754 tag=103c7b2435 running elapsed=60s limit=120s
[32/48] id=12754 tag=103c7b2435 running elapsed=70s limit=120s
[32/48] id=12754 tag=103c7b2435 running elapsed=80s limit=120s
[32/48] id=12754 tag=103c7b2435 running elapsed=90s limit=120s
[32/48] id=12754 tag=103c7b2435 done status=infeasible L=- sec=94.75
[33/48] id=12764 tag=5a53fd094d start width=8
[33/48] id=12764 tag=5a53fd094d running elapsed=10s limit=120s
[33/48] id=12764 tag=5a53fd094d running elapsed=20s limit=120s
[33/48] id=12764 tag=5a53fd094d running elapsed=30s limit=120s
[33/48] id=12764 tag=5a53fd094d running elapsed=40s limit=120s
[33/48] id=12764 tag=5a53fd094d running elapsed=50s limit=120s
[33/48] id=12764 tag=5a53fd094d running elapsed=60s limit=120s
[33/48] id=12764 tag=5a53fd094d running elapsed=70s limit=120s
[33/48] id=12764 tag=5a53fd094d running elapsed=80s limit=120s
[33/48] id=12764 tag=5a53fd094d running elapsed=90s limit=120s
[33/48] id=12764 tag=5a53fd094d running elapsed=100s limit=120s
[33/48] id=12764 tag=5a53fd094d done status=infeasible L=- sec=106.08
[34/48] id=13444 tag=5592b71023 start width=8
[34/48] id=13444 tag=5592b71023 running elapsed=10s limit=120s
[34/48] id=13444 tag=5592b71023 running elapsed=20s limit=120s
[34/48] id=13444 tag=5592b71023 running elapsed=30s limit=120s
[34/48] id=13444 tag=5592b71023 running elapsed=40s limit=120s
[34/48] id=13444 tag=5592b71023 running elapsed=50s limit=120s
[34/48] id=13444 tag=5592b71023 running elapsed=60s limit=120s
[34/48] id=13444 tag=5592b71023 running elapsed=70s limit=120s
[34/48] id=13444 tag=5592b71023 running elapsed=80s limit=120s
[34/48] id=13444 tag=5592b71023 running elapsed=90s limit=120s
[34/48] id=13444 tag=5592b71023 running elapsed=100s limit=120s
[34/48] id=13444 tag=5592b71023 running elapsed=110s limit=120s
[34/48] id=13444 tag=5592b71023 running elapsed=120s limit=120s
[34/48] id=13444 tag=5592b71023 done status=timeout L=- sec=120.08
[35/48] id=14544 tag=8e4ff28783 start width=8
[35/48] id=14544 tag=8e4ff28783 running elapsed=10s limit=120s
[35/48] id=14544 tag=8e4ff28783 running elapsed=20s limit=120s
[35/48] id=14544 tag=8e4ff28783 running elapsed=30s limit=120s
[35/48] id=14544 tag=8e4ff28783 running elapsed=40s limit=120s
[35/48] id=14544 tag=8e4ff28783 running elapsed=50s limit=120s
[35/48] id=14544 tag=8e4ff28783 running elapsed=60s limit=120s
[35/48] id=14544 tag=8e4ff28783 running elapsed=70s limit=120s
[35/48] id=14544 tag=8e4ff28783 running elapsed=80s limit=120s
[35/48] id=14544 tag=8e4ff28783 running elapsed=90s limit=120s
[35/48] id=14544 tag=8e4ff28783 running elapsed=100s limit=120s
[35/48] id=14544 tag=8e4ff28783 running elapsed=110s limit=120s
[35/48] id=14544 tag=8e4ff28783 running elapsed=120s limit=120s
[35/48] id=14544 tag=8e4ff28783 done status=timeout L=- sec=120.05
[36/48] id=14584 tag=894875a6fa start width=8
[36/48] id=14584 tag=894875a6fa running elapsed=10s limit=120s
[36/48] id=14584 tag=894875a6fa running elapsed=20s limit=120s
[36/48] id=14584 tag=894875a6fa running elapsed=30s limit=120s
[36/48] id=14584 tag=894875a6fa running elapsed=40s limit=120s
[36/48] id=14584 tag=894875a6fa running elapsed=50s limit=120s
[36/48] id=14584 tag=894875a6fa running elapsed=60s limit=120s
[36/48] id=14584 tag=894875a6fa running elapsed=70s limit=120s
[36/48] id=14584 tag=894875a6fa running elapsed=80s limit=120s
[36/48] id=14584 tag=894875a6fa running elapsed=90s limit=120s
[36/48] id=14584 tag=894875a6fa running elapsed=100s limit=120s
[36/48] id=14584 tag=894875a6fa running elapsed=110s limit=120s
[36/48] id=14584 tag=894875a6fa running elapsed=120s limit=120s
[36/48] id=14584 tag=894875a6fa done status=timeout L=- sec=120.08
[37/48] id=15174 tag=d45cc3ffde start width=8
[37/48] id=15174 tag=d45cc3ffde running elapsed=10s limit=120s
[37/48] id=15174 tag=d45cc3ffde running elapsed=20s limit=120s
[37/48] id=15174 tag=d45cc3ffde running elapsed=30s limit=120s
[37/48] id=15174 tag=d45cc3ffde running elapsed=40s limit=120s
[37/48] id=15174 tag=d45cc3ffde running elapsed=50s limit=120s
[37/48] id=15174 tag=d45cc3ffde running elapsed=60s limit=120s
[37/48] id=15174 tag=d45cc3ffde done status=infeasible L=- sec=66.30
[38/48] id=15274 tag=e74e67ce07 start width=8
[38/48] id=15274 tag=e74e67ce07 running elapsed=10s limit=120s
[38/48] id=15274 tag=e74e67ce07 running elapsed=20s limit=120s
[38/48] id=15274 tag=e74e67ce07 running elapsed=30s limit=120s
[38/48] id=15274 tag=e74e67ce07 running elapsed=40s limit=120s
[38/48] id=15274 tag=e74e67ce07 running elapsed=50s limit=120s
[38/48] id=15274 tag=e74e67ce07 running elapsed=60s limit=120s
[38/48] id=15274 tag=e74e67ce07 running elapsed=70s limit=120s
[38/48] id=15274 tag=e74e67ce07 running elapsed=80s limit=120s
[38/48] id=15274 tag=e74e67ce07 running elapsed=90s limit=120s
[38/48] id=15274 tag=e74e67ce07 running elapsed=100s limit=120s
[38/48] id=15274 tag=e74e67ce07 running elapsed=110s limit=120s
[38/48] id=15274 tag=e74e67ce07 done status=infeasible L=- sec=114.44
[39/48] id=15394 tag=c36bf74602 start width=8
[39/48] id=15394 tag=c36bf74602 running elapsed=10s limit=120s
[39/48] id=15394 tag=c36bf74602 running elapsed=20s limit=120s
[39/48] id=15394 tag=c36bf74602 running elapsed=30s limit=120s
[39/48] id=15394 tag=c36bf74602 running elapsed=40s limit=120s
[39/48] id=15394 tag=c36bf74602 running elapsed=50s limit=120s
[39/48] id=15394 tag=c36bf74602 running elapsed=60s limit=120s
[39/48] id=15394 tag=c36bf74602 running elapsed=70s limit=120s
[39/48] id=15394 tag=c36bf74602 running elapsed=80s limit=120s
[39/48] id=15394 tag=c36bf74602 running elapsed=90s limit=120s
[39/48] id=15394 tag=c36bf74602 running elapsed=100s limit=120s
[39/48] id=15394 tag=c36bf74602 done status=infeasible L=- sec=102.75
[40/48] id=15474 tag=2e0d67781d start width=8
[40/48] id=15474 tag=2e0d67781d running elapsed=10s limit=120s
[40/48] id=15474 tag=2e0d67781d running elapsed=20s limit=120s
[40/48] id=15474 tag=2e0d67781d running elapsed=30s limit=120s
[40/48] id=15474 tag=2e0d67781d running elapsed=40s limit=120s
[40/48] id=15474 tag=2e0d67781d done status=infeasible L=- sec=48.30
[41/48] id=17734 tag=f70774b0b4 start width=16
[41/48] id=17734 tag=f70774b0b4 running elapsed=10s limit=120s
[41/48] id=17734 tag=f70774b0b4 running elapsed=20s limit=120s
[41/48] id=17734 tag=f70774b0b4 running elapsed=30s limit=120s
[41/48] id=17734 tag=f70774b0b4 running elapsed=40s limit=120s
[41/48] id=17734 tag=f70774b0b4 running elapsed=50s limit=120s
[41/48] id=17734 tag=f70774b0b4 running elapsed=60s limit=120s
[41/48] id=17734 tag=f70774b0b4 running elapsed=70s limit=120s
[41/48] id=17734 tag=f70774b0b4 running elapsed=80s limit=120s
[41/48] id=17734 tag=f70774b0b4 running elapsed=90s limit=120s
[41/48] id=17734 tag=f70774b0b4 running elapsed=100s limit=120s
[41/48] id=17734 tag=f70774b0b4 running elapsed=110s limit=120s
[41/48] id=17734 tag=f70774b0b4 running elapsed=120s limit=120s
[41/48] id=17734 tag=f70774b0b4 done status=timeout L=- sec=120.18
[42/48] id=21154 tag=8cbf5ab3ac start width=16
[42/48] id=21154 tag=8cbf5ab3ac running elapsed=10s limit=120s
[42/48] id=21154 tag=8cbf5ab3ac running elapsed=20s limit=120s
[42/48] id=21154 tag=8cbf5ab3ac running elapsed=30s limit=120s
[42/48] id=21154 tag=8cbf5ab3ac running elapsed=40s limit=120s
[42/48] id=21154 tag=8cbf5ab3ac running elapsed=50s limit=120s
[42/48] id=21154 tag=8cbf5ab3ac done status=optimal L=40 sec=51.83
[43/48] id=21584 tag=ee9f4a17fc start width=16
[43/48] id=21584 tag=ee9f4a17fc running elapsed=10s limit=120s
[43/48] id=21584 tag=ee9f4a17fc running elapsed=20s limit=120s
[43/48] id=21584 tag=ee9f4a17fc running elapsed=30s limit=120s
[43/48] id=21584 tag=ee9f4a17fc running elapsed=40s limit=120s
[43/48] id=21584 tag=ee9f4a17fc running elapsed=50s limit=120s
[43/48] id=21584 tag=ee9f4a17fc done status=optimal L=36 sec=57.32
[44/48] id=23584 tag=3a30f5ed8f start width=16
[44/48] id=23584 tag=3a30f5ed8f running elapsed=10s limit=120s
[44/48] id=23584 tag=3a30f5ed8f running elapsed=20s limit=120s
[44/48] id=23584 tag=3a30f5ed8f running elapsed=30s limit=120s
[44/48] id=23584 tag=3a30f5ed8f done status=optimal L=40 sec=35.30
[45/48] id=24924 tag=08f4ffb39f start width=16
[45/48] id=24924 tag=08f4ffb39f running elapsed=10s limit=120s
[45/48] id=24924 tag=08f4ffb39f running elapsed=20s limit=120s
[45/48] id=24924 tag=08f4ffb39f running elapsed=30s limit=120s
[45/48] id=24924 tag=08f4ffb39f running elapsed=40s limit=120s
[45/48] id=24924 tag=08f4ffb39f running elapsed=50s limit=120s
[45/48] id=24924 tag=08f4ffb39f running elapsed=60s limit=120s
[45/48] id=24924 tag=08f4ffb39f running elapsed=70s limit=120s
[45/48] id=24924 tag=08f4ffb39f running elapsed=80s limit=120s
[45/48] id=24924 tag=08f4ffb39f running elapsed=90s limit=120s
[45/48] id=24924 tag=08f4ffb39f running elapsed=100s limit=120s
[45/48] id=24924 tag=08f4ffb39f running elapsed=110s limit=120s
[45/48] id=24924 tag=08f4ffb39f running elapsed=120s limit=120s
[45/48] id=24924 tag=08f4ffb39f done status=timeout L=- sec=120.14
[46/48] id=28864 tag=6e59c0c9a0 start width=16
[46/48] id=28864 tag=6e59c0c9a0 running elapsed=10s limit=120s
[46/48] id=28864 tag=6e59c0c9a0 running elapsed=20s limit=120s
[46/48] id=28864 tag=6e59c0c9a0 running elapsed=30s limit=120s
[46/48] id=28864 tag=6e59c0c9a0 running elapsed=40s limit=120s
[46/48] id=28864 tag=6e59c0c9a0 done status=optimal L=40 sec=43.07
[47/48] id=30224 tag=3695e155f0 start width=16
[47/48] id=30224 tag=3695e155f0 running elapsed=10s limit=120s
[47/48] id=30224 tag=3695e155f0 running elapsed=20s limit=120s
[47/48] id=30224 tag=3695e155f0 running elapsed=30s limit=120s
[47/48] id=30224 tag=3695e155f0 running elapsed=40s limit=120s
[47/48] id=30224 tag=3695e155f0 running elapsed=50s limit=120s
[47/48] id=30224 tag=3695e155f0 running elapsed=60s limit=120s
[47/48] id=30224 tag=3695e155f0 running elapsed=70s limit=120s
[47/48] id=30224 tag=3695e155f0 running elapsed=80s limit=120s
[47/48] id=30224 tag=3695e155f0 running elapsed=90s limit=120s
[47/48] id=30224 tag=3695e155f0 running elapsed=100s limit=120s
[47/48] id=30224 tag=3695e155f0 running elapsed=110s limit=120s
[47/48] id=30224 tag=3695e155f0 running elapsed=120s limit=120s
[47/48] id=30224 tag=3695e155f0 done status=timeout L=- sec=120.26
[48/48] id=31954 tag=1759b7e2af start width=16
[48/48] id=31954 tag=1759b7e2af running elapsed=10s limit=120s
[48/48] id=31954 tag=1759b7e2af running elapsed=20s limit=120s
[48/48] id=31954 tag=1759b7e2af running elapsed=30s limit=120s
[48/48] id=31954 tag=1759b7e2af running elapsed=40s limit=120s
[48/48] id=31954 tag=1759b7e2af running elapsed=50s limit=120s
[48/48] id=31954 tag=1759b7e2af running elapsed=60s limit=120s
[48/48] id=31954 tag=1759b7e2af running elapsed=70s limit=120s
[48/48] id=31954 tag=1759b7e2af running elapsed=80s limit=120s
[48/48] id=31954 tag=1759b7e2af running elapsed=90s limit=120s
[48/48] id=31954 tag=1759b7e2af running elapsed=100s limit=120s
[48/48] id=31954 tag=1759b7e2af running elapsed=110s limit=120s
[48/48] id=31954 tag=1759b7e2af running elapsed=120s limit=120s
[48/48] id=31954 tag=1759b7e2af done status=timeout L=- sec=120.17
[done] shard=04 completed=48
