[start] mode=push shard=01/10 jobs=45
[1/45] id=1261 tag=aac9a28bdb start width=8
[1/45] id=1261 tag=aac9a28bdb running elapsed=10s limit=120s
[1/45] id=1261 tag=aac9a28bdb running elapsed=20s limit=120s
[1/45] id=1261 tag=aac9a28bdb running elapsed=30s limit=120s
[1/45] id=1261 tag=aac9a28bdb running elapsed=40s limit=120s
[1/45] id=1261 tag=aac9a28bdb running elapsed=50s limit=120s
[1/45] id=1261 tag=aac9a28bdb running elapsed=60s limit=120s
[1/45] id=1261 tag=aac9a28bdb running elapsed=70s limit=120s
[1/45] id=1261 tag=aac9a28bdb running elapsed=80s limit=120s
[1/45] id=1261 tag=aac9a28bdb done status=infeasible L=- sec=86.82
[2/45] id=1461 tag=0fd193a839 start width=8
[2/45] id=1461 tag=0fd193a839 running elapsed=10s limit=120s
[2/45] id=1461 tag=0fd193a839 running elapsed=20s limit=120s
[2/45] id=1461 tag=0fd193a839 running elapsed=30s limit=120s
[2/45] id=1461 tag=0fd193a839 running elapsed=40s limit=120s
[2/45] id=1461 tag=0fd193a839 running elapsed=50s limit=120s
[2/45] id=1461 tag=0fd193a839 running elapsed=60s limit=120s
[2/45] id=1461 tag=0fd193a839 running elapsed=70s limit=120s
[2/45] id=1461 tag=0fd193a839 running elapsed=80s limit=120s
[2/45] id=1461 tag=0fd193a839 running elapsed=90s limit=120s
[2/45] id=1461 tag=0fd193a839 running elapsed=100s limit=120s
[2/45] id=1461 tag=0fd193a839 running elapsed=110s limit=120s
[2/45] id=1461 tag=0fd193a839 running elapsed=120s limit=120s
[2/45] id=1461 tag=0fd193a839 done status=timeout L=- sec=120.06
[3/45] id=1561 tag=059f8701d6 start width=8
[3/45] id=1561 tag=059f8701d6 running elapsed=10s limit=120s
[3/45] id=1561 tag=059f8701d6 running elapsed=20s limit=120s
[3/45] id=1561 tag=059f8701d6 running elapsed=30s limit=120s
[3/45] id=1561 tag=059f8701d6 running elapsed=40s limit=120s
[3/45] id=1561 tag=059f8701d6 running elapsed=50s limit=120s
[3/45] id=1561 tag=059f8701d6 running elapsed=60s limit=120s
[3/45] id=1561 tag=059f8701d6 running elapsed=70s limit=120s
[3/45] id=1561 tag=059f8701d6 running elapsed=80s limit=120s
[3/45] id=1561 tag=059f8701d6 running elapsed=90s limit=120s
[3/45] id=1561 tag=059f8701d6 running elapsed=100s limit=120s
[3/45] id=1561 tag=059f8701d6 running elapsed=110s limit=120s
[3/45] id=1561 tag=059f8701d6 running elapsed=120s limit=120s
[3/45] id=1561 tag=059f8701d6 done status=timeout L=- sec=120.06
[4/45] id=1911 tag=edde089d12 start width=8
[4/45] id=1911 tag=edde089d12 running elapsed=10s limit=120s
[4/45] id=1911 tag=edde089d12 running elapsed=20s limit=120s
[4/45] id=1911 tag=edde089d12 running elapsed=30s limit=120s
[4/45] id=1911 tag=edde089d12 running elapsed=40s limit=120s
[4/45] id=1911 tag=edde089d12 running elapsed=50s limit=120s
[4/45] id=1911 tag=edde089d12 running elapsed=60s limit=120s
[4/45] id=1911 tag=edde089d12 running elapsed=70s limit=120s
[4/45] id=1911 tag=edde089d12 running elapsed=80s limit=120s
[4/45] id=1911 tag=edde089d12 running elapsed=90s limit=120s
[4/45] id=1911 tag=edde089d12 running elapsed=100s limit=120s
[4/45] id=1911 tag=edde089d12 running elapsed=110s limit=120s
[4/45] id=1911 tag=edde089d12 running elapsed=120s limit=120s
[4/45] id=1911 tag=edde089d12 done status=timeout L=- sec=120.05
[5/45] id=2901 tag=eb5fd14de4 start width=8
[5/45] id=2901 tag=eb5fd14de4 running elapsed=10s limit=120s
[5/45] id=2901 tag=eb5fd14de4 running elapsed=20s limit=120s
[5/45] id=2901 tag=eb5fd14de4 running elapsed=30s limit=120s
[5/45] id=2901 tag=eb5fd14de4 running elapsed=40s limit=120s
[5/45] id=2901 tag=eb5fd14de4 running elapsed=50s limit=120s
[5/45] id=2901 tag=eb5fd14de4 running elapsed=60s limit=120s
[5/45] id=2901 tag=eb5fd14de4 running elapsed=70s limit=120s
[5/45] id=2901 tag=eb5fd14de4 running elapsed=80s limit=120s
[5/45] id=2901 tag=eb5fd14de4 running elapsed=90s limit=120s
[5/45] id=2901 tag=eb5fd14de4 done status=infeasible L=- sec=97.70
[6/45] id=2911 tag=e2e8e70b39 start width=8
[6/45] id=2911 tag=e2e8e70b39 running elapsed=10s limit=120s
[6/45] id=2911 tag=e2e8e70b39 running elapsed=20s limit=120s
[6/45] id=2911 tag=e2e8e70b39 running elapsed=30s limit=120s
[6/45] id=2911 tag=e2e8e70b39 running elapsed=40s limit=120s
[6/45] id=2911 tag=e2e8e70b39 running elapsed=50s limit=120s
[6/45] id=2911 tag=e2e8e70b39 done status=infeasible L=- sec=56.16
[7/45] id=2981 tag=7605561a19 start width=8
[7/45] id=2981 tag=7605561a19 running elapsed=10s limit=120s
[7/45] id=2981 tag=7605561a19 running elapsed=20s limit=120s
[7/45] id=2981 tag=7605561a19 running elapsed=30s limit=120s
[7/45] id=2981 tag=7605561a19 running elapsed=40s limit=120s
[7/45] id=2981 tag=7605561a19 running elapsed=50s limit=120s
[7/45] id=2981 tag=7605561a19 running elapsed=60s limit=120s
[7/45] id=2981 tag=7605561a19 running elapsed=70s limit=120s
[7/45] id=2981 tag=7605561a19 done status=infeasible L=- sec=74.45
[8/45] id=3221 tag=9ba3fa5e6c start width=8
[8/45] id=3221 tag=9ba3fa5e6c running elapsed=10s limit=120s
[8/45] id=3221 tag=9ba3fa5e6c running elapsed=20s limit=120s
[8/45] id=3221 tag=9ba3fa5e6c running elapsed=30s limit=120s
[8/45] id=3221 tag=9ba3fa5e6c running elapsed=40s limit=120s
[8/45] id=3221 tag=9ba3fa5e6c running elapsed=50s limit=120s
[8/45] id=3221 tag=9ba3fa5e6c running elapsed=60s limit=120s
[8/45] id=3221 tag=9ba3fa5e6c running elapsed=70s limit=120s
[8/45] id=3221 tag=9ba3fa5e6c running elapsed=80s limit=120s
[8/45] id=3221 tag=9ba3fa5e6c running elapsed=90s limit=120s
[8/45] id=3221 tag=9ba3fa5e6c running elapsed=100s limit=120s
[8/45] id=3221 tag=9ba3fa5e6c running elapsed=110s limit=120s
[8/45] id=3221 tag=9ba3fa5e6c done status=infeasible L=- sec=112.34
[9/45] id=3251 tag=dc8c4ffedb start width=8
[9/45] id=3251 tag=dc8c4ffedb running elapsed=10s limit=120s
[9/45] id=3251 tag=dc8c4ffedb running elapsed=20s limit=120s
[9/45] id=3251 tag=dc8c4ffedb running elapsed=30s limit=120s
[9/45] id=3251 tag=dc8c4ffedb running elapsed=40s limit=120s
[9/45] id=3251 tag=dc8c4ffedb running elapsed=50s limit=120s
[9/45] id=3251 tag=dc8c4ffedb running elapsed=60s limit=120s
[9/45] id=3251 tag=dc8c4ffedb running elapsed=70s limit=120s
[9/45] id=3251 tag=dc8c4ffedb running elapsed=80s limit=120s
[9/45] id=3251 tag=dc8c4ffedb running elapsed=90s limit=120s
[9/45] id=3251 tag=dc8c4ffedb running elapsed=100s limit=120s
[9/45] id=3251 tag=dc8c4ffedb running elapsed=110s limit=120s
[9/45] id=3251 tag=dc8c4ffedb running elapsed=120s limit=120s
[9/45] id=3251 tag=dc8c4ffedb done status=timeout L=- sec=120.05
[10/45] id=3511 tag=df55d04c01 start width=8
[10/45] id=3511 tag=df55d04c01 running elapsed=10s limit=120s
[10/45] id=3511 tag=df55d04c01 running elapsed=20s limit=120s
[10/45] id=3511 tag=df55d04c01 running elapsed=30s limit=120s
[10/45] id=3511 tag=df55d04c01 running elapsed=40s limit=120s
[10/45] id=3511 tag=df55d04c01 running elapsed=50s limit=120s
[10/45] id=3511 tag=df55d04c01 running elapsed=60s limit=120s
[10/45] id=3511 tag=df55d04c01 running elapsed=70s limit=120s
[10/45] id=3511 tag=df55d04c01 running elapsed=80s limit=120s
[10/45] id=3511 tag=df55d04c01 running elapsed=90s limit=120s
[10/45] id=3511 tag=df55d04c01 running elapsed=100s limit=120s
[10/45] id=3511 tag=df55d04c01 running elapsed=110s limit=120s
[10/45] id=3511 tag=df55d04c01 running elapsed=120s limit=120s
[10/45] id=3511 tag=df55d04c01 done status=timeout L=- sec=120.09
[11/45] id=3521 tag=7ef0af6fc5 start width=8
[11/45] id=3521 tag=7ef0af6fc5 running elapsed=10s limit=120s
[11/45] id=3521 tag=7ef0af6fc5 running elapsed=20s limit=120s
[11/45] id=3521 tag=7ef0af6fc5 running elapsed=30s limit=120s
[11/45] id=3521 tag=7ef0af6fc5 running elapsed=40s limit=120s
[11/45] id=3521 tag=7ef0af6fc5 running elapsed=50s limit=120s
[11/45] id=3521 tag=7ef0af6fc5 running elapsed=60s limit=120s
[11/45] id=3521 tag=7ef0af6fc5 running elapsed=70s limit=120s
[11/45] id=3521 tag=7ef0af6fc5 running elapsed=80s limit=120s
[11/45] id=3521 tag=7ef0af6fc5 running elapsed=90s limit=120s
[11/45] id=3521 tag=7ef0af6fc5 running elapsed=100s limit=120s
[11/45] id=3521 tag=7ef0af6fc5 running elapsed=110s limit=120s
[11/45] id=3521 tag=7ef0af6fc5 running elapsed=120s limit=120s
[11/45] id=3521 tag=7ef0af6fc5 done status=timeout L=- sec=120.05
[12/45] id=3571 tag=823a0ebc67 start width=8
[12/45] id=3571 tag=823a0ebc67 running elapsed=10s limit=120s
[12/45] id=3571 tag=823a0ebc67 running elapsed=20s limit=120s
[12/45] id=3571 tag=823a0ebc67 running elapsed=30s limit=120s
[12/45] id=3571 tag=823a0ebc67 running elapsed=40s limit=120s
[12/45] id=3571 tag=823a0ebc67 running elapsed=50s limit=120s
[12/45] id=3571 tag=823a0ebc67 running elapsed=60s limit=120s
[12/45] id=3571 tag=823a0ebc67 running elapsed=70s limit=120s
[12/45] id=3571 tag=823a0ebc67 running elapsed=80s limit=120s
[12/45] id=3571 tag=823a0ebc67 running elapsed=90s limit=120s
[12/45] id=3571 tag=823a0ebc67 running elapsed=100s limit=120s
[12/45] id=3571 tag=823a0ebc67 running elapsed=110s limit=120s
[12/45] id=3571 tag=823a0ebc67 done status=infeasible L=- sec=113.78
[13/45] id=4261 tag=0398a38b5d start width=8
[13/45] id=4261 tag=0398a38b5d running elapsed=10s limit=120s
[13/45] id=4261 tag=0398a38b5d running elapsed=20s limit=120s
[13/45] id=4261 tag=0398a38b5d running elapsed=30s limit=120s
[13/45] id=4261 tag=0398a38b5d running elapsed=40s limit=120s
[13/45] id=4261 tag=0398a38b5d running elapsed=50s limit=120s
[13/45] id=4261 tag=0398a38b5d running elapsed=60s limit=120s
[13/45] id=4261 tag=0398a38b5d running elapsed=70s limit=120s
[13/45] id=4261 tag=0398a38b5d running elapsed=80s limit=120s
[13/45] id=4261 tag=0398a38b5d running elapsed=90s limit=120s
[13/45] id=4261 tag=0398a38b5d running elapsed=100s limit=120s
[13/45] id=4261 tag=0398a38b5d running elapsed=110s limit=120s
[13/45] id=4261 tag=0398a38b5d running elapsed=120s limit=120s
[13/45] id=4261 tag=0398a38b5d done status=timeout L=- sec=120.06
[14/45] id=6621 tag=4bfa932d79 start width=8
[14/45] id=6621 tag=4bfa932d79 running elapsed=10s limit=120s
[14/45] id=6621 tag=4bfa932d79 running elapsed=20s limit=120s
[14/45] id=6621 tag=4bfa932d79 running elapsed=30s limit=120s
[14/45] id=6621 tag=4bfa932d79 running elapsed=40s limit=120s
[14/45] id=6621 tag=4bfa932d79 running elapsed=50s limit=120s
[14/45] id=6621 tag=4bfa932d79 running elapsed=60s limit=120s
[14/45] id=6621 tag=4bfa932d79 running elapsed=70s limit=120s
[14/45] id=6621 tag=4bfa932d79 running elapsed=80s limit=120s
[14/45] id=6621 tag=4bfa932d79 running elapsed=90s limit=120s
[14/45] id=6621 tag=4bfa932d79 running elapsed=100s limit=120s
[14/45] id=6621 tag=4bfa932d79 done status=infeasible L=- sec=104.68
[15/45] id=6631 tag=4e82c77c5e start width=8
[15/45] id=6631 tag=4e82c77c5e running elapsed=10s limit=120s
[15/45] id=6631 tag=4e82c77c5e running elapsed=20s limit=120s
[15/45] id=6631 tag=4e82c77c5e running elapsed=30s limit=120s
[15/45] id=6631 tag=4e82c77c5e running elapsed=40s limit=120s
[15/45] id=6631 tag=4e82c77c5e running elapsed=50s limit=120s
[15/45] id=6631 tag=4e82c77c5e running elapsed=60s limit=120s
[15/45] id=6631 tag=4e82c77c5e running elapsed=70s limit=120s
[15/45] id=6631 tag=4e82c77c5e running elapsed=80s limit=120s
[15/45] id=6631 tag=4e82c77c5e done status=infeasible L=- sec=82.56
[16/45] id=7361 tag=07caa9ae97 start width=8
[16/45] id=7361 tag=07caa9ae97 running elapsed=10s limit=120s
[16/45] id=7361 tag=07caa9ae97 running elapsed=20s limit=120s
[16/45] id=7361 tag=07caa9ae97 running elapsed=30s limit=120s
[16/45] id=7361 tag=07caa9ae97 running elapsed=40s limit=120s
[16/45] id=7361 tag=07caa9ae97 running elapsed=50s limit=120s
[16/45] id=7361 tag=07caa9ae97 running elapsed=60s limit=120s
[16/45] id=7361 tag=07caa9ae97 running elapsed=70s limit=120s
[16/45] id=7361 tag=07caa9ae97 running elapsed=80s limit=120s
[16/45] id=7361 tag=07caa9ae97 running elapsed=90s limit=120s
[16/45] id=7361 tag=07caa9ae97 running elapsed=100s limit=120s
[16/45] id=7361 tag=07caa9ae97 running elapsed=110s limit=120s
[16/45] id=7361 tag=07caa9ae97 running elapsed=120s limit=120s
[16/45] id=7361 tag=07caa9ae97 done status=timeout L=- sec=120.11
[17/45] id=7801 tag=b89c65c089 start width=8
[17/45] id=7801 tag=b89c65c089 running elapsed=10s limit=120s
[17/45] id=7801 tag=b89c65c089 running elapsed=20s limit=120s
[17/45] id=7801 tag=b89c65c089 running elapsed=30s limit=120s
[17/45] id=7801 tag=b89c65c089 running elapsed=40s limit=120s
[17/45] id=7801 tag=b89c65c089 running elapsed=50s limit=120s
[17/45] id=7801 tag=b89c65c089 done status=optimal L=44 sec=56.93
[18/45] id=7941 tag=55754f84b7 start width=8
[18/45] id=7941 tag=55754f84b7 running elapsed=10s limit=120s
[18/45] id=7941 tag=55754f84b7 running elapsed=20s limit=120s
[18/45] id=7941 tag=55754f84b7 running elapsed=30s limit=120s
[18/45] id=7941 tag=55754f84b7 running elapsed=40s limit=120s
[18/45] id=7941 tag=55754f84b7 running elapsed=50s limit=120s
[18/45] id=7941 tag=55754f84b7 running elapsed=60s limit=120s
[18/45] id=7941 tag=55754f84b7 running elapsed=70s limit=120s
[18/45] id=7941 tag=55754f84b7 running elapsed=80s limit=120s
[18/45] id=7941 tag=55754f84b7 running elapsed=90s limit=120s
[18/45] id=7941 tag=55754f84b7 running elapsed=100s limit=120s
[18/45] id=7941 tag=55754f84b7 running elapsed=110s limit=120s
[18/45] id=7941 tag=55754f84b7 running elapsed=120s limit=120s
[18/45] id=7941 tag=55754f84b7 done status=timeout L=- sec=120.06
[19/45] id=8361 tag=3783c21aee start width=8
[19/45] id=8361 tag=3783c21aee running elapsed=10s limit=120s
[19/45] id=8361 tag=3783c21aee running elapsed=20s limit=120s
[19/45] id=8361 tag=3783c21aee running elapsed=30s limit=120s
[19/45] id=8361 tag=3783c21aee running elapsed=40s limit=120s
[19/45] id=8361 tag=3783c21aee running elapsed=50s limit=120s
[19/45] id=8361 tag=3783c21aee running elapsed=60s limit=120s
[19/45] id=8361 tag=3783c21aee running elapsed=70s limit=120s
[19/45] id=8361 tag=3783c21aee running elapsed=80s limit=120s
[19/45] id=8361 tag=3783c21aee running elapsed=90s limit=120s
[19/45] id=8361 tag=3783c21aee running elapsed=100s limit=120s
[19/45] id=8361 tag=3783c21aee running elapsed=110s limit=120s
[19/45] id=8361 tag=3783c21aee running elapsed=120s limit=120s
[19/45] id=8361 tag=3783c21aee done status=timeout L=- sec=120.08
[20/45] id=8441 tag=587127893b start width=8
[20/45] id=8441 tag=587127893b running elapsed=10s limit=120s
[20/45] id=8441 tag=587127893b running elapsed=20s limit=120s
[20/45] id=8441 tag=587127893b running elapsed=30s limit=120s
[20/45] id=8441 tag=587127893b running elapsed=40s limit=120s
[20/45] id=8441 tag=587127893b running elapsed=50s limit=120s
[20/45] id=8441 tag=587127893b running elapsed=60s limit=120s
[20/45] id=8441 tag=587127893b running elapsed=70s limit=120s
[20/45] id=8441 tag=587127893b running elapsed=80s limit=120s
[20/45] id=8441 tag=587127893b running elapsed=90s limit=120s
[20/45] id=8441 tag=587127893b running elapsed=100s limit=120s
[20/45] id=8441 tag=587127893b running elapsed=110s limit=120s
[20/45] id=8441 tag=587127893b running elapsed=120s limit=120s
[20/45] id=8441 tag=587127893b done status=timeout L=- sec=120.05
[21/45] id=9031 tag=69ddac17eb start width=8
[21/45] id=9031 tag=69ddac17eb running elapsed=10s limit=120s
[21/45] id=9031 tag=69ddac17eb running elapsed=20s limit=120s
[21/45] id=9031 tag=69ddac17eb running elapsed=30s limit=120s
[21/45] id=9031 tag=69ddac17eb running elapsed=40s limit=120s
[21/45] id=9031 tag=69ddac17eb running elapsed=50s limit=120s
[21/45] id=9031 tag=69ddac17eb running elapsed=60s limit=120s
[21/45] id=9031 tag=69ddac17eb running elapsed=70s limit=120s
[21/45] id=9031 tag=69ddac17eb running elapsed=80s limit=120s
[21/45] id=9031 tag=69ddac17eb running elapsed=90s limit=120s
[21/45] id=9031 tag=69ddac17eb running elapsed=100s limit=120s
[21/45] id=9031 tag=69ddac17eb running elapsed=110s limit=120s
[21/45] id=9031 tag=69ddac17eb running elapsed=120s limit=120s
[21/45] id=9031 tag=69ddac17eb done status=timeout L=- sec=120.05
[22/45] id=9591 tag=d84a4676a7 start width=8
[22/45] id=9591 tag=d84a4676a7 running elapsed=10s limit=120s
[22/45] id=9591 tag=d84a4676a7 running elapsed=20s limit=120s
[22/45] id=9591 tag=d84a4676a7 running elapsed=30s limit=120s
[22/45] id=9591 tag=d84a4676a7 running elapsed=40s limit=120s
[22/45] id=9591 tag=d84a4676a7 running elapsed=50s limit=120s
[22/45] id=9591 tag=d84a4676a7 running elapsed=60s limit=120s
[22/45] id=9591 tag=d84a4676a7 done status=infeasible L=- sec=61.52
[23/45] id=9601 tag=42438458a3 start width=8
[23/45] id=9601 tag=42438458a3 running elapsed=10s limit=120s
[23/45] id=9601 tag=42438458a3 running elapsed=20s limit=120s
[23/45] id=9601 tag=42438458a3 done status=infeasible L=- sec=27.69
[24/45] id=9841 tag=18212dc4cd start width=8
[24/45] id=9841 tag=18212dc4cd running elapsed=10s limit=120s
[24/45] id=9841 tag=18212dc4cd running elapsed=20s limit=120s
[24/45] id=9841 tag=18212dc4cd running elapsed=30s limit=120s
[24/45] id=9841 tag=18212dc4cd running elapsed=40s limit=120s
[24/45] id=9841 tag=18212dc4cd running elapsed=50s limit=120s
[24/45] id=9841 tag=18212dc4cd running elapsed=60s limit=120s
[24/45] id=9841 tag=18212dc4cd running elapsed=70s limit=120s
[24/45] id=9841 tag=18212dc4cd running elapsed=80s limit=120s
[24/45] id=9841 tag=18212dc4cd running elapsed=90s limit=120s
[24/45] id=9841 tag=18212dc4cd running elapsed=100s limit=120s
[24/45] id=9841 tag=18212dc4cd running elapsed=110s limit=120s
[24/45] id=9841 tag=18212dc4cd running elapsed=120s limit=120s
[24/45] id=9841 tag=18212dc4cd done status=timeout L=- sec=120.05
[25/45] id=9851 tag=49cc46ebd4 start width=8
[25/45] id=9851 tag=49cc46ebd4 running elapsed=10s limit=120s
[25/45] id=9851 tag=49cc46ebd4 running elapsed=20s limit=120s
[25/45] id=9851 tag=49cc46ebd4 running elapsed=30s limit=120s
[25/45] id=9851 tag=49cc46ebd4 running elapsed=40s limit=120s
[25/45] id=9851 tag=49cc46ebd4 running elapsed=50s limit=120s
[25/45] id=9851 tag=49cc46ebd4 done status=infeasible L=- sec=50.20
[26/45] id=9991 tag=02fe348d81 start width=8
[26/45] id=9991 tag=02fe348d81 running elapsed=10s limit=120s
[26/45] id=9991 tag=02fe348d81 running elapsed=20s limit=120s
[26/45] id=9991 tag=02fe348d81 running elapsed=30s limit=120s
[26/45] id=9991 tag=02fe348d81 running elapsed=40s limit=120s
[26/45] id=9991 tag=02fe348d81 done status=infeasible L=- sec=42.82
[27/45] id=10001 tag=1ee7d77302 start width=8
[27/45] id=10001 tag=1ee7d77302 running elapsed=10s limit=120s
[27/45] id=10001 tag=1ee7d77302 running elapsed=20s limit=120s
[27/45] id=10001 tag=1ee7d77302 running elapsed=30s limit=120s
[27/45] id=10001 tag=1ee7d77302 running elapsed=40s limit=120s
[27/45] id=10001 tag=1ee7d77302 running elapsed=50s limit=120s
[27/45] id=10001 tag=1ee7d77302 running elapsed=60s limit=120s
[27/45] id=10001 tag=1ee7d77302 done status=infeasible L=- sec=62.43
[28/45] id=12611 tag=ca6106715a start width=8
[28/45] id=12611 tag=ca6106715a running elapsed=10s limit=120s
[28/45] id=12611 tag=ca6106715a running elapsed=20s limit=120s
[28/45] id=12611 tag=ca6106715a running elapsed=30s limit=120s
[28/45] id=12611 tag=ca6106715a running elapsed=40s limit=120s
[28/45] id=12611 tag=ca6106715a running elapsed=50s limit=120s
[28/45] id=12611 tag=ca6106715a running elapsed=60s limit=120s
[28/45] id=12611 tag=ca6106715a running elapsed=70s limit=120s
[28/45] id=12611 tag=ca6106715a running elapsed=80s limit=120s
[28/45] id=12611 tag=ca6106715a running elapsed=90s limit=120s
[28/45] id=12611 tag=ca6106715a running elapsed=100s limit=120s
[28/45] id=12611 tag=ca6106715a running elapsed=110s limit=120s
[28/45] id=12611 tag=ca6106715a running elapsed=120s limit=120s
[28/45] id=12611 tag=ca6106715a done status=timeout L=- sec=120.05
[29/45] id=13451 tag=afba47ccc9 start width=8
[29/45] id=13451 tag=afba47ccc9 running elapsed=10s limit=120s
[29/45] id=13451 tag=afba47ccc9 running elapsed=20s limit=120s
[29/45] id=13451 tag=afba47ccc9 running elapsed=30s limit=120s
[29/45] id=13451 tag=afba47ccc9 running elapsed=40s limit=120s
[29/45] id=13451 tag=afba47ccc9 running elapsed=50s limit=120s
[29/45] id=13451 tag=afba47ccc9 running elapsed=60s limit=120s
[29/45] id=13451 tag=afba47ccc9 running elapsed=70s limit=120s
[29/45] id=13451 tag=afba47ccc9 running elapsed=80s limit=120s
[29/45] id=13451 tag=afba47ccc9 running elapsed=90s limit=120s
[29/45] id=13451 tag=afba47ccc9 running elapsed=100s limit=120s
[29/45] id=13451 tag=afba47ccc9 running elapsed=110s limit=120s
[29/45] id=13451 tag=afba47ccc9 running elapsed=120s limit=120s
[29/45] id=13451 tag=afba47ccc9 done status=timeout L=- sec=120.10
[30/45] id=13461 tag=ada5eb2119 start width=8
[30/45] id=13461 tag=ada5eb2119 running elapsed=10s limit=120s
[30/45] id=13461 tag=ada5eb2119 running elapsed=20s limit=120s
[30/45] id=13461 tag=ada5eb2119 running elapsed=30s limit=120s
[30/45] id=13461 tag=ada5eb2119 running elapsed=40s limit=120s
[30/45] id=13461 tag=ada5eb2119 running elapsed=50s limit=120s
[30/45] id=13461 tag=ada5eb2119 running elapsed=60s limit=120s
[30/45] id=13461 tag=ada5eb2119 running elapsed=70s limit=120s
[30/45] id=13461 tag=ada5eb2119 running elapsed=80s limit=120s
[30/45] id=13461 tag=ada5eb2119 running elapsed=90s limit=120s
[30/45] id=13461 tag=ada5eb2119 running elapsed=100s limit=120s
[30/45] id=13461 tag=ada5eb2119 running elapsed=110s limit=120s
[30/45] id=13461 tag=ada5eb2119 done status=infeasible L=- sec=119.83
[31/45] id=13841 tag=bef2a56539 start width=8
[31/45] id=13841 tag=bef2a56539 running elapsed=10s limit=120s
[31/45] id=13841 tag=bef2a56539 running elapsed=20s limit=120s
[31/45] id=13841 tag=bef2a56539 running elapsed=30s limit=120s
[31/45] id=13841 tag=bef2a56539 done status=infeasible L=- sec=38.35
[32/45] id=13871 tag=0ac5f57dcd start width=8
[32/45] id=13871 tag=0ac5f57dcd running elapsed=10s limit=120s
[32/45] id=13871 tag=0ac5f57dcd running elapsed=20s limit=120s
[32/45] id=13871 tag=0ac5f57dcd running elapsed=30s limit=120s
[32/45] id=13871 tag=0ac5f57dcd running elapsed=40s limit=120s
[32/45] id=13871 tag=0ac5f57dcd running elapsed=50s limit=120s
[32/45] id=13871 tag=0ac5f57dcd running elapsed=60s limit=120s
[32/45] id=13871 tag=0ac5f57dcd running elapsed=70s limit=120s
[32/45] id=13871 tag=0ac5f57dcd running elapsed=80s limit=120s
[32/45] id=13871 tag=0ac5f57dcd done status=infeasible L=- sec=85.34
[33/45] id=13881 tag=3bd9968824 start width=8
[33/45] id=13881 tag=3bd9968824 running elapsed=10s limit=120s
[33/45] id=13881 tag=3bd9968824 running elapsed=20s limit=120s
[33/45] id=13881 tag=3bd9968824 running elapsed=30s limit=120s
[33/45] id=13881 tag=3bd9968824 running elapsed=40s limit=120s
[33/45] id=13881 tag=3bd9968824 running elapsed=50s limit=120s
[33/45] id=13881 tag=3bd9968824 running elapsed=60s limit=120s
[33/45] id=13881 tag=3bd9968824 running elapsed=70s limit=120s
[33/45] id=13881 tag=3bd9968824 running elapsed=80s limit=120s
[33/45] id=13881 tag=3bd9968824 running elapsed=90s limit=120s
[33/45] id=13881 tag=3bd9968824 running elapsed=100s limit=120s
[33/45] id=13881 tag=3bd9968824 running elapsed=110s limit=120s
[33/45] id=13881 tag=3bd9968824 running elapsed=120s limit=120s
[33/45] id=13881 tag=3bd9968824 done status=timeout L=- sec=120.06
[34/45] id=14541 tag=068ee2186f start width=8
[34/45] id=14541 tag=068ee2186f running elapsed=10s limit=120s
[34/45] id=14541 tag=068ee2186f running elapsed=20s limit=120s
[34/45] id=14541 tag=068ee2186f running elapsed=30s limit=120s
[34/45] id=14541 tag=068ee2186f running elapsed=40s limit=120s
[34/45] id=14541 tag=068ee2186f running elapsed=50s limit=120s
[34/45] id=14541 tag=068ee2186f running elapsed=60s limit=120s
[34/45] id=14541 tag=068ee2186f running elapsed=70s limit=120s
[34/45] id=14541 tag=068ee2186f running elapsed=80s limit=120s
[34/45] id=14541 tag=068ee2186f running elapsed=90s limit=120s
[34/45] id=14541 tag=068ee2186f running elapsed=100s limit=120s
[34/45] id=14541 tag=068ee2186f running elapsed=110s limit=120s
[34/45] id=14541 tag=068ee2186f running elapsed=120s limit=120s
[34/45] id=14541 tag=068ee2186f done status=timeout L=- sec=120.18
[35/45] id=15151 tag=88841c663b start width=8
[35/45] id=15151 tag=88841c663b running elapsed=10s limit=120s
[35/45] id=15151 tag=88841c663b running elapsed=20s limit=120s
[35/45] id=15151 tag=88841c663b running elapsed=30s limit=120s
[35/45] id=15151 tag=88841c663b running elapsed=40s limit=120s
[35/45] id=15151 tag=88841c663b running elapsed=50s limit=120s
[35/45] id=15151 tag=88841c663b running elapsed=60s limit=120s
[35/45] id=15151 tag=88841c663b running elapsed=70s limit=120s
[35/45] id=15151 tag=88841c663b running elapsed=80s limit=120s
[35/45] id=15151 tag=88841c663b running elapsed=90s limit=120s
[35/45] id=15151 tag=88841c663b running elapsed=100s limit=120s
[35/45] id=15151 tag=88841c663b running elapsed=110s limit=120s
[35/45] id=15151 tag=88841c663b done status=infeasible L=- sec=117.24
[36/45] id=15311 tag=035e0b51b4 start width=8
[36/45] id=15311 tag=035e0b51b4 running elapsed=10s limit=120s
[36/45] id=15311 tag=035e0b51b4 running elapsed=20s limit=120s
[36/45] id=15311 tag=035e0b51b4 running elapsed=30s limit=120s
[36/45] id=15311 tag=035e0b51b4 running elapsed=40s limit=120s
[36/45] id=15311 tag=035e0b51b4 running elapsed=50s limit=120s
[36/45] id=15311 tag=035e0b51b4 running elapsed=60s limit=120s
[36/45] id=15311 tag=035e0b51b4 running elapsed=70s limit=120s
[36/45] id=15311 tag=035e0b51b4 running elapsed=80s limit=120s
[36/45] id=15311 tag=035e0b51b4 running elapsed=90s limit=120s
[36/45] id=15311 tag=035e0b51b4 running elapsed=100s limit=120s
[36/45] id=15311 tag=035e0b51b4 done status=infeasible L=- sec=106.24
[37/45] id=17671 tag=e939099c82 start width=16
[37/45] id=17671 tag=e939099c82 running elapsed=10s limit=120s
[37/45] id=17671 tag=e939099c82 running elapsed=20s limit=120s
[37/45] id=17671 tag=e939099c82 running elapsed=30s limit=120s
[37/45] id=17671 tag=e939099c82 running elapsed=40s limit=120s
[37/45] id=17671 tag=e939099c82 running elapsed=50s limit=120s
[37/45] id=17671 tag=e939099c82 running elapsed=60s limit=120s
[37/45] id=17671 tag=e939099c82 running elapsed=70s limit=120s
[37/45] id=17671 tag=e939099c82 running elapsed=80s limit=120s
[37/45] id=17671 tag=e939099c82 running elapsed=90s limit=120s
[37/45] id=17671 tag=e939099c82 running elapsed=100s limit=120s
[37/45] id=17671 tag=e939099c82 running elapsed=110s limit=120s
[37/45] id=17671 tag=e939099c82 running elapsed=120s limit=120s
[37/45] id=17671 tag=e939099c82 done status=timeout L=- sec=120.17
[38/45] id=17721 tag=3f93b2c609 start width=16
[38/45] id=17721 tag=3f93b2c609 running elapsed=10s limit=120s
[38/45] id=17721 tag=3f93b2c609 running elapsed=20s limit=120s
[38/45] id=17721 tag=3f93b2c609 running elapsed=30s limit=120s
[38/45] id=17721 tag=3f93b2c609 running elapsed=40s limit=120s
[38/45] id=17721 tag=3f93b2c609 running elapsed=50s limit=120s
[38/45] id=17721 tag=3f93b2c609 running elapsed=60s limit=120s
[38/45] id=17721 tag=3f93b2c609 running elapsed=70s limit=120s
[38/45] id=17721 tag=3f93b2c609 running elapsed=80s limit=120s
[38/45] id=17721 tag=3f93b2c609 running elapsed=90s limit=120s
[38/45] id=17721 tag=3f93b2c609 running elapsed=100s limit=120s
[38/45] id=17721 tag=3f93b2c609 running elapsed=110s limit=120s
[38/45] id=17721 tag=3f93b2c609 running elapsed=120s limit=120s
[38/45] id=17721 tag=3f93b2c609 done status=timeout L=- sec=120.14
[39/45] id=17731 tag=52a104ff9b start width=16
[39/45] id=17731 tag=52a104ff9b running elapsed=10s limit=120s
[39/45] id=17731 tag=52a104ff9b running elapsed=20s limit=120s
[39/45] id=17731 tag=52a104ff9b running elapsed=30s limit=120s
[39/45] id=17731 tag=52a104ff9b running elapsed=40s limit=120s
[39/45] id=17731 tag=52a104ff9b running elapsed=50s limit=120s
[39/45] id=17731 tag=52a104ff9b running elapsed=60s limit=120s
[39/45] id=17731 tag=52a104ff9b running elapsed=70s limit=120s
[39/45] id=17731 tag=52a104ff9b running elapsed=80s limit=120s
[39/45] id=17731 tag=52a104ff9b done status=optimal L=42 sec=81.36
[40/45] id=21731 tag=c7d578c5db start width=16
[40/45] id=21731 tag=c7d578c5db running elapsed=10s limit=120s
[40/45] id=21731 tag=c7d578c5db running elapsed=20s limit=120s
[40/45] id=21731 tag=c7d578c5db running elapsed=30s limit=120s
[40/45] id=21731 tag=c7d578c5db done status=optimal L=40 sec=39.02
[41/45] id=22051 tag=93558be4ef start width=16
[41/45] id=22051 tag=93558be4ef running elapsed=10s limit=120s
[41/45] id=22051 tag=93558be4ef running elapsed=20s limit=120s
[41/45] id=22051 tag=93558be4ef done status=optimal L=30 sec=27.26
[42/45] id=22661 tag=8364074405 start width=16
[42/45] id=22661 tag=8364074405 running elapsed=10s limit=120s
[42/45] id=22661 tag=8364074405 running elapsed=20s limit=120s
[42/45] id=22661 tag=8364074405 running elapsed=30s limit=120s
[42/45] id=22661 tag=8364074405 running elapsed=40s limit=120s
[42/45] id=22661 tag=8364074405 running elapsed=50s limit=120s
[42/45] id=22661 tag=8364074405 done status=optimal L=40 sec=57.22
[43/45] id=24951 tag=ec68244acc start width=16
[43/45] id=24951 tag=ec68244acc running elapsed=10s limit=120s
[43/45] id=24951 tag=ec68244acc running elapsed=20s limit=120s
[43/45] id=24951 tag=ec68244acc running elapsed=30s limit=120s
[43/45] id=24951 tag=ec68244acc running elapsed=40s limit=120s
[43/45] id=24951 tag=ec68244acc running elapsed=50s limit=120s
[43/45] id=24951 tag=ec68244acc running elapsed=60s limit=120s
[43/45] id=24951 tag=ec68244acc running elapsed=70s limit=120s
[43/45] id=24951 tag=ec68244acc running elapsed=80s limit=120s
[43/45] id=24951 tag=ec68244acc running elapsed=90s limit=120s
[43/45] id=24951 tag=ec68244acc running elapsed=100s limit=120s
[43/45] id=24951 tag=ec68244acc running elapsed=110s limit=120s
[43/45] id=24951 tag=ec68244acc running elapsed=120s limit=120s
[43/45] id=24951 tag=ec68244acc done status=timeout L=- sec=120.15
[44/45] id=24961 tag=724b14dec2 start width=16
[44/45] id=24961 tag=724b14dec2 running elapsed=10s limit=120s
[44/45] id=24961 tag=724b14dec2 running elapsed=20s limit=120s
[44/45] id=24961 tag=724b14dec2 running elapsed=30s limit=120s
[44/45] id=24961 tag=724b14dec2 running elapsed=40s limit=120s
[44/45] id=24961 tag=724b14dec2 running elapsed=50s limit=120s
[44/45] id=24961 tag=724b14dec2 running elapsed=60s limit=120s
[44/45] id=24961 tag=724b14dec2 running elapsed=70s limit=120s
[44/45] id=24961 tag=724b14dec2 running elapsed=80s limit=120s
[44/45] id=24961 tag=724b14dec2 running elapsed=90s limit=120s
[44/45] id=24961 tag=724b14dec2 running elapsed=100s limit=120s
[44/45] id=24961 tag=724b14dec2 running elapsed=110s limit=120s
[44/45] id=24961 tag=724b14dec2 running elapsed=120s limit=120s
[44/45] id=24961 tag=724b14dec2 done status=timeout L=- sec=120.16
[45/45] id=26361 tag=c3057196b8 start width=16
[45/45] id=26361 tag=c3057196b8 running elapsed=10s limit=120s
[45/45] id=26361 tag=c3057196b8 running elapsed=20s limit=120s
[45/45] id=26361 tag=c3057196b8 running elapsed=30s limit=120s
[45/45] id=26361 tag=c3057196b8 running elapsed=40s limit=120s
[45/45] id=26361 tag=c3057196b8 running elapsed=50s limit=120s
[45/45] id=26361 tag=c3057196b8 running elapsed=60s limit=120s
[45/45] id=26361 tag=c3057196b8 running elapsed=70s limit=120s
[45/45] id=26361 tag=c3057196b8 running elapsed=80s limit=120s
[45/45] id=26361 tag=c3057196b8 running elapsed=90s limit=120s
[45/45] id=26361 tag=c3057196b8 running elapsed=100s limit=120s
[45/45] id=26361 tag=c3057196b8 running elapsed=110s limit=120s
[45/45] id=26361 tag=c3057196b8 running elapsed=120s limit=120s
[45/45] id=26361 tag=c3057196b8 done status=timeout L=- sec=120.12
[done] shard=01 completed=45
