[start] mode=push shard=08/10 jobs=52
[1/52] id=1568 tag=c0a1b455f9 start width=8
[1/52] id=1568 tag=c0a1b455f9 running elapsed=10s limit=120s
[1/52] id=1568 tag=c0a1b455f9 running elapsed=20s limit=120s
[1/52] id=1568 tag=c0a1b455f9 running elapsed=30s limit=120s
[1/52] id=1568 tag=c0a1b455f9 running elapsed=40s limit=120s
[1/52] id=1568 tag=c0a1b455f9 running elapsed=50s limit=120s
[1/52] id=1568 tag=c0a1b455f9 running elapsed=60s limit=120s
[1/52] id=1568 tag=c0a1b455f9 running elapsed=70s limit=120s
[1/52] id=1568 tag=c0a1b455f9 running elapsed=80s limit=120s
[1/52] id=1568 tag=c0a1b455f9 done status=infeasible L=- sec=83.61
[2/52] id=1808 tag=2b6c65fa54 start width=8
[2/52] id=1808 tag=2b6c65fa54 running elapsed=10s limit=120s
[2/52] id=1808 tag=2b6c65fa54 running elapsed=20s limit=120s
[2/52] id=1808 tag=2b6c65fa54 running elapsed=30s limit=120s
[2/52] id=1808 tag=2b6c65fa54 running elapsed=40s limit=120s
[2/52] id=1808 tag=2b6c65fa54 running elapsed=50s limit=120s
[2/52] id=1808 tag=2b6c65fa54 running elapsed=60s limit=120s
[2/52] id=1808 tag=2b6c65fa54 running elapsed=70s limit=120s
[2/52] id=1808 tag=2b6c65fa54 running elapsed=80s limit=120s
[2/52] id=1808 tag=2b6c65fa54 running elapsed=90s limit=120s
[2/52] id=1808 tag=2b6c65fa54 running elapsed=100s limit=120s
[2/52] id=1808 tag=2b6c65fa54 running elapsed=110s limit=120s
[2/52] id=1808 tag=2b6c65fa54 running elapsed=120s limit=120s
[2/52] id=1808 tag=2b6c65fa54 done status=timeout L=- sec=120.08
[3/52] id=1928 tag=f6a6c6d001 start width=8
[3/52] id=1928 tag=f6a6c6d001 running elapsed=10s limit=120s
[3/52] id=1928 tag=f6a6c6d001 running elapsed=20s limit=120s
[3/52] id=1928 tag=f6a6c6d001 running elapsed=30s limit=120s
[3/52] id=1928 tag=f6a6c6d001 running elapsed=40s limit=120s
[3/52] id=1928 tag=f6a6c6d001 running elapsed=50s limit=120s
[3/52] id=1928 tag=f6a6c6d001 running elapsed=60s limit=120s
[3/52] id=1928 tag=f6a6c6d001 running elapsed=70s limit=120s
[3/52] id=1928 tag=f6a6c6d001 running elapsed=80s limit=120s
[3/52] id=1928 tag=f6a6c6d001 running elapsed=90s limit=120s
[3/52] id=1928 tag=f6a6c6d001 running elapsed=100s limit=120s
[3/52] id=1928 tag=f6a6c6d001 done status=infeasible L=- sec=108.56
[4/52] id=1938 tag=5aacff1138 start width=8
[4/52] id=1938 tag=5aacff1138 running elapsed=10s limit=120s
[4/52] id=1938 tag=5aacff1138 running elapsed=20s limit=120s
[4/52] id=1938 tag=5aacff1138 running elapsed=30s limit=120s
[4/52] id=1938 tag=5aacff1138 running elapsed=40s limit=120s
[4/52] id=1938 tag=5aacff1138 running elapsed=50s limit=120s
[4/52] id=1938 tag=5aacff1138 running elapsed=60s limit=120s
[4/52] id=1938 tag=5aacff1138 running elapsed=70s limit=120s
[4/52] id=1938 tag=5aacff1138 running elapsed=80s limit=120s
[4/52] id=1938 tag=5aacff1138 running elapsed=90s limit=120s
[4/52] id=1938 tag=5aacff1138 running elapsed=100s limit=120s
[4/52] id=1938 tag=5aacff1138 running elapsed=110s limit=120s
[4/52] id=1938 tag=5aacff1138 running elapsed=120s limit=120s
[4/52] id=1938 tag=5aacff1138 done status=timeout L=- sec=120.06
[5/52] id=2848 tag=b1cedf7deb start width=8
[5/52] id=2848 tag=b1cedf7deb running elapsed=10s limit=120s
[5/52] id=2848 tag=b1cedf7deb running elapsed=20s limit=120s
[5/52] id=2848 tag=b1cedf7deb running elapsed=30s limit=120s
[5/52] id=2848 tag=b1cedf7deb running elapsed=40s limit=120s
[5/52] id=2848 tag=b1cedf7deb running elapsed=50s limit=120s
[5/52] id=2848 tag=b1cedf7deb running elapsed=60s limit=120s
[5/52] id=2848 tag=b1cedf7deb running elapsed=70s limit=120s
[5/52] id=2848 tag=b1cedf7deb running elapsed=80s limit=120s
[5/52] id=2848 tag=b1cedf7deb running elapsed=90s limit=120s
[5/52] id=2848 tag=b1cedf7deb running elapsed=100s limit=120s
[5/52] id=2848 tag=b1cedf7deb running elapsed=110s limit=120s
[5/52] id=2848 tag=b1cedf7deb running elapsed=120s limit=120s
[5/52] id=2848 tag=b1cedf7deb done status=timeout L=- sec=120.07
[6/52] id=3138 tag=6bce356edd start width=8
[6/52] id=3138 tag=6bce356edd running elapsed=10s limit=120s
[6/52] id=3138 tag=6bce356edd running elapsed=20s limit=120s
[6/52] id=3138 tag=6bce356edd running elapsed=30s limit=120s
[6/52] id=3138 tag=6bce356edd running elapsed=40s limit=120s
[6/52] id=3138 tag=6bce356edd running elapsed=50s limit=120s
[6/52] id=3138 tag=6bce356edd running elapsed=60s limit=120s
[6/52] id=3138 tag=6bce356edd running elapsed=70s limit=120s
[6/52] id=3138 tag=6bce356edd running elapsed=80s limit=120s
[6/52] id=3138 tag=6bce356edd done status=infeasible L=- sec=88.58
[7/52] id=3488 tag=911fcd63ec start width=8
[7/52] id=3488 tag=911fcd63ec running elapsed=10s limit=120s
[7/52] id=3488 tag=911fcd63ec running elapsed=20s limit=120s
[7/52] id=3488 tag=911fcd63ec running elapsed=30s limit=120s
[7/52] id=3488 tag=911fcd63ec running elapsed=40s limit=120s
[7/52] id=3488 tag=911fcd63ec running elapsed=50s limit=120s
[7/52] id=3488 tag=911fcd63ec running elapsed=60s limit=120s
[7/52] id=3488 tag=911fcd63ec running elapsed=70s limit=120s
[7/52] id=3488 tag=911fcd63ec running elapsed=80s limit=120s
[7/52] id=3488 tag=911fcd63ec running elapsed=90s limit=120s
[7/52] id=3488 tag=911fcd63ec running elapsed=100s limit=120s
[7/52] id=3488 tag=911fcd63ec running elapsed=110s limit=120s
[7/52] id=3488 tag=911fcd63ec running elapsed=120s limit=120s
[7/52] id=3488 tag=911fcd63ec done status=timeout L=- sec=120.06
[8/52] id=3618 tag=d202931380 start width=8
[8/52] id=3618 tag=d202931380 running elapsed=10s limit=120s
[8/52] id=3618 tag=d202931380 running elapsed=20s limit=120s
[8/52] id=3618 tag=d202931380 running elapsed=30s limit=120s
[8/52] id=3618 tag=d202931380 running elapsed=40s limit=120s
[8/52] id=3618 tag=d202931380 running elapsed=50s limit=120s
[8/52] id=3618 tag=d202931380 running elapsed=60s limit=120s
[8/52] id=3618 tag=d202931380 running elapsed=70s limit=120s
[8/52] id=3618 tag=d202931380 running elapsed=80s limit=120s
[8/52] id=3618 tag=d202931380 running elapsed=90s limit=120s
[8/52] id=3618 tag=d202931380 running elapsed=100s limit=120s
[8/52] id=3618 tag=d202931380 running elapsed=110s limit=120s
[8/52] id=3618 tag=d202931380 running elapsed=120s limit=120s
[8/52] id=3618 tag=d202931380 done status=timeout L=- sec=120.05
[9/52] id=3628 tag=794da021a2 start width=8
[9/52] id=3628 tag=794da021a2 running elapsed=10s limit=120s
[9/52] id=3628 tag=794da021a2 running elapsed=20s limit=120s
[9/52] id=3628 tag=794da021a2 running elapsed=30s limit=120s
[9/52] id=3628 tag=794da021a2 running elapsed=40s limit=120s
[9/52] id=3628 tag=794da021a2 running elapsed=50s limit=120s
[9/52] id=3628 tag=794da021a2 running elapsed=60s limit=120s
[9/52] id=3628 tag=794da021a2 running elapsed=70s limit=120s
[9/52] id=3628 tag=794da021a2 running elapsed=80s limit=120s
[9/52] id=3628 tag=794da021a2 done status=infeasible L=- sec=86.99
[10/52] id=6618 tag=19bc7ad7a1 start width=8
[10/52] id=6618 tag=19bc7ad7a1 running elapsed=10s limit=120s
[10/52] id=6618 tag=19bc7ad7a1 running elapsed=20s limit=120s
[10/52] id=6618 tag=19bc7ad7a1 running elapsed=30s limit=120s
[10/52] id=6618 tag=19bc7ad7a1 running elapsed=40s limit=120s
[10/52] id=6618 tag=19bc7ad7a1 running elapsed=50s limit=120s
[10/52] id=6618 tag=19bc7ad7a1 running elapsed=60s limit=120s
[10/52] id=6618 tag=19bc7ad7a1 running elapsed=70s limit=120s
[10/52] id=6618 tag=19bc7ad7a1 running elapsed=80s limit=120s
[10/52] id=6618 tag=19bc7ad7a1 running elapsed=90s limit=120s
[10/52] id=6618 tag=19bc7ad7a1 running elapsed=100s limit=120s
[10/52] id=6618 tag=19bc7ad7a1 running elapsed=110s limit=120s
[10/52] id=6618 tag=19bc7ad7a1 running elapsed=120s limit=120s
[10/52] id=6618 tag=19bc7ad7a1 done status=timeout L=- sec=120.06
[11/52] id=6978 tag=fa86eadba4 start width=8
[11/52] id=6978 tag=fa86eadba4 running elapsed=10s limit=120s
[11/52] id=6978 tag=fa86eadba4 running elapsed=20s limit=120s
[11/52] id=6978 tag=fa86eadba4 running elapsed=30s limit=120s
[11/52] id=6978 tag=fa86eadba4 running elapsed=40s limit=120s
[11/52] id=6978 tag=fa86eadba4 running elapsed=50s limit=120s
[11/52] id=6978 tag=fa86eadba4 done status=optimal L=48 sec=54.88
[12/52] id=7708 tag=e85b2e73d8 start width=8
[12/52] id=7708 tag=e85b2e73d8 running elapsed=10s limit=120s
[12/52] id=7708 tag=e85b2e73d8 running elapsed=20s limit=120s
[12/52] id=7708 tag=e85b2e73d8 running elapsed=30s limit=120s
[12/52] id=7708 tag=e85b2e73d8 running elapsed=40s limit=120s
[12/52] id=7708 tag=e85b2e73d8 done status=infeasible L=- sec=45.57
[13/52] id=7728 tag=31eeb636e6 start width=8
[13/52] id=7728 tag=31eeb636e6 running elapsed=10s limit=120s
[13/52] id=7728 tag=31eeb636e6 running elapsed=20s limit=120s
[13/52] id=7728 tag=31eeb636e6 running elapsed=30s limit=120s
[13/52] id=7728 tag=31eeb636e6 running elapsed=40s limit=120s
[13/52] id=7728 tag=31eeb636e6 running elapsed=50s limit=120s
[13/52] id=7728 tag=31eeb636e6 running elapsed=60s limit=120s
[13/52] id=7728 tag=31eeb636e6 running elapsed=70s limit=120s
[13/52] id=7728 tag=31eeb636e6 running elapsed=80s limit=120s
[13/52] id=7728 tag=31eeb636e6 running elapsed=90s limit=120s
[13/52] id=7728 tag=31eeb636e6 running elapsed=100s limit=120s
[13/52] id=7728 tag=31eeb636e6 running elapsed=110s limit=120s
[13/52] id=7728 tag=31eeb636e6 running elapsed=120s limit=120s
[13/52] id=7728 tag=31eeb636e6 done status=timeout L=- sec=120.05
[14/52] id=8088 tag=d4c1d0d04b start width=8
[14/52] id=8088 tag=d4c1d0d04b running elapsed=10s limit=120s
[14/52] id=8088 tag=d4c1d0d04b running elapsed=20s limit=120s
[14/52] id=8088 tag=d4c1d0d04b running elapsed=30s limit=120s
[14/52] id=8088 tag=d4c1d0d04b running elapsed=40s limit=120s
[14/52] id=8088 tag=d4c1d0d04b running elapsed=50s limit=120s
[14/52] id=8088 tag=d4c1d0d04b running elapsed=60s limit=120s
[14/52] id=8088 tag=d4c1d0d04b done status=infeasible L=- sec=68.94
[15/52] id=8278 tag=57dfa0304d start width=8
[15/52] id=8278 tag=57dfa0304d running elapsed=10s limit=120s
[15/52] id=8278 tag=57dfa0304d running elapsed=20s limit=120s
[15/52] id=8278 tag=57dfa0304d running elapsed=30s limit=120s
[15/52] id=8278 tag=57dfa0304d running elapsed=40s limit=120s
[15/52] id=8278 tag=57dfa0304d running elapsed=50s limit=120s
[15/52] id=8278 tag=57dfa0304d running elapsed=60s limit=120s
[15/52] id=8278 tag=57dfa0304d running elapsed=70s limit=120s
[15/52] id=8278 tag=57dfa0304d running elapsed=80s limit=120s
[15/52] id=8278 tag=57dfa0304d running elapsed=90s limit=120s
[15/52] id=8278 tag=57dfa0304d running elapsed=100s limit=120s
[15/52] id=8278 tag=57dfa0304d running elapsed=110s limit=120s
[15/52] id=8278 tag=57dfa0304d running elapsed=120s limit=120s
[15/52] id=8278 tag=57dfa0304d done status=timeout L=- sec=120.08
[16/52] id=8378 tag=d725449ce8 start width=8
[16/52] id=8378 tag=d725449ce8 running elapsed=10s limit=120s
[16/52] id=8378 tag=d725449ce8 running elapsed=20s limit=120s
[16/52] id=8378 tag=d725449ce8 running elapsed=30s limit=120s
[16/52] id=8378 tag=d725449ce8 running elapsed=40s limit=120s
[16/52] id=8378 tag=d725449ce8 done status=infeasible L=- sec=49.00
[17/52] id=8388 tag=e33d4b54c9 start width=8
[17/52] id=8388 tag=e33d4b54c9 running elapsed=10s limit=120s
[17/52] id=8388 tag=e33d4b54c9 running elapsed=20s limit=120s
[17/52] id=8388 tag=e33d4b54c9 running elapsed=30s limit=120s
[17/52] id=8388 tag=e33d4b54c9 running elapsed=40s limit=120s
[17/52] id=8388 tag=e33d4b54c9 running elapsed=50s limit=120s
[17/52] id=8388 tag=e33d4b54c9 running elapsed=60s limit=120s
[17/52] id=8388 tag=e33d4b54c9 running elapsed=70s limit=120s
[17/52] id=8388 tag=e33d4b54c9 running elapsed=80s limit=120s
[17/52] id=8388 tag=e33d4b54c9 running elapsed=90s limit=120s
[17/52] id=8388 tag=e33d4b54c9 running elapsed=100s limit=120s
[17/52] id=8388 tag=e33d4b54c9 running elapsed=110s limit=120s
[17/52] id=8388 tag=e33d4b54c9 running elapsed=120s limit=120s
[17/52] id=8388 tag=e33d4b54c9 done status=timeout L=- sec=120.06
[18/52] id=8588 tag=4de6ba801f start width=8
[18/52] id=8588 tag=4de6ba801f running elapsed=10s limit=120s
[18/52] id=8588 tag=4de6ba801f running elapsed=20s limit=120s
[18/52] id=8588 tag=4de6ba801f running elapsed=30s limit=120s
[18/52] id=8588 tag=4de6ba801f running elapsed=40s limit=120s
[18/52] id=8588 tag=4de6ba801f done status=infeasible L=- sec=44.04
[19/52] id=9058 tag=385c595036 start width=8
[19/52] id=9058 tag=385c595036 running elapsed=10s limit=120s
[19/52] id=9058 tag=385c595036 running elapsed=20s limit=120s
[19/52] id=9058 tag=385c595036 running elapsed=30s limit=120s
[19/52] id=9058 tag=385c595036 running elapsed=40s limit=120s
[19/52] id=9058 tag=385c595036 running elapsed=50s limit=120s
[19/52] id=9058 tag=385c595036 running elapsed=60s limit=120s
[19/52] id=9058 tag=385c595036 running elapsed=70s limit=120s
[19/52] id=9058 tag=385c595036 running elapsed=80s limit=120s
[19/52] id=9058 tag=385c595036 done status=infeasible L=- sec=85.10
[20/52] id=9068 tag=005d2ed2fa start width=8
[20/52] id=9068 tag=005d2ed2fa running elapsed=10s limit=120s
[20/52] id=9068 tag=005d2ed2fa running elapsed=20s limit=120s
[20/52] id=9068 tag=005d2ed2fa running elapsed=30s limit=120s
[20/52] id=9068 tag=005d2ed2fa running elapsed=40s limit=120s
[20/52] id=9068 tag=005d2ed2fa running elapsed=50s limit=120s
[20/52] id=9068 tag=005d2ed2fa running elapsed=60s limit=120s
[20/52] id=9068 tag=005d2ed2fa running elapsed=70s limit=120s
[20/52] id=9068 tag=005d2ed2fa running elapsed=80s limit=120s
[20/52] id=9068 tag=005d2ed2fa running elapsed=90s limit=120s
[20/52] id=9068 tag=005d2ed2fa running elapsed=100s limit=120s
[20/52] id=9068 tag=005d2ed2fa running elapsed=110s limit=120s
[20/52] id=9068 tag=005d2ed2fa running elapsed=120s limit=120s
[20/52] id=9068 tag=005d2ed2fa done status=timeout L=- sec=120.13
[21/52] id=9518 tag=f792baa8f3 start width=8
[21/52] id=9518 tag=f792baa8f3 running elapsed=10s limit=120s
[21/52] id=9518 tag=f792baa8f3 running elapsed=20s limit=120s
[21/52] id=9518 tag=f792baa8f3 running elapsed=30s limit=120s
[21/52] id=9518 tag=f792baa8f3 running elapsed=40s limit=120s
[21/52] id=9518 tag=f792baa8f3 running elapsed=50s limit=120s
[21/52] id=9518 tag=f792baa8f3 running elapsed=60s limit=120s
[21/52] id=9518 tag=f792baa8f3 running elapsed=70s limit=120s
[21/52] id=9518 tag=f792baa8f3 running elapsed=80s limit=120s
[21/52] id=9518 tag=f792baa8f3 running elapsed=90s limit=120s
[21/52] id=9518 tag=f792baa8f3 running elapsed=100s limit=120s
[21/52] id=9518 tag=f792baa8f3 running elapsed=110s limit=120s
[21/52] id=9518 tag=f792baa8f3 running elapsed=120s limit=120s
[21/52] id=9518 tag=f792baa8f3 done status=timeout L=- sec=120.07
[22/52] id=9598 tag=0c8906cd20 start width=8
[22/52] id=9598 tag=0c8906cd20 running elapsed=10s limit=120s
[22/52] id=9598 tag=0c8906cd20 running elapsed=20s limit=120s
[22/52] id=9598 tag=0c8906cd20 running elapsed=30s limit=120s
[22/52] id=9598 tag=0c8906cd20 running elapsed=40s limit=120s
[22/52] id=9598 tag=0c8906cd20 running elapsed=50s limit=120s
[22/52] id=9598 tag=0c8906cd20 running elapsed=60s limit=120s
[22/52] id=9598 tag=0c8906cd20 running elapsed=70s limit=120s
[22/52] id=9598 tag=0c8906cd20 running elapsed=80s limit=120s
[22/52] id=9598 tag=0c8906cd20 running elapsed=90s limit=120s
[22/52] id=9598 tag=0c8906cd20 running elapsed=100s limit=120s
[22/52] id=9598 tag=0c8906cd20 running elapsed=110s limit=120s
[22/52] id=9598 tag=0c8906cd20 running elapsed=120s limit=120s
[22/52] id=9598 tag=0c8906cd20 done status=timeout L=- sec=120.04
[23/52] id=10018 tag=2e944a9b6c start width=8
[23/52] id=10018 tag=2e944a9b6c running elapsed=10s limit=120s
[23/52] id=10018 tag=2e944a9b6c running elapsed=20s limit=120s
[23/52] id=10018 tag=2e944a9b6c running elapsed=30s limit=120s
[23/52] id=10018 tag=2e944a9b6c running elapsed=40s limit=120s
[23/52] id=10018 tag=2e944a9b6c running elapsed=50s limit=120s
[23/52] id=10018 tag=2e944a9b6c running elapsed=60s limit=120s
[23/52] id=10018 tag=2e944a9b6c running elapsed=70s limit=120s
[23/52] id=10018 tag=2e944a9b6c running elapsed=80s limit=120s
[23/52] id=10018 tag=2e944a9b6c running elapsed=90s limit=120s
[23/52] id=10018 tag=2e944a9b6c running elapsed=100s limit=120s
[23/52] id=10018 tag=2e944a9b6c running elapsed=110s limit=120s
[23/52] id=10018 tag=2e944a9b6c done status=optimal L=44 sec=119.54
[24/52] id=10248 tag=2da1f841ef start width=8
[24/52] id=10248 tag=2da1f841ef running elapsed=10s limit=120s
[24/52] id=10248 tag=2da1f841ef running elapsed=20s limit=120s
[24/52] id=10248 tag=2da1f841ef running elapsed=30s limit=120s
[24/52] id=10248 tag=2da1f841ef done status=optimal L=38 sec=37.37
[25/52] id=10808 tag=9604e955e5 start width=8
[25/52] id=10808 tag=9604e955e5 running elapsed=10s limit=120s
[25/52] id=10808 tag=9604e955e5 running elapsed=20s limit=120s
[25/52] id=10808 tag=9604e955e5 running elapsed=30s limit=120s
[25/52] id=10808 tag=9604e955e5 running elapsed=40s limit=120s
[25/52] id=10808 tag=9604e955e5 running elapsed=50s limit=120s
[25/52] id=10808 tag=9604e955e5 running elapsed=60s limit=120s
[25/52] id=10808 tag=9604e955e5 running elapsed=70s limit=120s
[25/52] id=10808 tag=9604e955e5 running elapsed=80s limit=120s
[25/52] id=10808 tag=9604e955e5 running elapsed=90s limit=120s
[25/52] id=10808 tag=9604e955e5 running elapsed=100s limit=120s
[25/52] id=10808 tag=9604e955e5 running elapsed=110s limit=120s
[25/52] id=10808 tag=9604e955e5 running elapsed=120s limit=120s
[25/52] id=10808 tag=9604e955e5 done status=timeout L=- sec=120.13
[26/52] id=11328 tag=76783561e1 start width=8
[26/52] id=11328 tag=76783561e1 running elapsed=10s limit=120s
[26/52] id=11328 tag=76783561e1 running elapsed=20s limit=120s
[26/52] id=11328 tag=76783561e1 running elapsed=30s limit=120s
[26/52] id=11328 tag=76783561e1 running elapsed=40s limit=120s
[26/52] id=11328 tag=76783561e1 running elapsed=50s limit=120s
[26/52] id=11328 tag=76783561e1 done status=optimal L=44 sec=58.46
[27/52] id=12698 tag=a91bb38990 start width=8
[27/52] id=12698 tag=a91bb38990 running elapsed=10s limit=120s
[27/52] id=12698 tag=a91bb38990 running elapsed=20s limit=120s
[27/52] id=12698 tag=a91bb38990 running elapsed=30s limit=120s
[27/52] id=12698 tag=a91bb38990 done status=infeasible L=- sec=39.70
[28/52] id=13288 tag=a10d97f8b7 start width=8
[28/52] id=13288 tag=a10d97f8b7 running elapsed=10s limit=120s
[28/52] id=13288 tag=a10d97f8b7 running elapsed=20s limit=120s
[28/52] id=13288 tag=a10d97f8b7 running elapsed=30s limit=120s
[28/52] id=13288 tag=a10d97f8b7 running elapsed=40s limit=120s
[28/52] id=13288 tag=a10d97f8b7 running elapsed=50s limit=120s
[28/52] id=13288 tag=a10d97f8b7 running elapsed=60s limit=120s
[28/52] id=13288 tag=a10d97f8b7 running elapsed=70s limit=120s
[28/52] id=13288 tag=a10d97f8b7 running elapsed=80s limit=120s
[28/52] id=13288 tag=a10d97f8b7 running elapsed=90s limit=120s
[28/52] id=13288 tag=a10d97f8b7 running elapsed=100s limit=120s
[28/52] id=13288 tag=a10d97f8b7 running elapsed=110s limit=120s
[28/52] id=13288 tag=a10d97f8b7 running elapsed=120s limit=120s
[28/52] id=13288 tag=a10d97f8b7 done status=timeout L=- sec=120.05
[29/52] id=13438 tag=3218a279da start width=8
[29/52] id=13438 tag=3218a279da running elapsed=10s limit=120s
[29/52] id=13438 tag=3218a279da running elapsed=20s limit=120s
[29/52] id=13438 tag=3218a279da running elapsed=30s limit=120s
[29/52] id=13438 tag=3218a279da running elapsed=40s limit=120s
[29/52] id=13438 tag=3218a279da running elapsed=50s limit=120s
[29/52] id=13438 tag=3218a279da running elapsed=60s limit=120s
[29/52] id=13438 tag=3218a279da running elapsed=70s limit=120s
[29/52] id=13438 tag=3218a279da done status=infeasible L=- sec=79.80
[30/52] id=13468 tag=81ebdd5fc6 start width=8
[30/52] id=13468 tag=81ebdd5fc6 running elapsed=10s limit=120s
[30/52] id=13468 tag=81ebdd5fc6 running elapsed=20s limit=120s
[30/52] id=13468 tag=81ebdd5fc6 running elapsed=30s limit=120s
[30/52] id=13468 tag=81ebdd5fc6 running elapsed=40s limit=120s
[30/52] id=13468 tag=81ebdd5fc6 running elapsed=50s limit=120s
[30/52] id=13468 tag=81ebdd5fc6 running elapsed=60s limit=120s
[30/52] id=13468 tag=81ebdd5fc6 running elapsed=70s limit=120s
[30/52] id=13468 tag=81ebdd5fc6 running elapsed=80s limit=120s
[30/52] id=13468 tag=81ebdd5fc6 running elapsed=90s limit=120s
[30/52] id=13468 tag=81ebdd5fc6 running elapsed=100s limit=120s
[30/52] id=13468 tag=81ebdd5fc6 running elapsed=110s limit=120s
[30/52] id=13468 tag=81ebdd5fc6 running elapsed=120s limit=120s
[30/52] id=13468 tag=81ebdd5fc6 done status=timeout L=- sec=120.06
[31/52] id=13928 tag=d260c6fd4a start width=8
[31/52] id=13928 tag=d260c6fd4a running elapsed=10s limit=120s
[31/52] id=13928 tag=d260c6fd4a running elapsed=20s limit=120s
[31/52] id=13928 tag=d260c6fd4a running elapsed=30s limit=120s
[31/52] id=13928 tag=d260c6fd4a running elapsed=40s limit=120s
[31/52] id=13928 tag=d260c6fd4a running elapsed=50s limit=120s
[31/52] id=13928 tag=d260c6fd4a running elapsed=60s limit=120s
[31/52] id=13928 tag=d260c6fd4a running elapsed=70s limit=120s
[31/52] id=13928 tag=d260c6fd4a running elapsed=80s limit=120s
[31/52] id=13928 tag=d260c6fd4a running elapsed=90s limit=120s
[31/52] id=13928 tag=d260c6fd4a running elapsed=100s limit=120s
[31/52] id=13928 tag=d260c6fd4a running elapsed=110s limit=120s
[31/52] id=13928 tag=d260c6fd4a running elapsed=120s limit=120s
[31/52] id=13928 tag=d260c6fd4a done status=timeout L=- sec=120.08
[32/52] id=14368 tag=32939db68a start width=8
[32/52] id=14368 tag=32939db68a running elapsed=10s limit=120s
[32/52] id=14368 tag=32939db68a running elapsed=20s limit=120s
[32/52] id=14368 tag=32939db68a running elapsed=30s limit=120s
[32/52] id=14368 tag=32939db68a running elapsed=40s limit=120s
[32/52] id=14368 tag=32939db68a running elapsed=50s limit=120s
[32/52] id=14368 tag=32939db68a running elapsed=60s limit=120s
[32/52] id=14368 tag=32939db68a done status=infeasible L=- sec=68.92
[33/52] id=14478 tag=c5a49a77ba start width=8
[33/52] id=14478 tag=c5a49a77ba running elapsed=10s limit=120s
[33/52] id=14478 tag=c5a49a77ba running elapsed=20s limit=120s
[33/52] id=14478 tag=c5a49a77ba running elapsed=30s limit=120s
[33/52] id=14478 tag=c5a49a77ba running elapsed=40s limit=120s
[33/52] id=14478 tag=c5a49a77ba running elapsed=50s limit=120s
[33/52] id=14478 tag=c5a49a77ba running elapsed=60s limit=120s
[33/52] id=14478 tag=c5a49a77ba running elapsed=70s limit=120s
[33/52] id=14478 tag=c5a49a77ba running elapsed=80s limit=120s
[33/52] id=14478 tag=c5a49a77ba running elapsed=90s limit=120s
[33/52] id=14478 tag=c5a49a77ba running elapsed=100s limit=120s
[33/52] id=14478 tag=c5a49a77ba running elapsed=110s limit=120s
[33/52] id=14478 tag=c5a49a77ba running elapsed=120s limit=120s
[33/52] id=14478 tag=c5a49a77ba done status=timeout L=- sec=120.07
[34/52] id=14528 tag=02096af68c start width=8
[34/52] id=14528 tag=02096af68c running elapsed=10s limit=120s
[34/52] id=14528 tag=02096af68c running elapsed=20s limit=120s
[34/52] id=14528 tag=02096af68c running elapsed=30s limit=120s
[34/52] id=14528 tag=02096af68c running elapsed=40s limit=120s
[34/52] id=14528 tag=02096af68c running elapsed=50s limit=120s
[34/52] id=14528 tag=02096af68c running elapsed=60s limit=120s
[34/52] id=14528 tag=02096af68c running elapsed=70s limit=120s
[34/52] id=14528 tag=02096af68c running elapsed=80s limit=120s
[34/52] id=14528 tag=02096af68c done status=infeasible L=- sec=88.08
[35/52] id=14588 tag=fa85d21d1c start width=8
[35/52] id=14588 tag=fa85d21d1c running elapsed=10s limit=120s
[35/52] id=14588 tag=fa85d21d1c running elapsed=20s limit=120s
[35/52] id=14588 tag=fa85d21d1c running elapsed=30s limit=120s
[35/52] id=14588 tag=fa85d21d1c running elapsed=40s limit=120s
[35/52] id=14588 tag=fa85d21d1c running elapsed=50s limit=120s
[35/52] id=14588 tag=fa85d21d1c running elapsed=60s limit=120s
[35/52] id=14588 tag=fa85d21d1c running elapsed=70s limit=120s
[35/52] id=14588 tag=fa85d21d1c running elapsed=80s limit=120s
[35/52] id=14588 tag=fa85d21d1c running elapsed=90s limit=120s
[35/52] id=14588 tag=fa85d21d1c running elapsed=100s limit=120s
[35/52] id=14588 tag=fa85d21d1c running elapsed=110s limit=120s
[35/52] id=14588 tag=fa85d21d1c running elapsed=120s limit=120s
[35/52] id=14588 tag=fa85d21d1c done status=timeout L=- sec=120.07
[36/52] id=14968 tag=26259b1729 start width=8
[36/52] id=14968 tag=26259b1729 running elapsed=10s limit=120s
[36/52] id=14968 tag=26259b1729 running elapsed=20s limit=120s
[36/52] id=14968 tag=26259b1729 running elapsed=30s limit=120s
[36/52] id=14968 tag=26259b1729 running elapsed=40s limit=120s
[36/52] id=14968 tag=26259b1729 running elapsed=50s limit=120s
[36/52] id=14968 tag=26259b1729 running elapsed=60s limit=120s
[36/52] id=14968 tag=26259b1729 running elapsed=70s limit=120s
[36/52] id=14968 tag=26259b1729 running elapsed=80s limit=120s
[36/52] id=14968 tag=26259b1729 running elapsed=90s limit=120s
[36/52] id=14968 tag=26259b1729 running elapsed=100s limit=120s
[36/52] id=14968 tag=26259b1729 running elapsed=110s limit=120s
[36/52] id=14968 tag=26259b1729 running elapsed=120s limit=120s
[36/52] id=14968 tag=26259b1729 done status=timeout L=- sec=120.05
[37/52] id=15278 tag=be411c1052 start width=8
[37/52] id=15278 tag=be411c1052 running elapsed=10s limit=120s
[37/52] id=15278 tag=be411c1052 running elapsed=20s limit=120s
[37/52] id=15278 tag=be411c1052 running elapsed=30s limit=120s
[37/52] id=15278 tag=be411c1052 running elapsed=40s limit=120s
[37/52] id=15278 tag=be411c1052 running elapsed=50s limit=120s
[37/52] id=15278 tag=be411c1052 running elapsed=60s limit=120s
[37/52] id=15278 tag=be411c1052 running elapsed=70s limit=120s
[37/52] id=15278 tag=be411c1052 running elapsed=80s limit=120s
[37/52] id=15278 tag=be411c1052 running elapsed=90s limit=120s
[37/52] id=15278 tag=be411c1052 running elapsed=100s limit=120s
[37/52] id=15278 tag=be411c1052 running elapsed=110s limit=120s
[37/52] id=15278 tag=be411c1052 running elapsed=120s limit=120s
[37/52] id=15278 tag=be411c1052 done status=timeout L=- sec=120.06
[38/52] id=15418 tag=d783c37cfc start width=8
[38/52] id=15418 tag=d783c37cfc running elapsed=10s limit=120s
[38/52] id=15418 tag=d783c37cfc running elapsed=20s limit=120s
[38/52] id=15418 tag=d783c37cfc running elapsed=30s limit=120s
[38/52] id=15418 tag=d783c37cfc running elapsed=40s limit=120s
[38/52] id=15418 tag=d783c37cfc running elapsed=50s limit=120s
[38/52] id=15418 tag=d783c37cfc running elapsed=60s limit=120s
[38/52] id=15418 tag=d783c37cfc running elapsed=70s limit=120s
[38/52] id=15418 tag=d783c37cfc running elapsed=80s limit=120s
[38/52] id=15418 tag=d783c37cfc running elapsed=90s limit=120s
[38/52] id=15418 tag=d783c37cfc running elapsed=100s limit=120s
[38/52] id=15418 tag=d783c37cfc running elapsed=110s limit=120s
[38/52] id=15418 tag=d783c37cfc running elapsed=120s limit=120s
[38/52] id=15418 tag=d783c37cfc done status=timeout L=- sec=120.06
[39/52] id=15488 tag=12bad55bb8 start width=8
[39/52] id=15488 tag=12bad55bb8 running elapsed=10s limit=120s
[39/52] id=15488 tag=12bad55bb8 running elapsed=20s limit=120s
[39/52] id=15488 tag=12bad55bb8 running elapsed=30s limit=120s
[39/52] id=15488 tag=12bad55bb8 running elapsed=40s limit=120s
[39/52] id=15488 tag=12bad55bb8 running elapsed=50s limit=120s
[39/52] id=15488 tag=12bad55bb8 running elapsed=60s limit=120s
[39/52] id=15488 tag=12bad55bb8 running elapsed=70s limit=120s
[39/52] id=15488 tag=12bad55bb8 running elapsed=80s limit=120s
[39/52] id=15488 tag=12bad55bb8 running elapsed=90s limit=120s
[39/52] id=15488 tag=12bad55bb8 running elapsed=100s limit=120s
[39/52] id=15488 tag=12bad55bb8 running elapsed=110s limit=120s
[39/52] id=15488 tag=12bad55bb8 running elapsed=120s limit=120s
[39/52] id=15488 tag=12bad55bb8 done status=timeout L=- sec=120.12
[40/52] id=15508 tag=37e31bf516 start width=8
[40/52] id=15508 tag=37e31bf516 running elapsed=10s limit=120s
[40/52] id=15508 tag=37e31bf516 running elapsed=20s limit=120s
[40/52] id=15508 tag=37e31bf516 running elapsed=30s limit=120s
[40/52] id=15508 tag=37e31bf516 running elapsed=40s limit=120s
[40/52] id=15508 tag=37e31bf516 running elapsed=50s limit=120s
[40/52] id=15508 tag=37e31bf516 running elapsed=60s limit=120s
[40/52] id=15508 tag=37e31bf516 running elapsed=70s limit=120s
[40/52] id=15508 tag=37e31bf516 running elapsed=80s limit=120s
[40/52] id=15508 tag=37e31bf516 running elapsed=90s limit=120s
[40/52] id=15508 tag=37e31bf516 running elapsed=100s limit=120s
[40/52] id=15508 tag=37e31bf516 running elapsed=110s limit=120s
[40/52] id=15508 tag=37e31bf516 done status=infeasible L=- sec=114.95
[41/52] id=17728 tag=b46757b6e2 start width=16
[41/52] id=17728 tag=b46757b6e2 running elapsed=10s limit=120s
[41/52] id=17728 tag=b46757b6e2 running elapsed=20s limit=120s
[41/52] id=17728 tag=b46757b6e2 running elapsed=30s limit=120s
[41/52] id=17728 tag=b46757b6e2 running elapsed=40s limit=120s
[41/52] id=17728 tag=b46757b6e2 running elapsed=50s limit=120s
[41/52] id=17728 tag=b46757b6e2 running elapsed=60s limit=120s
[41/52] id=17728 tag=b46757b6e2 running elapsed=70s limit=120s
[41/52] id=17728 tag=b46757b6e2 running elapsed=80s limit=120s
[41/52] id=17728 tag=b46757b6e2 running elapsed=90s limit=120s
[41/52] id=17728 tag=b46757b6e2 running elapsed=100s limit=120s
[41/52] id=17728 tag=b46757b6e2 running elapsed=110s limit=120s
[41/52] id=17728 tag=b46757b6e2 running elapsed=120s limit=120s
[41/52] id=17728 tag=b46757b6e2 done status=timeout L=- sec=120.47
[42/52] id=20008 tag=2bdea38d52 start width=16
[42/52] id=20008 tag=2bdea38d52 running elapsed=10s limit=120s
[42/52] id=20008 tag=2bdea38d52 running elapsed=20s limit=120s
[42/52] id=20008 tag=2bdea38d52 done status=optimal L=34 sec=25.66
[43/52] id=21798 tag=5d88c20ac1 start width=16
[43/52] id=21798 tag=5d88c20ac1 running elapsed=10s limit=120s
[43/52] id=21798 tag=5d88c20ac1 running elapsed=20s limit=120s
[43/52] id=21798 tag=5d88c20ac1 running elapsed=30s limit=120s
[43/52] id=21798 tag=5d88c20ac1 done status=optimal L=40 sec=32.14
[44/52] id=22208 tag=d09b359941 start width=16
[44/52] id=22208 tag=d09b359941 running elapsed=10s limit=120s
[44/52] id=22208 tag=d09b359941 running elapsed=20s limit=120s
[44/52] id=22208 tag=d09b359941 running elapsed=30s limit=120s
[44/52] id=22208 tag=d09b359941 done status=optimal L=34 sec=37.66
[45/52] id=22628 tag=c6e23a66e5 start width=16
[45/52] id=22628 tag=c6e23a66e5 running elapsed=10s limit=120s
[45/52] id=22628 tag=c6e23a66e5 running elapsed=20s limit=120s
[45/52] id=22628 tag=c6e23a66e5 running elapsed=30s limit=120s
[45/52] id=22628 tag=c6e23a66e5 running elapsed=40s limit=120s
[45/52] id=22628 tag=c6e23a66e5 done status=optimal L=36 sec=40.07
[46/52] id=24958 tag=9cbd8e4ce4 start width=16
[46/52] id=24958 tag=9cbd8e4ce4 running elapsed=10s limit=120s
[46/52] id=24958 tag=9cbd8e4ce4 running elapsed=20s limit=120s
[46/52] id=24958 tag=9cbd8e4ce4 running elapsed=30s limit=120s
[46/52] id=24958 tag=9cbd8e4ce4 running elapsed=40s limit=120s
[46/52] id=24958 tag=9cbd8e4ce4 running elapsed=50s limit=120s
[46/52] id=24958 tag=9cbd8e4ce4 running elapsed=60s limit=120s
[46/52] id=24958 tag=9cbd8e4ce4 running elapsed=70s limit=120s
[46/52] id=24958 tag=9cbd8e4ce4 running elapsed=80s limit=120s
[46/52] id=24958 tag=9cbd8e4ce4 running elapsed=90s limit=120s
[46/52] id=24958 tag=9cbd8e4ce4 running elapsed=100s limit=120s
[46/52] id=24958 tag=9cbd8e4ce4 running elapsed=110s limit=120s
[46/52] id=24958 tag=9cbd8e4ce4 running elapsed=120s limit=120s
[46/52] id=24958 tag=9cbd8e4ce4 done status=timeout L=- sec=120.10
[47/52] id=29698 tag=3918540a15 start width=16
[47/52] id=29698 tag=3918540a15 running elapsed=10s limit=120s
[47/52] id=29698 tag=3918540a15 running elapsed=20s limit=120s
[47/52] id=29698 tag=3918540a15 running elapsed=30s limit=120s
[47/52] id=29698 tag=3918540a15 running elapsed=40s limit=120s
[47/52] id=29698 tag=3918540a15 running elapsed=50s limit=120s
[47/52] id=29698 tag=3918540a15 running elapsed=60s limit=120s
[47/52] id=29698 tag=3918540a15 running elapsed=70s limit=120s
[47/52] id=29698 tag=3918540a15 running elapsed=80s limit=120s
[47/52] id=29698 tag=3918540a15 running elapsed=90s limit=120s
[47/52] id=29698 tag=3918540a15 running elapsed=100s limit=120s
[47/52] id=29698 tag=3918540a15 running elapsed=110s limit=120s
[47/52] id=29698 tag=3918540a15 done status=optimal L=42 sec=117.77
[48/52] id=30498 tag=195ab5f9c9 start width=16
[48/52] id=30498 tag=195ab5f9c9 running elapsed=10s limit=120s
[48/52] id=30498 tag=195ab5f9c9 running elapsed=20s limit=120s
[48/52] id=30498 tag=195ab5f9c9 running elapsed=30s limit=120s
[48/52] id=30498 tag=195ab5f9c9 running elapsed=40s limit=120s
[48/52] id=30498 tag=195ab5f9c9 running elapsed=50s limit=120s
[48/52] id=30498 tag=195ab5f9c9 running elapsed=60s limit=120s
[48/52] id=30498 tag=195ab5f9c9 running elapsed=70s limit=120s
[48/52] id=30498 tag=195ab5f9c9 running elapsed=80s limit=120s
[48/52] id=30498 tag=195ab5f9c9 running elapsed=90s limit=120s
[48/52] id=30498 tag=195ab5f9c9 running elapsed=100s limit=120s
[48/52] id=30498 tag=195ab5f9c9 running elapsed=110s limit=120s
[48/52] id=30498 tag=195ab5f9c9 done status=optimal L=72 sec=118.88
[49/52] id=31538 tag=f94be2eb65 start width=16
[49/52] id=31538 tag=f94be2eb65 running elapsed=10s limit=120s
[49/52] id=31538 tag=f94be2eb65 running elapsed=20s limit=120s
[49/52] id=31538 tag=f94be2eb65 running elapsed=30s limit=120s
[49/52] id=31538 tag=f94be2eb65 running elapsed=40s limit=120s
[49/52] id=31538 tag=f94be2eb65 running elapsed=50s limit=120s
[49/52] id=31538 tag=f94be2eb65 running elapsed=60s limit=120s
[49/52] id=31538 tag=f94be2eb65 running elapsed=70s limit=120s
[49/52] id=31538 tag=f94be2eb65 running elapsed=80s limit=120s
[49/52] id=31538 tag=f94be2eb65 running elapsed=90s limit=120s
[49/52] id=31538 tag=f94be2eb65 running elapsed=100s limit=120s
[49/52] id=31538 tag=f94be2eb65 running elapsed=110s limit=120s
[49/52] id=31538 tag=f94be2eb65 running elapsed=120s limit=120s
[49/52] id=31538 tag=f94be2eb65 done status=timeout L=- sec=120.19
[50/52] id=31798 tag=42e596b4c2 start width=16
[50/52] id=31798 tag=42e596b4c2 running elapsed=10s limit=120s
[50/52] id=31798 tag=42e596b4c2 running elapsed=20s limit=120s
[50/52] id=31798 tag=42e596b4c2 running elapsed=30s limit=120s
[50/52] id=31798 tag=42e596b4c2 running elapsed=40s limit=120s
[50/52] id=31798 tag=42e596b4c2 running elapsed=50s limit=120s
[50/52] id=31798 tag=42e596b4c2 running elapsed=60s limit=120s
[50/52] id=31798 tag=42e596b4c2 running elapsed=70s limit=120s
[50/52] id=31798 tag=42e596b4c2 running elapsed=80s limit=120s
[50/52] id=31798 tag=42e596b4c2 running elapsed=90s limit=120s
[50/52] id=31798 tag=42e596b4c2 running elapsed=100s limit=120s
[50/52] id=31798 tag=42e596b4c2 running elapsed=110s limit=120s
[50/52] id=31798 tag=42e596b4c2 running elapsed=120s limit=120s
[50/52] id=31798 tag=42e596b4c2 done status=timeout L=- sec=120.06
[51/52] id=31918 tag=80c9e96880 start width=16
[51/52] id=31918 tag=80c9e96880 running elapsed=10s limit=120s
[51/52] id=31918 tag=80c9e96880 running elapsed=20s limit=120s
[51/52] id=31918 tag=80c9e96880 running elapsed=30s limit=120s
[51/52] id=31918 tag=80c9e96880 running elapsed=40s limit=120s
[51/52] id=31918 tag=80c9e96880 running elapsed=50s limit=120s
[51/52] id=31918 tag=80c9e96880 running elapsed=60s limit=120s
[51/52] id=31918 tag=80c9e96880 running elapsed=70s limit=120s
[51/52] id=31918 tag=80c9e96880 running elapsed=80s limit=120s
[51/52] id=31918 tag=80c9e96880 running elapsed=90s limit=120s
[51/52] id=31918 tag=80c9e96880 running elapsed=100s limit=120s
[51/52] id=31918 tag=80c9e96880 running elapsed=110s limit=120s
[51/52] id=31918 tag=80c9e96880 running elapsed=120s limit=120s
[51/52] id=31918 tag=80c9e96880 done status=timeout L=- sec=120.07
[52/52] id=31948 tag=3a69c3f752 start width=16
[52/52] id=31948 tag=3a69c3f752 running elapsed=10s limit=120s
[52/52] id=31948 tag=3a69c3f752 running elapsed=20s limit=120s
[52/52] id=31948 tag=3a69c3f752 running elapsed=30s limit=120s
[52/52] id=31948 tag=3a69c3f752 running elapsed=40s limit=120s
[52/52] id=31948 tag=3a69c3f752 running elapsed=50s limit=120s
[52/52] id=31948 tag=3a69c3f752 running elapsed=60s limit=120s
[52/52] id=31948 tag=3a69c3f752 running elapsed=70s limit=120s
[52/52] id=31948 tag=3a69c3f752 running elapsed=80s limit=120s
[52/52] id=31948 tag=3a69c3f752 running elapsed=90s limit=120s
[52/52] id=31948 tag=3a69c3f752 running elapsed=100s limit=120s
[52/52] id=31948 tag=3a69c3f752 running elapsed=110s limit=120s
[52/52] id=31948 tag=3a69c3f752 running elapsed=120s limit=120s
[52/52] id=31948 tag=3a69c3f752 done status=timeout L=- sec=120.04
[done] shard=08 completed=52
