[start] mode=push shard=05/10 jobs=47
[1/47] id=1355 tag=00bef8a822 start width=8
[1/47] id=1355 tag=00bef8a822 running elapsed=10s limit=120s
[1/47] id=1355 tag=00bef8a822 running elapsed=20s limit=120s
[1/47] id=1355 tag=00bef8a822 running elapsed=30s limit=120s
[1/47] id=1355 tag=00bef8a822 running elapsed=40s limit=120s
[1/47] id=1355 tag=00bef8a822 running elapsed=50s limit=120s
[1/47] id=1355 tag=00bef8a822 running elapsed=60s limit=120s
[1/47] id=1355 tag=00bef8a822 running elapsed=70s limit=120s
[1/47] id=1355 tag=00bef8a822 running elapsed=80s limit=120s
[1/47] id=1355 tag=00bef8a822 running elapsed=90s limit=120s
[1/47] id=1355 tag=00bef8a822 running elapsed=100s limit=120s
[1/47] id=1355 tag=00bef8a822 running elapsed=110s limit=120s
[1/47] id=1355 tag=00bef8a822 done status=infeasible L=- sec=111.41
[2/47] id=1485 tag=2e66f5be82 start width=8
[2/47] id=1485 tag=2e66f5be82 running elapsed=10s limit=120s
[2/47] id=1485 tag=2e66f5be82 running elapsed=20s limit=120s
[2/47] id=1485 tag=2e66f5be82 running elapsed=30s limit=120s
[2/47] id=1485 tag=2e66f5be82 running elapsed=40s limit=120s
[2/47] id=1485 tag=2e66f5be82 running elapsed=50s limit=120s
[2/47] id=1485 tag=2e66f5be82 running elapsed=60s limit=120s
[2/47] id=1485 tag=2e66f5be82 running elapsed=70s limit=120s
[2/47] id=1485 tag=2e66f5be82 running elapsed=80s limit=120s
[2/47] id=1485 tag=2e66f5be82 running elapsed=90s limit=120s
[2/47] id=1485 tag=2e66f5be82 running elapsed=100s limit=120s
[2/47] id=1485 tag=2e66f5be82 running elapsed=110s limit=120s
[2/47] id=1485 tag=2e66f5be82 running elapsed=120s limit=120s
[2/47] id=1485 tag=2e66f5be82 done status=timeout L=- sec=120.11
[3/47] id=1565 tag=3fa61a8a7a start width=8
[3/47] id=1565 tag=3fa61a8a7a running elapsed=10s limit=120s
[3/47] id=1565 tag=3fa61a8a7a running elapsed=20s limit=120s
[3/47] id=1565 tag=3fa61a8a7a running elapsed=30s limit=120s
[3/47] id=1565 tag=3fa61a8a7a running elapsed=40s limit=120s
[3/47] id=1565 tag=3fa61a8a7a running elapsed=50s limit=120s
[3/47] id=1565 tag=3fa61a8a7a running elapsed=60s limit=120s
[3/47] id=1565 tag=3fa61a8a7a running elapsed=70s limit=120s
[3/47] id=1565 tag=3fa61a8a7a running elapsed=80s limit=120s
[3/47] id=1565 tag=3fa61a8a7a running elapsed=90s limit=120s
[3/47] id=1565 tag=3fa61a8a7a done status=infeasible L=- sec=91.12
[4/47] id=1945 tag=3981c72814 start width=8
[4/47] id=1945 tag=3981c72814 running elapsed=10s limit=120s
[4/47] id=1945 tag=3981c72814 running elapsed=20s limit=120s
[4/47] id=1945 tag=3981c72814 running elapsed=30s limit=120s
[4/47] id=1945 tag=3981c72814 running elapsed=40s limit=120s
[4/47] id=1945 tag=3981c72814 running elapsed=50s limit=120s
[4/47] id=1945 tag=3981c72814 running elapsed=60s limit=120s
[4/47] id=1945 tag=3981c72814 running elapsed=70s limit=120s
[4/47] id=1945 tag=3981c72814 running elapsed=80s limit=120s
[4/47] id=1945 tag=3981c72814 running elapsed=90s limit=120s
[4/47] id=1945 tag=3981c72814 running elapsed=100s limit=120s
[4/47] id=1945 tag=3981c72814 running elapsed=110s limit=120s
[4/47] id=1945 tag=3981c72814 running elapsed=120s limit=120s
[4/47] id=1945 tag=3981c72814 done status=timeout L=- sec=120.12
[5/47] id=2915 tag=d9f76f68f2 start width=8
[5/47] id=2915 tag=d9f76f68f2 running elapsed=10s limit=120s
[5/47] id=2915 tag=d9f76f68f2 running elapsed=20s limit=120s
[5/47] id=2915 tag=d9f76f68f2 running elapsed=30s limit=120s
[5/47] id=2915 tag=d9f76f68f2 running elapsed=40s limit=120s
[5/47] id=2915 tag=d9f76f68f2 running elapsed=50s limit=120s
[5/47] id=2915 tag=d9f76f68f2 running elapsed=60s limit=120s
[5/47] id=2915 tag=d9f76f68f2 done status=infeasible L=- sec=70.00
[6/47] id=2945 tag=b2196dae66 start width=8
[6/47] id=2945 tag=b2196dae66 running elapsed=10s limit=120s
[6/47] id=2945 tag=b2196dae66 running elapsed=20s limit=120s
[6/47] id=2945 tag=b2196dae66 running elapsed=30s limit=120s
[6/47] id=2945 tag=b2196dae66 running elapsed=40s limit=120s
[6/47] id=2945 tag=b2196dae66 running elapsed=50s limit=120s
[6/47] id=2945 tag=b2196dae66 running elapsed=60s limit=120s
[6/47] id=2945 tag=b2196dae66 running elapsed=70s limit=120s
[6/47] id=2945 tag=b2196dae66 running elapsed=80s limit=120s
[6/47] id=2945 tag=b2196dae66 running elapsed=90s limit=120s
[6/47] id=2945 tag=b2196dae66 running elapsed=100s limit=120s
[6/47] id=2945 tag=b2196dae66 running elapsed=110s limit=120s
[6/47] id=2945 tag=b2196dae66 running elapsed=120s limit=120s
[6/47] id=2945 tag=b2196dae66 done status=timeout L=- sec=120.06
[7/47] id=3145 tag=8f08a63bd6 start width=8
[7/47] id=3145 tag=8f08a63bd6 running elapsed=10s limit=120s
[7/47] id=3145 tag=8f08a63bd6 running elapsed=20s limit=120s
[7/47] id=3145 tag=8f08a63bd6 running elapsed=30s limit=120s
[7/47] id=3145 tag=8f08a63bd6 running elapsed=40s limit=120s
[7/47] id=3145 tag=8f08a63bd6 running elapsed=50s limit=120s
[7/47] id=3145 tag=8f08a63bd6 running elapsed=60s limit=120s
[7/47] id=3145 tag=8f08a63bd6 running elapsed=70s limit=120s
[7/47] id=3145 tag=8f08a63bd6 running elapsed=80s limit=120s
[7/47] id=3145 tag=8f08a63bd6 running elapsed=90s limit=120s
[7/47] id=3145 tag=8f08a63bd6 running elapsed=100s limit=120s
[7/47] id=3145 tag=8f08a63bd6 running elapsed=110s limit=120s
[7/47] id=3145 tag=8f08a63bd6 running elapsed=120s limit=120s
[7/47] id=3145 tag=8f08a63bd6 done status=timeout L=- sec=120.07
[8/47] id=3305 tag=73cf86a05f start width=8
[8/47] id=3305 tag=73cf86a05f running elapsed=10s limit=120s
[8/47] id=3305 tag=73cf86a05f running elapsed=20s limit=120s
[8/47] id=3305 tag=73cf86a05f running elapsed=30s limit=120s
[8/47] id=3305 tag=73cf86a05f running elapsed=40s limit=120s
[8/47] id=3305 tag=73cf86a05f running elapsed=50s limit=120s
[8/47] id=3305 tag=73cf86a05f running elapsed=60s limit=120s
[8/47] id=3305 tag=73cf86a05f running elapsed=70s limit=120s
[8/47] id=3305 tag=73cf86a05f done status=infeasible L=- sec=77.99
[9/47] id=3315 tag=ae55c02247 start width=8
[9/47] id=3315 tag=ae55c02247 running elapsed=10s limit=120s
[9/47] id=3315 tag=ae55c02247 running elapsed=20s limit=120s
[9/47] id=3315 tag=ae55c02247 running elapsed=30s limit=120s
[9/47] id=3315 tag=ae55c02247 running elapsed=40s limit=120s
[9/47] id=3315 tag=ae55c02247 running elapsed=50s limit=120s
[9/47] id=3315 tag=ae55c02247 running elapsed=60s limit=120s
[9/47] id=3315 tag=ae55c02247 running elapsed=70s limit=120s
[9/47] id=3315 tag=ae55c02247 running elapsed=80s limit=120s
[9/47] id=3315 tag=ae55c02247 running elapsed=90s limit=120s
[9/47] id=3315 tag=ae55c02247 running elapsed=100s limit=120s
[9/47] id=3315 tag=ae55c02247 running elapsed=110s limit=120s
[9/47] id=3315 tag=ae55c02247 running elapsed=120s limit=120s
[9/47] id=3315 tag=ae55c02247 done status=timeout L=- sec=120.09
[10/47] id=3475 tag=14a7143260 start width=8
[10/47] id=3475 tag=14a7143260 running elapsed=10s limit=120s
[10/47] id=3475 tag=14a7143260 running elapsed=20s limit=120s
[10/47] id=3475 tag=14a7143260 running elapsed=30s limit=120s
[10/47] id=3475 tag=14a7143260 running elapsed=40s limit=120s
[10/47] id=3475 tag=14a7143260 running elapsed=50s limit=120s
[10/47] id=3475 tag=14a7143260 done status=infeasible L=- sec=53.36
[11/47] id=3495 tag=e0a58c5a26 start width=8
[11/47] id=3495 tag=e0a58c5a26 running elapsed=10s limit=120s
[11/47] id=3495 tag=e0a58c5a26 running elapsed=20s limit=120s
[11/47] id=3495 tag=e0a58c5a26 running elapsed=30s limit=120s
[11/47] id=3495 tag=e0a58c5a26 running elapsed=40s limit=120s
[11/47] id=3495 tag=e0a58c5a26 running elapsed=50s limit=120s
[11/47] id=3495 tag=e0a58c5a26 running elapsed=60s limit=120s
[11/47] id=3495 tag=e0a58c5a26 running elapsed=70s limit=120s
[11/47] id=3495 tag=e0a58c5a26 running elapsed=80s limit=120s
[11/47] id=3495 tag=e0a58c5a26 running elapsed=90s limit=120s
[11/47] id=3495 tag=e0a58c5a26 running elapsed=100s limit=120s
[11/47] id=3495 tag=e0a58c5a26 running elapsed=110s limit=120s
[11/47] id=3495 tag=e0a58c5a26 running elapsed=120s limit=120s
[11/47] id=3495 tag=e0a58c5a26 done status=timeout L=- sec=120.05
[12/47] id=3525 tag=24ad1abbb0 start width=8
[12/47] id=3525 tag=24ad1abbb0 running elapsed=10s limit=120s
[12/47] id=3525 tag=24ad1abbb0 running elapsed=20s limit=120s
[12/47] id=3525 tag=24ad1abbb0 running elapsed=30s limit=120s
[12/47] id=3525 tag=24ad1abbb0 running elapsed=40s limit=120s
[12/47] id=3525 tag=24ad1abbb0 running elapsed=50s limit=120s
[12/47] id=3525 tag=24ad1abbb0 done status=infeasible L=- sec=55.04
[13/47] id=4285 tag=fc66631231 start width=8
[13/47] id=4285 tag=fc66631231 running elapsed=10s limit=120s
[13/47] id=4285 tag=fc66631231 running elapsed=20s limit=120s
[13/47] id=4285 tag=fc66631231 running elapsed=30s limit=120s
[13/47] id=4285 tag=fc66631231 running elapsed=40s limit=120s
[13/47] id=4285 tag=fc66631231 running elapsed=50s limit=120s
[13/47] id=4285 tag=fc66631231 running elapsed=60s limit=120s
[13/47] id=4285 tag=fc66631231 running elapsed=70s limit=120s
[13/47] id=4285 tag=fc66631231 running elapsed=80s limit=120s
[13/47] id=4285 tag=fc66631231 running elapsed=90s limit=120s
[13/47] id=4285 tag=fc66631231 running elapsed=100s limit=120s
[13/47] id=4285 tag=fc66631231 running elapsed=110s limit=120s
[13/47] id=4285 tag=fc66631231 running elapsed=120s limit=120s
[13/47] id=4285 tag=fc66631231 done status=timeout L=- sec=120.07
[14/47] id=4885 tag=e7c5209d68 start width=8
[14/47] id=4885 tag=e7c5209d68 running elapsed=10s limit=120s
[14/47] id=4885 tag=e7c5209d68 running elapsed=20s limit=120s
[14/47] id=4885 tag=e7c5209d68 running elapsed=30s limit=120s
[14/47] id=4885 tag=e7c5209d68 running elapsed=40s limit=120s
[14/47] id=4885 tag=e7c5209d68 running elapsed=50s limit=120s
[14/47] id=4885 tag=e7c5209d68 running elapsed=60s limit=120s
[14/47] id=4885 tag=e7c5209d68 running elapsed=70s limit=120s
[14/47] id=4885 tag=e7c5209d68 running elapsed=80s limit=120s
[14/47] id=4885 tag=e7c5209d68 running elapsed=90s limit=120s
[14/47] id=4885 tag=e7c5209d68 running elapsed=100s limit=120s
[14/47] id=4885 tag=e7c5209d68 running elapsed=110s limit=120s
[14/47] id=4885 tag=e7c5209d68 running elapsed=120s limit=120s
[14/47] id=4885 tag=e7c5209d68 done status=timeout L=- sec=120.11
[15/47] id=7715 tag=07bf08dafa start width=8
[15/47] id=7715 tag=07bf08dafa running elapsed=10s limit=120s
[15/47] id=7715 tag=07bf08dafa running elapsed=20s limit=120s
[15/47] id=7715 tag=07bf08dafa running elapsed=30s limit=120s
[15/47] id=7715 tag=07bf08dafa running elapsed=40s limit=120s
[15/47] id=7715 tag=07bf08dafa done status=infeasible L=- sec=46.90
[16/47] id=7845 tag=a4f752f5ff start width=8
[16/47] id=7845 tag=a4f752f5ff running elapsed=10s limit=120s
[16/47] id=7845 tag=a4f752f5ff running elapsed=20s limit=120s
[16/47] id=7845 tag=a4f752f5ff running elapsed=30s limit=120s
[16/47] id=7845 tag=a4f752f5ff running elapsed=40s limit=120s
[16/47] id=7845 tag=a4f752f5ff running elapsed=50s limit=120s
[16/47] id=7845 tag=a4f752f5ff running elapsed=60s limit=120s
[16/47] id=7845 tag=a4f752f5ff running elapsed=70s limit=120s
[16/47] id=7845 tag=a4f752f5ff running elapsed=80s limit=120s
[16/47] id=7845 tag=a4f752f5ff running elapsed=90s limit=120s
[16/47] id=7845 tag=a4f752f5ff running elapsed=100s limit=120s
[16/47] id=7845 tag=a4f752f5ff running elapsed=110s limit=120s
[16/47] id=7845 tag=a4f752f5ff running elapsed=120s limit=120s
[16/47] id=7845 tag=a4f752f5ff done status=timeout L=- sec=120.06
[17/47] id=8295 tag=bc9764f412 start width=8
[17/47] id=8295 tag=bc9764f412 running elapsed=10s limit=120s
[17/47] id=8295 tag=bc9764f412 running elapsed=20s limit=120s
[17/47] id=8295 tag=bc9764f412 running elapsed=30s limit=120s
[17/47] id=8295 tag=bc9764f412 running elapsed=40s limit=120s
[17/47] id=8295 tag=bc9764f412 running elapsed=50s limit=120s
[17/47] id=8295 tag=bc9764f412 running elapsed=60s limit=120s
[17/47] id=8295 tag=bc9764f412 running elapsed=70s limit=120s
[17/47] id=8295 tag=bc9764f412 running elapsed=80s limit=120s
[17/47] id=8295 tag=bc9764f412 running elapsed=90s limit=120s
[17/47] id=8295 tag=bc9764f412 running elapsed=100s limit=120s
[17/47] id=8295 tag=bc9764f412 running elapsed=110s limit=120s
[17/47] id=8295 tag=bc9764f412 running elapsed=120s limit=120s
[17/47] id=8295 tag=bc9764f412 done status=timeout L=- sec=120.12
[18/47] id=8375 tag=5180536293 start width=8
[18/47] id=8375 tag=5180536293 running elapsed=10s limit=120s
[18/47] id=8375 tag=5180536293 running elapsed=20s limit=120s
[18/47] id=8375 tag=5180536293 running elapsed=30s limit=120s
[18/47] id=8375 tag=5180536293 running elapsed=40s limit=120s
[18/47] id=8375 tag=5180536293 running elapsed=50s limit=120s
[18/47] id=8375 tag=5180536293 done status=infeasible L=- sec=52.76
[19/47] id=8385 tag=d7b484c19b start width=8
[19/47] id=8385 tag=d7b484c19b running elapsed=10s limit=120s
[19/47] id=8385 tag=d7b484c19b running elapsed=20s limit=120s
[19/47] id=8385 tag=d7b484c19b running elapsed=30s limit=120s
[19/47] id=8385 tag=d7b484c19b running elapsed=40s limit=120s
[19/47] id=8385 tag=d7b484c19b running elapsed=50s limit=120s
[19/47] id=8385 tag=d7b484c19b running elapsed=60s limit=120s
[19/47] id=8385 tag=d7b484c19b running elapsed=70s limit=120s
[19/47] id=8385 tag=d7b484c19b running elapsed=80s limit=120s
[19/47] id=8385 tag=d7b484c19b running elapsed=90s limit=120s
[19/47] id=8385 tag=d7b484c19b running elapsed=100s limit=120s
[19/47] id=8385 tag=d7b484c19b done status=infeasible L=- sec=106.06
[20/47] id=8425 tag=50bac4a6aa start width=8
[20/47] id=8425 tag=50bac4a6aa running elapsed=10s limit=120s
[20/47] id=8425 tag=50bac4a6aa running elapsed=20s limit=120s
[20/47] id=8425 tag=50bac4a6aa running elapsed=30s limit=120s
[20/47] id=8425 tag=50bac4a6aa running elapsed=40s limit=120s
[20/47] id=8425 tag=50bac4a6aa running elapsed=50s limit=120s
[20/47] id=8425 tag=50bac4a6aa running elapsed=60s limit=120s
[20/47] id=8425 tag=50bac4a6aa running elapsed=70s limit=120s
[20/47] id=8425 tag=50bac4a6aa running elapsed=80s limit=120s
[20/47] id=8425 tag=50bac4a6aa running elapsed=90s limit=120s
[20/47] id=8425 tag=50bac4a6aa done status=infeasible L=- sec=93.82
[21/47] id=8435 tag=b5a56a06a0 start width=8
[21/47] id=8435 tag=b5a56a06a0 running elapsed=10s limit=120s
[21/47] id=8435 tag=b5a56a06a0 running elapsed=20s limit=120s
[21/47] id=8435 tag=b5a56a06a0 running elapsed=30s limit=120s
[21/47] id=8435 tag=b5a56a06a0 running elapsed=40s limit=120s
[21/47] id=8435 tag=b5a56a06a0 running elapsed=50s limit=120s
[21/47] id=8435 tag=b5a56a06a0 running elapsed=60s limit=120s
[21/47] id=8435 tag=b5a56a06a0 running elapsed=70s limit=120s
[21/47] id=8435 tag=b5a56a06a0 done status=infeasible L=- sec=78.22
[22/47] id=8445 tag=6e6ec9b061 start width=8
[22/47] id=8445 tag=6e6ec9b061 running elapsed=10s limit=120s
[22/47] id=8445 tag=6e6ec9b061 running elapsed=20s limit=120s
[22/47] id=8445 tag=6e6ec9b061 running elapsed=30s limit=120s
[22/47] id=8445 tag=6e6ec9b061 running elapsed=40s limit=120s
[22/47] id=8445 tag=6e6ec9b061 running elapsed=50s limit=120s
[22/47] id=8445 tag=6e6ec9b061 running elapsed=60s limit=120s
[22/47] id=8445 tag=6e6ec9b061 running elapsed=70s limit=120s
[22/47] id=8445 tag=6e6ec9b061 running elapsed=80s limit=120s
[22/47] id=8445 tag=6e6ec9b061 running elapsed=90s limit=120s
[22/47] id=8445 tag=6e6ec9b061 done status=infeasible L=- sec=98.34
[23/47] id=9055 tag=86ee5ac2a4 start width=8
[23/47] id=9055 tag=86ee5ac2a4 running elapsed=10s limit=120s
[23/47] id=9055 tag=86ee5ac2a4 running elapsed=20s limit=120s
[23/47] id=9055 tag=86ee5ac2a4 running elapsed=30s limit=120s
[23/47] id=9055 tag=86ee5ac2a4 running elapsed=40s limit=120s
[23/47] id=9055 tag=86ee5ac2a4 running elapsed=50s limit=120s
[23/47] id=9055 tag=86ee5ac2a4 running elapsed=60s limit=120s
[23/47] id=9055 tag=86ee5ac2a4 running elapsed=70s limit=120s
[23/47] id=9055 tag=86ee5ac2a4 running elapsed=80s limit=120s
[23/47] id=9055 tag=86ee5ac2a4 running elapsed=90s limit=120s
[23/47] id=9055 tag=86ee5ac2a4 running elapsed=100s limit=120s
[23/47] id=9055 tag=86ee5ac2a4 done status=infeasible L=- sec=104.28
[24/47] id=9065 tag=6149926fd1 start width=8
[24/47] id=9065 tag=6149926fd1 running elapsed=10s limit=120s
[24/47] id=9065 tag=6149926fd1 running elapsed=20s limit=120s
[24/47] id=9065 tag=6149926fd1 running elapsed=30s limit=120s
[24/47] id=9065 tag=6149926fd1 running elapsed=40s limit=120s
[24/47] id=9065 tag=6149926fd1 running elapsed=50s limit=120s
[24/47] id=9065 tag=6149926fd1 running elapsed=60s limit=120s
[24/47] id=9065 tag=6149926fd1 running elapsed=70s limit=120s
[24/47] id=9065 tag=6149926fd1 running elapsed=80s limit=120s
[24/47] id=9065 tag=6149926fd1 running elapsed=90s limit=120s
[24/47] id=9065 tag=6149926fd1 running elapsed=100s limit=120s
[24/47] id=9065 tag=6149926fd1 running elapsed=110s limit=120s
[24/47] id=9065 tag=6149926fd1 running elapsed=120s limit=120s
[24/47] id=9065 tag=6149926fd1 done status=timeout L=- sec=120.09
[25/47] id=9985 tag=605ea0196e start width=8
[25/47] id=9985 tag=605ea0196e running elapsed=10s limit=120s
[25/47] id=9985 tag=605ea0196e running elapsed=20s limit=120s
[25/47] id=9985 tag=605ea0196e running elapsed=30s limit=120s
[25/47] id=9985 tag=605ea0196e running elapsed=40s limit=120s
[25/47] id=9985 tag=605ea0196e running elapsed=50s limit=120s
[25/47] id=9985 tag=605ea0196e running elapsed=60s limit=120s
[25/47] id=9985 tag=605ea0196e done status=infeasible L=- sec=63.02
[26/47] id=9995 tag=44381d47f6 start width=8
[26/47] id=9995 tag=44381d47f6 running elapsed=10s limit=120s
[26/47] id=9995 tag=44381d47f6 running elapsed=20s limit=120s
[26/47] id=9995 tag=44381d47f6 running elapsed=30s limit=120s
[26/47] id=9995 tag=44381d47f6 running elapsed=40s limit=120s
[26/47] id=9995 tag=44381d47f6 running elapsed=50s limit=120s
[26/47] id=9995 tag=44381d47f6 running elapsed=60s limit=120s
[26/47] id=9995 tag=44381d47f6 running elapsed=70s limit=120s
[26/47] id=9995 tag=44381d47f6 running elapsed=80s limit=120s
[26/47] id=9995 tag=44381d47f6 done status=infeasible L=- sec=85.22
[27/47] id=12475 tag=f8d931b6b3 start width=8
[27/47] id=12475 tag=f8d931b6b3 running elapsed=10s limit=120s
[27/47] id=12475 tag=f8d931b6b3 running elapsed=20s limit=120s
[27/47] id=12475 tag=f8d931b6b3 running elapsed=30s limit=120s
[27/47] id=12475 tag=f8d931b6b3 running elapsed=40s limit=120s
[27/47] id=12475 tag=f8d931b6b3 done status=optimal L=32 sec=47.96
[28/47] id=12975 tag=3f6677f3a5 start width=8
[28/47] id=12975 tag=3f6677f3a5 running elapsed=10s limit=120s
[28/47] id=12975 tag=3f6677f3a5 running elapsed=20s limit=120s
[28/47] id=12975 tag=3f6677f3a5 running elapsed=30s limit=120s
[28/47] id=12975 tag=3f6677f3a5 running elapsed=40s limit=120s
[28/47] id=12975 tag=3f6677f3a5 running elapsed=50s limit=120s
[28/47] id=12975 tag=3f6677f3a5 running elapsed=60s limit=120s
[28/47] id=12975 tag=3f6677f3a5 running elapsed=70s limit=120s
[28/47] id=12975 tag=3f6677f3a5 running elapsed=80s limit=120s
[28/47] id=12975 tag=3f6677f3a5 running elapsed=90s limit=120s
[28/47] id=12975 tag=3f6677f3a5 running elapsed=100s limit=120s
[28/47] id=12975 tag=3f6677f3a5 running elapsed=110s limit=120s
[28/47] id=12975 tag=3f6677f3a5 running elapsed=120s limit=120s
[28/47] id=12975 tag=3f6677f3a5 done status=timeout L=- sec=120.05
[29/47] id=13805 tag=21800f9220 start width=8
[29/47] id=13805 tag=21800f9220 running elapsed=10s limit=120s
[29/47] id=13805 tag=21800f9220 running elapsed=20s limit=120s
[29/47] id=13805 tag=21800f9220 running elapsed=30s limit=120s
[29/47] id=13805 tag=21800f9220 running elapsed=40s limit=120s
[29/47] id=13805 tag=21800f9220 running elapsed=50s limit=120s
[29/47] id=13805 tag=21800f9220 running elapsed=60s limit=120s
[29/47] id=13805 tag=21800f9220 running elapsed=70s limit=120s
[29/47] id=13805 tag=21800f9220 running elapsed=80s limit=120s
[29/47] id=13805 tag=21800f9220 running elapsed=90s limit=120s
[29/47] id=13805 tag=21800f9220 running elapsed=100s limit=120s
[29/47] id=13805 tag=21800f9220 running elapsed=110s limit=120s
[29/47] id=13805 tag=21800f9220 running elapsed=120s limit=120s
[29/47] id=13805 tag=21800f9220 done status=timeout L=- sec=120.08
[30/47] id=13855 tag=b606805686 start width=8
[30/47] id=13855 tag=b606805686 running elapsed=10s limit=120s
[30/47] id=13855 tag=b606805686 running elapsed=20s limit=120s
[30/47] id=13855 tag=b606805686 running elapsed=30s limit=120s
[30/47] id=13855 tag=b606805686 running elapsed=40s limit=120s
[30/47] id=13855 tag=b606805686 running elapsed=50s limit=120s
[30/47] id=13855 tag=b606805686 running elapsed=60s limit=120s
[30/47] id=13855 tag=b606805686 running elapsed=70s limit=120s
[30/47] id=13855 tag=b606805686 done status=infeasible L=- sec=70.42
[31/47] id=13875 tag=de71cd793f start width=8
[31/47] id=13875 tag=de71cd793f running elapsed=10s limit=120s
[31/47] id=13875 tag=de71cd793f running elapsed=20s limit=120s
[31/47] id=13875 tag=de71cd793f running elapsed=30s limit=120s
[31/47] id=13875 tag=de71cd793f running elapsed=40s limit=120s
[31/47] id=13875 tag=de71cd793f running elapsed=50s limit=120s
[31/47] id=13875 tag=de71cd793f running elapsed=60s limit=120s
[31/47] id=13875 tag=de71cd793f running elapsed=70s limit=120s
[31/47] id=13875 tag=de71cd793f running elapsed=80s limit=120s
[31/47] id=13875 tag=de71cd793f running elapsed=90s limit=120s
[31/47] id=13875 tag=de71cd793f running elapsed=100s limit=120s
[31/47] id=13875 tag=de71cd793f running elapsed=110s limit=120s
[31/47] id=13875 tag=de71cd793f running elapsed=120s limit=120s
[31/47] id=13875 tag=de71cd793f done status=timeout L=- sec=120.10
[32/47] id=13915 tag=40a0a9955d start width=8
[32/47] id=13915 tag=40a0a9955d running elapsed=10s limit=120s
[32/47] id=13915 tag=40a0a9955d running elapsed=20s limit=120s
[32/47] id=13915 tag=40a0a9955d running elapsed=30s limit=120s
[32/47] id=13915 tag=40a0a9955d running elapsed=40s limit=120s
[32/47] id=13915 tag=40a0a9955d running elapsed=50s limit=120s
[32/47] id=13915 tag=40a0a9955d running elapsed=60s limit=120s
[32/47] id=13915 tag=40a0a9955d running elapsed=70s limit=120s
[32/47] id=13915 tag=40a0a9955d running elapsed=80s limit=120s
[32/47] id=13915 tag=40a0a9955d running elapsed=90s limit=120s
[32/47] id=13915 tag=40a0a9955d running elapsed=100s limit=120s
[32/47] id=13915 tag=40a0a9955d running elapsed=110s limit=120s
[32/47] id=13915 tag=40a0a9955d running elapsed=120s limit=120s
[32/47] id=13915 tag=40a0a9955d done status=timeout L=- sec=120.04
[33/47] id=13975 tag=d4641cb857 start width=8
[33/47] id=13975 tag=d4641cb857 running elapsed=10s limit=120s
[33/47] id=13975 tag=d4641cb857 running elapsed=20s limit=120s
[33/47] id=13975 tag=d4641cb857 running elapsed=30s limit=120s
[33/47] id=13975 tag=d4641cb857 running elapsed=40s limit=120s
[33/47] id=13975 tag=d4641cb857 running elapsed=50s limit=120s
[33/47] id=13975 tag=d4641cb857 running elapsed=60s limit=120s
[33/47] id=13975 tag=d4641cb857 running elapsed=70s limit=120s
[33/47] id=13975 tag=d4641cb857 running elapsed=80s limit=120s
[33/47] id=13975 tag=d4641cb857 running elapsed=90s limit=120s
[33/47] id=13975 tag=d4641cb857 running elapsed=100s limit=120s
[33/47] id=13975 tag=d4641cb857 running elapsed=110s limit=120s
[33/47] id=13975 tag=d4641cb857 running elapsed=120s limit=120s
[33/47] id=13975 tag=d4641cb857 done status=timeout L=- sec=120.06
[34/47] id=14165 tag=6d3c11fe31 start width=8
[34/47] id=14165 tag=6d3c11fe31 running elapsed=10s limit=120s
[34/47] id=14165 tag=6d3c11fe31 running elapsed=20s limit=120s
[34/47] id=14165 tag=6d3c11fe31 running elapsed=30s limit=120s
[34/47] id=14165 tag=6d3c11fe31 running elapsed=40s limit=120s
[34/47] id=14165 tag=6d3c11fe31 running elapsed=50s limit=120s
[34/47] id=14165 tag=6d3c11fe31 running elapsed=60s limit=120s
[34/47] id=14165 tag=6d3c11fe31 running elapsed=70s limit=120s
[34/47] id=14165 tag=6d3c11fe31 running elapsed=80s limit=120s
[34/47] id=14165 tag=6d3c11fe31 running elapsed=90s limit=120s
[34/47] id=14165 tag=6d3c11fe31 running elapsed=100s limit=120s
[34/47] id=14165 tag=6d3c11fe31 done status=infeasible L=- sec=101.00
[35/47] id=14415 tag=da3d6bf081 start width=8
[35/47] id=14415 tag=da3d6bf081 running elapsed=10s limit=120s
[35/47] id=14415 tag=da3d6bf081 running elapsed=20s limit=120s
[35/47] id=14415 tag=da3d6bf081 running elapsed=30s limit=120s
[35/47] id=14415 tag=da3d6bf081 running elapsed=40s limit=120s
[35/47] id=14415 tag=da3d6bf081 running elapsed=50s limit=120s
[35/47] id=14415 tag=da3d6bf081 running elapsed=60s limit=120s
[35/47] id=14415 tag=da3d6bf081 running elapsed=70s limit=120s
[35/47] id=14415 tag=da3d6bf081 running elapsed=80s limit=120s
[35/47] id=14415 tag=da3d6bf081 running elapsed=90s limit=120s
[35/47] id=14415 tag=da3d6bf081 running elapsed=100s limit=120s
[35/47] id=14415 tag=da3d6bf081 running elapsed=110s limit=120s
[35/47] id=14415 tag=da3d6bf081 running elapsed=120s limit=120s
[35/47] id=14415 tag=da3d6bf081 done status=timeout L=- sec=120.05
[36/47] id=14425 tag=8905d34fa8 start width=8
[36/47] id=14425 tag=8905d34fa8 running elapsed=10s limit=120s
[36/47] id=14425 tag=8905d34fa8 running elapsed=20s limit=120s
[36/47] id=14425 tag=8905d34fa8 running elapsed=30s limit=120s
[36/47] id=14425 tag=8905d34fa8 running elapsed=40s limit=120s
[36/47] id=14425 tag=8905d34fa8 running elapsed=50s limit=120s
[36/47] id=14425 tag=8905d34fa8 running elapsed=60s limit=120s
[36/47] id=14425 tag=8905d34fa8 running elapsed=70s limit=120s
[36/47] id=14425 tag=8905d34fa8 running elapsed=80s limit=120s
[36/47] id=14425 tag=8905d34fa8 running elapsed=90s limit=120s
[36/47] id=14425 tag=8905d34fa8 running elapsed=100s limit=120s
[36/47] id=14425 tag=8905d34fa8 running elapsed=110s limit=120s
[36/47] id=14425 tag=8905d34fa8 running elapsed=120s limit=120s
[36/47] id=14425 tag=8905d34fa8 done status=timeout L=- sec=120.06
[37/47] id=14445 tag=f7fe283e98 start width=8
[37/47] id=14445 tag=f7fe283e98 running elapsed=10s limit=120s
[37/47] id=14445 tag=f7fe283e98 running elapsed=20s limit=120s
[37/47] id=14445 tag=f7fe283e98 running elapsed=30s limit=120s
[37/47] id=14445 tag=f7fe283e98 done status=infeasible L=- sec=38.70
[38/47] id=14995 tag=5de38c0ccb start width=8
[38/47] id=14995 tag=5de38c0ccb running elapsed=10s limit=120s
[38/47] id=14995 tag=5de38c0ccb running elapsed=20s limit=120s
[38/47] id=14995 tag=5de38c0ccb running elapsed=30s limit=120s
[38/47] id=14995 tag=5de38c0ccb running elapsed=40s limit=120s
[38/47] id=14995 tag=5de38c0ccb running elapsed=50s limit=120s
[38/47] id=14995 tag=5de38c0ccb running elapsed=60s limit=120s
[38/47] id=14995 tag=5de38c0ccb running elapsed=70s limit=120s
[38/47] id=14995 tag=5de38c0ccb running elapsed=80s limit=120s
[38/47] id=14995 tag=5de38c0ccb running elapsed=90s limit=120s
[38/47] id=14995 tag=5de38c0ccb done status=infeasible L=- sec=96.81
[39/47] id=15165 tag=3a67184999 start width=8
[39/47] id=15165 tag=3a67184999 running elapsed=10s limit=120s
[39/47] id=15165 tag=3a67184999 running elapsed=20s limit=120s
[39/47] id=15165 tag=3a67184999 running elapsed=30s limit=120s
[39/47] id=15165 tag=3a67184999 running elapsed=40s limit=120s
[39/47] id=15165 tag=3a67184999 running elapsed=50s limit=120s
[39/47] id=15165 tag=3a67184999 running elapsed=60s limit=120s
[39/47] id=15165 tag=3a67184999 running elapsed=70s limit=120s
[39/47] id=15165 tag=3a67184999 running elapsed=80s limit=120s
[39/47] id=15165 tag=3a67184999 done status=infeasible L=- sec=82.38
[40/47] id=15175 tag=126e0cbc01 start width=8
[40/47] id=15175 tag=126e0cbc01 running elapsed=10s limit=120s
[40/47] id=15175 tag=126e0cbc01 running elapsed=20s limit=120s
[40/47] id=15175 tag=126e0cbc01 running elapsed=30s limit=120s
[40/47] id=15175 tag=126e0cbc01 running elapsed=40s limit=120s
[40/47] id=15175 tag=126e0cbc01 running elapsed=50s limit=120s
[40/47] id=15175 tag=126e0cbc01 running elapsed=60s limit=120s
[40/47] id=15175 tag=126e0cbc01 running elapsed=70s limit=120s
[40/47] id=15175 tag=126e0cbc01 running elapsed=80s limit=120s
[40/47] id=15175 tag=126e0cbc01 running elapsed=90s limit=120s
[40/47] id=15175 tag=126e0cbc01 running elapsed=100s limit=120s
[40/47] id=15175 tag=126e0cbc01 running elapsed=110s limit=120s
[40/47] id=15175 tag=126e0cbc01 running elapsed=120s limit=120s
[40/47] id=15175 tag=126e0cbc01 done status=timeout L=- sec=120.08
[41/47] id=15255 tag=3951cae073 start width=8
[41/47] id=15255 tag=3951cae073 running elapsed=10s limit=120s
[41/47] id=15255 tag=3951cae073 running elapsed=20s limit=120s
[41/47] id=15255 tag=3951cae073 running elapsed=30s limit=120s
[41/47] id=15255 tag=3951cae073 running elapsed=40s limit=120s
[41/47] id=15255 tag=3951cae073 running elapsed=50s limit=120s
[41/47] id=15255 tag=3951cae073 done status=optimal L=46 sec=52.04
[42/47] id=15335 tag=852b70aeb6 start width=8
[42/47] id=15335 tag=852b70aeb6 running elapsed=10s limit=120s
[42/47] id=15335 tag=852b70aeb6 running elapsed=20s limit=120s
[42/47] id=15335 tag=852b70aeb6 running elapsed=30s limit=120s
[42/47] id=15335 tag=852b70aeb6 running elapsed=40s limit=120s
[42/47] id=15335 tag=852b70aeb6 running elapsed=50s limit=120s
[42/47] id=15335 tag=852b70aeb6 running elapsed=60s limit=120s
[42/47] id=15335 tag=852b70aeb6 running elapsed=70s limit=120s
[42/47] id=15335 tag=852b70aeb6 running elapsed=80s limit=120s
[42/47] id=15335 tag=852b70aeb6 running elapsed=90s limit=120s
[42/47] id=15335 tag=852b70aeb6 running elapsed=100s limit=120s
[42/47] id=15335 tag=852b70aeb6 running elapsed=110s limit=120s
[42/47] id=15335 tag=852b70aeb6 running elapsed=120s limit=120s
[42/47] id=15335 tag=852b70aeb6 done status=timeout L=- sec=120.06
[43/47] id=15555 tag=cff60bbe7b start width=8
[43/47] id=15555 tag=cff60bbe7b running elapsed=10s limit=120s
[43/47] id=15555 tag=cff60bbe7b running elapsed=20s limit=120s
[43/47] id=15555 tag=cff60bbe7b running elapsed=30s limit=120s
[43/47] id=15555 tag=cff60bbe7b running elapsed=40s limit=120s
[43/47] id=15555 tag=cff60bbe7b running elapsed=50s limit=120s
[43/47] id=15555 tag=cff60bbe7b running elapsed=60s limit=120s
[43/47] id=15555 tag=cff60bbe7b done status=infeasible L=- sec=69.18
[44/47] id=18155 tag=917d59d478 start width=16
[44/47] id=18155 tag=917d59d478 running elapsed=10s limit=120s
[44/47] id=18155 tag=917d59d478 running elapsed=20s limit=120s
[44/47] id=18155 tag=917d59d478 running elapsed=30s limit=120s
[44/47] id=18155 tag=917d59d478 done status=optimal L=26 sec=31.00
[45/47] id=18285 tag=9f9eddc372 start width=16
[45/47] id=18285 tag=9f9eddc372 running elapsed=10s limit=120s
[45/47] id=18285 tag=9f9eddc372 running elapsed=20s limit=120s
[45/47] id=18285 tag=9f9eddc372 running elapsed=30s limit=120s
[45/47] id=18285 tag=9f9eddc372 running elapsed=40s limit=120s
[45/47] id=18285 tag=9f9eddc372 running elapsed=50s limit=120s
[45/47] id=18285 tag=9f9eddc372 running elapsed=60s limit=120s
[45/47] id=18285 tag=9f9eddc372 running elapsed=70s limit=120s
[45/47] id=18285 tag=9f9eddc372 running elapsed=80s limit=120s
[45/47] id=18285 tag=9f9eddc372 done status=optimal L=34 sec=84.54
[46/47] id=19875 tag=cddb943d26 start width=16
[46/47] id=19875 tag=cddb943d26 running elapsed=10s limit=120s
[46/47] id=19875 tag=cddb943d26 running elapsed=20s limit=120s
[46/47] id=19875 tag=cddb943d26 running elapsed=30s limit=120s
[46/47] id=19875 tag=cddb943d26 done status=optimal L=34 sec=31.37
[47/47] id=31635 tag=667826e1af start width=16
[47/47] id=31635 tag=667826e1af running elapsed=10s limit=120s
[47/47] id=31635 tag=667826e1af running elapsed=20s limit=120s
[47/47] id=31635 tag=667826e1af running elapsed=30s limit=120s
[47/47] id=31635 tag=667826e1af running elapsed=40s limit=120s
[47/47] id=31635 tag=667826e1af running elapsed=50s limit=120s
[47/47] id=31635 tag=667826e1af running elapsed=60s limit=120s
[47/47] id=31635 tag=667826e1af running elapsed=70s limit=120s
[47/47] id=31635 tag=667826e1af running elapsed=80s limit=120s
[47/47] id=31635 tag=667826e1af running elapsed=90s limit=120s
[47/47] id=31635 tag=667826e1af running elapsed=100s limit=120s
[47/47] id=31635 tag=667826e1af running elapsed=110s limit=120s
[47/47] id=31635 tag=667826e1af running elapsed=120s limit=120s
[47/47] id=31635 tag=667826e1af done status=timeout L=- sec=120.14
[done] shard=05 completed=47
