[start] mode=push shard=03/10 jobs=45
[1/45] id=1393 tag=f295c30e7f start width=8
[1/45] id=1393 tag=f295c30e7f running elapsed=10s limit=120s
[1/45] id=1393 tag=f295c30e7f running elapsed=20s limit=120s
[1/45] id=1393 tag=f295c30e7f running elapsed=30s limit=120s
[1/45] id=1393 tag=f295c30e7f running elapsed=40s limit=120s
[1/45] id=1393 tag=f295c30e7f running elapsed=50s limit=120s
[1/45] id=1393 tag=f295c30e7f running elapsed=60s limit=120s
[1/45] id=1393 tag=f295c30e7f running elapsed=70s limit=120s
[1/45] id=1393 tag=f295c30e7f running elapsed=80s limit=120s
[1/45] id=1393 tag=f295c30e7f done status=infeasible L=- sec=86.89
[2/45] id=1763 tag=d226b1f776 start width=8
[2/45] id=1763 tag=d226b1f776 running elapsed=10s limit=120s
[2/45] id=1763 tag=d226b1f776 running elapsed=20s limit=120s
[2/45] id=1763 tag=d226b1f776 running elapsed=30s limit=120s
[2/45] id=1763 tag=d226b1f776 running elapsed=40s limit=120s
[2/45] id=1763 tag=d226b1f776 running elapsed=50s limit=120s
[2/45] id=1763 tag=d226b1f776 running elapsed=60s limit=120s
[2/45] id=1763 tag=d226b1f776 running elapsed=70s limit=120s
[2/45] id=1763 tag=d226b1f776 running elapsed=80s limit=120s
[2/45] id=1763 tag=d226b1f776 done status=infeasible L=- sec=88.97
[3/45] id=1813 tag=f8d797d11b start width=8
[3/45] id=1813 tag=f8d797d11b running elapsed=10s limit=120s
[3/45] id=1813 tag=f8d797d11b running elapsed=20s limit=120s
[3/45] id=1813 tag=f8d797d11b running elapsed=30s limit=120s
[3/45] id=1813 tag=f8d797d11b running elapsed=40s limit=120s
[3/45] id=1813 tag=f8d797d11b running elapsed=50s limit=120s
[3/45] id=1813 tag=f8d797d11b running elapsed=60s limit=120s
[3/45] id=1813 tag=f8d797d11b running elapsed=70s limit=120s
[3/45] id=1813 tag=f8d797d11b running elapsed=80s limit=120s
[3/45] id=1813 tag=f8d797d11b done status=infeasible L=- sec=89.58
[4/45] id=1833 tag=fc5e833118 start width=8
[4/45] id=1833 tag=fc5e833118 running elapsed=10s limit=120s
[4/45] id=1833 tag=fc5e833118 running elapsed=20s limit=120s
[4/45] id=1833 tag=fc5e833118 running elapsed=30s limit=120s
[4/45] id=1833 tag=fc5e833118 running elapsed=40s limit=120s
[4/45] id=1833 tag=fc5e833118 running elapsed=50s limit=120s
[4/45] id=1833 tag=fc5e833118 running elapsed=60s limit=120s
[4/45] id=1833 tag=fc5e833118 running elapsed=70s limit=120s
[4/45] id=1833 tag=fc5e833118 done status=infeasible L=- sec=73.36
[5/45] id=1933 tag=fcfcf42776 start width=8
[5/45] id=1933 tag=fcfcf42776 running elapsed=10s limit=120s
[5/45] id=1933 tag=fcfcf42776 running elapsed=20s limit=120s
[5/45] id=1933 tag=fcfcf42776 running elapsed=30s limit=120s
[5/45] id=1933 tag=fcfcf42776 running elapsed=40s limit=120s
[5/45] id=1933 tag=fcfcf42776 running elapsed=50s limit=120s
[5/45] id=1933 tag=fcfcf42776 running elapsed=60s limit=120s
[5/45] id=1933 tag=fcfcf42776 running elapsed=70s limit=120s
[5/45] id=1933 tag=fcfcf42776 running elapsed=80s limit=120s
[5/45] id=1933 tag=fcfcf42776 running elapsed=90s limit=120s
[5/45] id=1933 tag=fcfcf42776 running elapsed=100s limit=120s
[5/45] id=1933 tag=fcfcf42776 running elapsed=110s limit=120s
[5/45] id=1933 tag=fcfcf42776 running elapsed=120s limit=120s
[5/45] id=1933 tag=fcfcf42776 done status=timeout L=- sec=120.05
[6/45] id=2023 tag=7431d3d7fe start width=8
[6/45] id=2023 tag=7431d3d7fe running elapsed=10s limit=120s
[6/45] id=2023 tag=7431d3d7fe running elapsed=20s limit=120s
[6/45] id=2023 tag=7431d3d7fe running elapsed=30s limit=120s
[6/45] id=2023 tag=7431d3d7fe running elapsed=40s limit=120s
[6/45] id=2023 tag=7431d3d7fe running elapsed=50s limit=120s
[6/45] id=2023 tag=7431d3d7fe running elapsed=60s limit=120s
[6/45] id=2023 tag=7431d3d7fe running elapsed=70s limit=120s
[6/45] id=2023 tag=7431d3d7fe running elapsed=80s limit=120s
[6/45] id=2023 tag=7431d3d7fe running elapsed=90s limit=120s
[6/45] id=2023 tag=7431d3d7fe running elapsed=100s limit=120s
[6/45] id=2023 tag=7431d3d7fe running elapsed=110s limit=120s
[6/45] id=2023 tag=7431d3d7fe running elapsed=120s limit=120s
[6/45] id=2023 tag=7431d3d7fe done status=timeout L=- sec=120.06
[7/45] id=2053 tag=19838f17f0 start width=8
[7/45] id=2053 tag=19838f17f0 running elapsed=10s limit=120s
[7/45] id=2053 tag=19838f17f0 running elapsed=20s limit=120s
[7/45] id=2053 tag=19838f17f0 running elapsed=30s limit=120s
[7/45] id=2053 tag=19838f17f0 running elapsed=40s limit=120s
[7/45] id=2053 tag=19838f17f0 running elapsed=50s limit=120s
[7/45] id=2053 tag=19838f17f0 running elapsed=60s limit=120s
[7/45] id=2053 tag=19838f17f0 running elapsed=70s limit=120s
[7/45] id=2053 tag=19838f17f0 done status=infeasible L=- sec=74.96
[8/45] id=2073 tag=9f41e295a9 start width=8
[8/45] id=2073 tag=9f41e295a9 running elapsed=10s limit=120s
[8/45] id=2073 tag=9f41e295a9 running elapsed=20s limit=120s
[8/45] id=2073 tag=9f41e295a9 running elapsed=30s limit=120s
[8/45] id=2073 tag=9f41e295a9 running elapsed=40s limit=120s
[8/45] id=2073 tag=9f41e295a9 running elapsed=50s limit=120s
[8/45] id=2073 tag=9f41e295a9 running elapsed=60s limit=120s
[8/45] id=2073 tag=9f41e295a9 done status=infeasible L=- sec=69.68
[9/45] id=2873 tag=5ce947fb59 start width=8
[9/45] id=2873 tag=5ce947fb59 running elapsed=10s limit=120s
[9/45] id=2873 tag=5ce947fb59 running elapsed=20s limit=120s
[9/45] id=2873 tag=5ce947fb59 running elapsed=30s limit=120s
[9/45] id=2873 tag=5ce947fb59 running elapsed=40s limit=120s
[9/45] id=2873 tag=5ce947fb59 done status=infeasible L=- sec=49.25
[10/45] id=3003 tag=fc4c015ede start width=8
[10/45] id=3003 tag=fc4c015ede running elapsed=10s limit=120s
[10/45] id=3003 tag=fc4c015ede running elapsed=20s limit=120s
[10/45] id=3003 tag=fc4c015ede running elapsed=30s limit=120s
[10/45] id=3003 tag=fc4c015ede running elapsed=40s limit=120s
[10/45] id=3003 tag=fc4c015ede running elapsed=50s limit=120s
[10/45] id=3003 tag=fc4c015ede done status=infeasible L=- sec=50.25
[11/45] id=3023 tag=7484ea9d63 start width=8
[11/45] id=3023 tag=7484ea9d63 running elapsed=10s limit=120s
[11/45] id=3023 tag=7484ea9d63 running elapsed=20s limit=120s
[11/45] id=3023 tag=7484ea9d63 running elapsed=30s limit=120s
[11/45] id=3023 tag=7484ea9d63 running elapsed=40s limit=120s
[11/45] id=3023 tag=7484ea9d63 running elapsed=50s limit=120s
[11/45] id=3023 tag=7484ea9d63 running elapsed=60s limit=120s
[11/45] id=3023 tag=7484ea9d63 running elapsed=70s limit=120s
[11/45] id=3023 tag=7484ea9d63 running elapsed=80s limit=120s
[11/45] id=3023 tag=7484ea9d63 running elapsed=90s limit=120s
[11/45] id=3023 tag=7484ea9d63 running elapsed=100s limit=120s
[11/45] id=3023 tag=7484ea9d63 running elapsed=110s limit=120s
[11/45] id=3023 tag=7484ea9d63 running elapsed=120s limit=120s
[11/45] id=3023 tag=7484ea9d63 done status=timeout L=- sec=120.06
[12/45] id=3283 tag=df60c8fa72 start width=8
[12/45] id=3283 tag=df60c8fa72 running elapsed=10s limit=120s
[12/45] id=3283 tag=df60c8fa72 running elapsed=20s limit=120s
[12/45] id=3283 tag=df60c8fa72 running elapsed=30s limit=120s
[12/45] id=3283 tag=df60c8fa72 running elapsed=40s limit=120s
[12/45] id=3283 tag=df60c8fa72 running elapsed=50s limit=120s
[12/45] id=3283 tag=df60c8fa72 running elapsed=60s limit=120s
[12/45] id=3283 tag=df60c8fa72 running elapsed=70s limit=120s
[12/45] id=3283 tag=df60c8fa72 running elapsed=80s limit=120s
[12/45] id=3283 tag=df60c8fa72 running elapsed=90s limit=120s
[12/45] id=3283 tag=df60c8fa72 running elapsed=100s limit=120s
[12/45] id=3283 tag=df60c8fa72 running elapsed=110s limit=120s
[12/45] id=3283 tag=df60c8fa72 running elapsed=120s limit=120s
[12/45] id=3283 tag=df60c8fa72 done status=timeout L=- sec=120.06
[13/45] id=3473 tag=67ab7637b7 start width=8
[13/45] id=3473 tag=67ab7637b7 running elapsed=10s limit=120s
[13/45] id=3473 tag=67ab7637b7 running elapsed=20s limit=120s
[13/45] id=3473 tag=67ab7637b7 running elapsed=30s limit=120s
[13/45] id=3473 tag=67ab7637b7 running elapsed=40s limit=120s
[13/45] id=3473 tag=67ab7637b7 running elapsed=50s limit=120s
[13/45] id=3473 tag=67ab7637b7 running elapsed=60s limit=120s
[13/45] id=3473 tag=67ab7637b7 running elapsed=70s limit=120s
[13/45] id=3473 tag=67ab7637b7 running elapsed=80s limit=120s
[13/45] id=3473 tag=67ab7637b7 running elapsed=90s limit=120s
[13/45] id=3473 tag=67ab7637b7 running elapsed=100s limit=120s
[13/45] id=3473 tag=67ab7637b7 running elapsed=110s limit=120s
[13/45] id=3473 tag=67ab7637b7 running elapsed=120s limit=120s
[13/45] id=3473 tag=67ab7637b7 done status=timeout L=- sec=120.10
[14/45] id=3493 tag=0385e53af1 start width=8
[14/45] id=3493 tag=0385e53af1 running elapsed=10s limit=120s
[14/45] id=3493 tag=0385e53af1 running elapsed=20s limit=120s
[14/45] id=3493 tag=0385e53af1 running elapsed=30s limit=120s
[14/45] id=3493 tag=0385e53af1 running elapsed=40s limit=120s
[14/45] id=3493 tag=0385e53af1 done status=infeasible L=- sec=45.44
[15/45] id=3633 tag=d7b1a60bb4 start width=8
[15/45] id=3633 tag=d7b1a60bb4 running elapsed=10s limit=120s
[15/45] id=3633 tag=d7b1a60bb4 running elapsed=20s limit=120s
[15/45] id=3633 tag=d7b1a60bb4 running elapsed=30s limit=120s
[15/45] id=3633 tag=d7b1a60bb4 running elapsed=40s limit=120s
[15/45] id=3633 tag=d7b1a60bb4 running elapsed=50s limit=120s
[15/45] id=3633 tag=d7b1a60bb4 running elapsed=60s limit=120s
[15/45] id=3633 tag=d7b1a60bb4 running elapsed=70s limit=120s
[15/45] id=3633 tag=d7b1a60bb4 running elapsed=80s limit=120s
[15/45] id=3633 tag=d7b1a60bb4 running elapsed=90s limit=120s
[15/45] id=3633 tag=d7b1a60bb4 running elapsed=100s limit=120s
[15/45] id=3633 tag=d7b1a60bb4 running elapsed=110s limit=120s
[15/45] id=3633 tag=d7b1a60bb4 running elapsed=120s limit=120s
[15/45] id=3633 tag=d7b1a60bb4 done status=timeout L=- sec=120.04
[16/45] id=7273 tag=8202a9bd4b start width=8
[16/45] id=7273 tag=8202a9bd4b running elapsed=10s limit=120s
[16/45] id=7273 tag=8202a9bd4b running elapsed=20s limit=120s
[16/45] id=7273 tag=8202a9bd4b running elapsed=30s limit=120s
[16/45] id=7273 tag=8202a9bd4b running elapsed=40s limit=120s
[16/45] id=7273 tag=8202a9bd4b running elapsed=50s limit=120s
[16/45] id=7273 tag=8202a9bd4b running elapsed=60s limit=120s
[16/45] id=7273 tag=8202a9bd4b running elapsed=70s limit=120s
[16/45] id=7273 tag=8202a9bd4b done status=optimal L=48 sec=75.70
[17/45] id=7333 tag=aa60e0ba22 start width=8
[17/45] id=7333 tag=aa60e0ba22 running elapsed=10s limit=120s
[17/45] id=7333 tag=aa60e0ba22 running elapsed=20s limit=120s
[17/45] id=7333 tag=aa60e0ba22 running elapsed=30s limit=120s
[17/45] id=7333 tag=aa60e0ba22 running elapsed=40s limit=120s
[17/45] id=7333 tag=aa60e0ba22 running elapsed=50s limit=120s
[17/45] id=7333 tag=aa60e0ba22 running elapsed=60s limit=120s
[17/45] id=7333 tag=aa60e0ba22 running elapsed=70s limit=120s
[17/45] id=7333 tag=aa60e0ba22 running elapsed=80s limit=120s
[17/45] id=7333 tag=aa60e0ba22 done status=infeasible L=- sec=82.66
[18/45] id=8093 tag=e39e33d322 start width=8
[18/45] id=8093 tag=e39e33d322 running elapsed=10s limit=120s
[18/45] id=8093 tag=e39e33d322 running elapsed=20s limit=120s
[18/45] id=8093 tag=e39e33d322 running elapsed=30s limit=120s
[18/45] id=8093 tag=e39e33d322 running elapsed=40s limit=120s
[18/45] id=8093 tag=e39e33d322 running elapsed=50s limit=120s
[18/45] id=8093 tag=e39e33d322 running elapsed=60s limit=120s
[18/45] id=8093 tag=e39e33d322 running elapsed=70s limit=120s
[18/45] id=8093 tag=e39e33d322 running elapsed=80s limit=120s
[18/45] id=8093 tag=e39e33d322 running elapsed=90s limit=120s
[18/45] id=8093 tag=e39e33d322 running elapsed=100s limit=120s
[18/45] id=8093 tag=e39e33d322 running elapsed=110s limit=120s
[18/45] id=8093 tag=e39e33d322 running elapsed=120s limit=120s
[18/45] id=8093 tag=e39e33d322 done status=timeout L=- sec=120.05
[19/45] id=8203 tag=25a558841a start width=8
[19/45] id=8203 tag=25a558841a running elapsed=10s limit=120s
[19/45] id=8203 tag=25a558841a running elapsed=20s limit=120s
[19/45] id=8203 tag=25a558841a running elapsed=30s limit=120s
[19/45] id=8203 tag=25a558841a running elapsed=40s limit=120s
[19/45] id=8203 tag=25a558841a running elapsed=50s limit=120s
[19/45] id=8203 tag=25a558841a running elapsed=60s limit=120s
[19/45] id=8203 tag=25a558841a running elapsed=70s limit=120s
[19/45] id=8203 tag=25a558841a running elapsed=80s limit=120s
[19/45] id=8203 tag=25a558841a running elapsed=90s limit=120s
[19/45] id=8203 tag=25a558841a running elapsed=100s limit=120s
[19/45] id=8203 tag=25a558841a done status=infeasible L=- sec=104.54
[20/45] id=8453 tag=3be83d9f52 start width=8
[20/45] id=8453 tag=3be83d9f52 running elapsed=10s limit=120s
[20/45] id=8453 tag=3be83d9f52 running elapsed=20s limit=120s
[20/45] id=8453 tag=3be83d9f52 running elapsed=30s limit=120s
[20/45] id=8453 tag=3be83d9f52 running elapsed=40s limit=120s
[20/45] id=8453 tag=3be83d9f52 running elapsed=50s limit=120s
[20/45] id=8453 tag=3be83d9f52 running elapsed=60s limit=120s
[20/45] id=8453 tag=3be83d9f52 running elapsed=70s limit=120s
[20/45] id=8453 tag=3be83d9f52 running elapsed=80s limit=120s
[20/45] id=8453 tag=3be83d9f52 running elapsed=90s limit=120s
[20/45] id=8453 tag=3be83d9f52 running elapsed=100s limit=120s
[20/45] id=8453 tag=3be83d9f52 running elapsed=110s limit=120s
[20/45] id=8453 tag=3be83d9f52 running elapsed=120s limit=120s
[20/45] id=8453 tag=3be83d9f52 done status=timeout L=- sec=120.17
[21/45] id=8953 tag=2790003337 start width=8
[21/45] id=8953 tag=2790003337 running elapsed=10s limit=120s
[21/45] id=8953 tag=2790003337 running elapsed=20s limit=120s
[21/45] id=8953 tag=2790003337 running elapsed=30s limit=120s
[21/45] id=8953 tag=2790003337 running elapsed=40s limit=120s
[21/45] id=8953 tag=2790003337 running elapsed=50s limit=120s
[21/45] id=8953 tag=2790003337 running elapsed=60s limit=120s
[21/45] id=8953 tag=2790003337 running elapsed=70s limit=120s
[21/45] id=8953 tag=2790003337 running elapsed=80s limit=120s
[21/45] id=8953 tag=2790003337 running elapsed=90s limit=120s
[21/45] id=8953 tag=2790003337 running elapsed=100s limit=120s
[21/45] id=8953 tag=2790003337 running elapsed=110s limit=120s
[21/45] id=8953 tag=2790003337 running elapsed=120s limit=120s
[21/45] id=8953 tag=2790003337 done status=timeout L=- sec=120.05
[22/45] id=9003 tag=1f0331615a start width=8
[22/45] id=9003 tag=1f0331615a running elapsed=10s limit=120s
[22/45] id=9003 tag=1f0331615a running elapsed=20s limit=120s
[22/45] id=9003 tag=1f0331615a running elapsed=30s limit=120s
[22/45] id=9003 tag=1f0331615a running elapsed=40s limit=120s
[22/45] id=9003 tag=1f0331615a running elapsed=50s limit=120s
[22/45] id=9003 tag=1f0331615a running elapsed=60s limit=120s
[22/45] id=9003 tag=1f0331615a running elapsed=70s limit=120s
[22/45] id=9003 tag=1f0331615a running elapsed=80s limit=120s
[22/45] id=9003 tag=1f0331615a done status=infeasible L=- sec=84.37
[23/45] id=9093 tag=2de286975b start width=8
[23/45] id=9093 tag=2de286975b running elapsed=10s limit=120s
[23/45] id=9093 tag=2de286975b running elapsed=20s limit=120s
[23/45] id=9093 tag=2de286975b running elapsed=30s limit=120s
[23/45] id=9093 tag=2de286975b running elapsed=40s limit=120s
[23/45] id=9093 tag=2de286975b running elapsed=50s limit=120s
[23/45] id=9093 tag=2de286975b running elapsed=60s limit=120s
[23/45] id=9093 tag=2de286975b running elapsed=70s limit=120s
[23/45] id=9093 tag=2de286975b running elapsed=80s limit=120s
[23/45] id=9093 tag=2de286975b running elapsed=90s limit=120s
[23/45] id=9093 tag=2de286975b done status=infeasible L=- sec=94.95
[24/45] id=9143 tag=ce62e66641 start width=8
[24/45] id=9143 tag=ce62e66641 running elapsed=10s limit=120s
[24/45] id=9143 tag=ce62e66641 running elapsed=20s limit=120s
[24/45] id=9143 tag=ce62e66641 running elapsed=30s limit=120s
[24/45] id=9143 tag=ce62e66641 running elapsed=40s limit=120s
[24/45] id=9143 tag=ce62e66641 running elapsed=50s limit=120s
[24/45] id=9143 tag=ce62e66641 running elapsed=60s limit=120s
[24/45] id=9143 tag=ce62e66641 running elapsed=70s limit=120s
[24/45] id=9143 tag=ce62e66641 running elapsed=80s limit=120s
[24/45] id=9143 tag=ce62e66641 running elapsed=90s limit=120s
[24/45] id=9143 tag=ce62e66641 running elapsed=100s limit=120s
[24/45] id=9143 tag=ce62e66641 running elapsed=110s limit=120s
[24/45] id=9143 tag=ce62e66641 running elapsed=120s limit=120s
[24/45] id=9143 tag=ce62e66641 done status=timeout L=- sec=120.05
[25/45] id=9533 tag=41a160280d start width=8
[25/45] id=9533 tag=41a160280d running elapsed=10s limit=120s
[25/45] id=9533 tag=41a160280d running elapsed=20s limit=120s
[25/45] id=9533 tag=41a160280d running elapsed=30s limit=120s
[25/45] id=9533 tag=41a160280d running elapsed=40s limit=120s
[25/45] id=9533 tag=41a160280d running elapsed=50s limit=120s
[25/45] id=9533 tag=41a160280d running elapsed=60s limit=120s
[25/45] id=9533 tag=41a160280d running elapsed=70s limit=120s
[25/45] id=9533 tag=41a160280d running elapsed=80s limit=120s
[25/45] id=9533 tag=41a160280d running elapsed=90s limit=120s
[25/45] id=9533 tag=41a160280d running elapsed=100s limit=120s
[25/45] id=9533 tag=41a160280d running elapsed=110s limit=120s
[25/45] id=9533 tag=41a160280d running elapsed=120s limit=120s
[25/45] id=9533 tag=41a160280d done status=timeout L=- sec=120.15
[26/45] id=9553 tag=b557bf17e4 start width=8
[26/45] id=9553 tag=b557bf17e4 running elapsed=10s limit=120s
[26/45] id=9553 tag=b557bf17e4 running elapsed=20s limit=120s
[26/45] id=9553 tag=b557bf17e4 running elapsed=30s limit=120s
[26/45] id=9553 tag=b557bf17e4 running elapsed=40s limit=120s
[26/45] id=9553 tag=b557bf17e4 running elapsed=50s limit=120s
[26/45] id=9553 tag=b557bf17e4 running elapsed=60s limit=120s
[26/45] id=9553 tag=b557bf17e4 running elapsed=70s limit=120s
[26/45] id=9553 tag=b557bf17e4 running elapsed=80s limit=120s
[26/45] id=9553 tag=b557bf17e4 running elapsed=90s limit=120s
[26/45] id=9553 tag=b557bf17e4 running elapsed=100s limit=120s
[26/45] id=9553 tag=b557bf17e4 running elapsed=110s limit=120s
[26/45] id=9553 tag=b557bf17e4 running elapsed=120s limit=120s
[26/45] id=9553 tag=b557bf17e4 done status=timeout L=- sec=120.05
[27/45] id=9603 tag=c5c4ed554b start width=8
[27/45] id=9603 tag=c5c4ed554b running elapsed=10s limit=120s
[27/45] id=9603 tag=c5c4ed554b running elapsed=20s limit=120s
[27/45] id=9603 tag=c5c4ed554b running elapsed=30s limit=120s
[27/45] id=9603 tag=c5c4ed554b running elapsed=40s limit=120s
[27/45] id=9603 tag=c5c4ed554b running elapsed=50s limit=120s
[27/45] id=9603 tag=c5c4ed554b running elapsed=60s limit=120s
[27/45] id=9603 tag=c5c4ed554b running elapsed=70s limit=120s
[27/45] id=9603 tag=c5c4ed554b running elapsed=80s limit=120s
[27/45] id=9603 tag=c5c4ed554b running elapsed=90s limit=120s
[27/45] id=9603 tag=c5c4ed554b running elapsed=100s limit=120s
[27/45] id=9603 tag=c5c4ed554b done status=infeasible L=- sec=106.93
[28/45] id=12573 tag=d3ecaf1114 start width=8
[28/45] id=12573 tag=d3ecaf1114 running elapsed=10s limit=120s
[28/45] id=12573 tag=d3ecaf1114 running elapsed=20s limit=120s
[28/45] id=12573 tag=d3ecaf1114 running elapsed=30s limit=120s
[28/45] id=12573 tag=d3ecaf1114 running elapsed=40s limit=120s
[28/45] id=12573 tag=d3ecaf1114 running elapsed=50s limit=120s
[28/45] id=12573 tag=d3ecaf1114 running elapsed=60s limit=120s
[28/45] id=12573 tag=d3ecaf1114 running elapsed=70s limit=120s
[28/45] id=12573 tag=d3ecaf1114 running elapsed=80s limit=120s
[28/45] id=12573 tag=d3ecaf1114 running elapsed=90s limit=120s
[28/45] id=12573 tag=d3ecaf1114 running elapsed=100s limit=120s
[28/45] id=12573 tag=d3ecaf1114 running elapsed=110s limit=120s
[28/45] id=12573 tag=d3ecaf1114 running elapsed=120s limit=120s
[28/45] id=12573 tag=d3ecaf1114 done status=timeout L=- sec=120.04
[29/45] id=12763 tag=fae41ed258 start width=8
[29/45] id=12763 tag=fae41ed258 running elapsed=10s limit=120s
[29/45] id=12763 tag=fae41ed258 running elapsed=20s limit=120s
[29/45] id=12763 tag=fae41ed258 running elapsed=30s limit=120s
[29/45] id=12763 tag=fae41ed258 running elapsed=40s limit=120s
[29/45] id=12763 tag=fae41ed258 running elapsed=50s limit=120s
[29/45] id=12763 tag=fae41ed258 running elapsed=60s limit=120s
[29/45] id=12763 tag=fae41ed258 running elapsed=70s limit=120s
[29/45] id=12763 tag=fae41ed258 running elapsed=80s limit=120s
[29/45] id=12763 tag=fae41ed258 running elapsed=90s limit=120s
[29/45] id=12763 tag=fae41ed258 running elapsed=100s limit=120s
[29/45] id=12763 tag=fae41ed258 running elapsed=110s limit=120s
[29/45] id=12763 tag=fae41ed258 running elapsed=120s limit=120s
[29/45] id=12763 tag=fae41ed258 done status=timeout L=- sec=120.13
[30/45] id=13053 tag=8c27b384a1 start width=8
[30/45] id=13053 tag=8c27b384a1 running elapsed=10s limit=120s
[30/45] id=13053 tag=8c27b384a1 running elapsed=20s limit=120s
[30/45] id=13053 tag=8c27b384a1 running elapsed=30s limit=120s
[30/45] id=13053 tag=8c27b384a1 running elapsed=40s limit=120s
[30/45] id=13053 tag=8c27b384a1 running elapsed=50s limit=120s
[30/45] id=13053 tag=8c27b384a1 running elapsed=60s limit=120s
[30/45] id=13053 tag=8c27b384a1 running elapsed=70s limit=120s
[30/45] id=13053 tag=8c27b384a1 running elapsed=80s limit=120s
[30/45] id=13053 tag=8c27b384a1 running elapsed=90s limit=120s
[30/45] id=13053 tag=8c27b384a1 done status=infeasible L=- sec=97.89
[31/45] id=13333 tag=7280bcecc4 start width=8
[31/45] id=13333 tag=7280bcecc4 running elapsed=10s limit=120s
[31/45] id=13333 tag=7280bcecc4 running elapsed=20s limit=120s
[31/45] id=13333 tag=7280bcecc4 running elapsed=30s limit=120s
[31/45] id=13333 tag=7280bcecc4 running elapsed=40s limit=120s
[31/45] id=13333 tag=7280bcecc4 running elapsed=50s limit=120s
[31/45] id=13333 tag=7280bcecc4 running elapsed=60s limit=120s
[31/45] id=13333 tag=7280bcecc4 running elapsed=70s limit=120s
[31/45] id=13333 tag=7280bcecc4 running elapsed=80s limit=120s
[31/45] id=13333 tag=7280bcecc4 done status=infeasible L=- sec=89.54
[32/45] id=13593 tag=57f4e4dedd start width=8
[32/45] id=13593 tag=57f4e4dedd running elapsed=10s limit=120s
[32/45] id=13593 tag=57f4e4dedd running elapsed=20s limit=120s
[32/45] id=13593 tag=57f4e4dedd running elapsed=30s limit=120s
[32/45] id=13593 tag=57f4e4dedd running elapsed=40s limit=120s
[32/45] id=13593 tag=57f4e4dedd running elapsed=50s limit=120s
[32/45] id=13593 tag=57f4e4dedd running elapsed=60s limit=120s
[32/45] id=13593 tag=57f4e4dedd running elapsed=70s limit=120s
[32/45] id=13593 tag=57f4e4dedd running elapsed=80s limit=120s
[32/45] id=13593 tag=57f4e4dedd running elapsed=90s limit=120s
[32/45] id=13593 tag=57f4e4dedd running elapsed=100s limit=120s
[32/45] id=13593 tag=57f4e4dedd running elapsed=110s limit=120s
[32/45] id=13593 tag=57f4e4dedd running elapsed=120s limit=120s
[32/45] id=13593 tag=57f4e4dedd done status=timeout L=- sec=120.06
[33/45] id=13873 tag=29e8e41a46 start width=8
[33/45] id=13873 tag=29e8e41a46 running elapsed=10s limit=120s
[33/45] id=13873 tag=29e8e41a46 running elapsed=20s limit=120s
[33/45] id=13873 tag=29e8e41a46 running elapsed=30s limit=120s
[33/45] id=13873 tag=29e8e41a46 running elapsed=40s limit=120s
[33/45] id=13873 tag=29e8e41a46 running elapsed=50s limit=120s
[33/45] id=13873 tag=29e8e41a46 running elapsed=60s limit=120s
[33/45] id=13873 tag=29e8e41a46 running elapsed=70s limit=120s
[33/45] id=13873 tag=29e8e41a46 running elapsed=80s limit=120s
[33/45] id=13873 tag=29e8e41a46 running elapsed=90s limit=120s
[33/45] id=13873 tag=29e8e41a46 done status=infeasible L=- sec=92.69
[34/45] id=13933 tag=2eb2534f59 start width=8
[34/45] id=13933 tag=2eb2534f59 running elapsed=10s limit=120s
[34/45] id=13933 tag=2eb2534f59 running elapsed=20s limit=120s
[34/45] id=13933 tag=2eb2534f59 running elapsed=30s limit=120s
[34/45] id=13933 tag=2eb2534f59 running elapsed=40s limit=120s
[34/45] id=13933 tag=2eb2534f59 running elapsed=50s limit=120s
[34/45] id=13933 tag=2eb2534f59 running elapsed=60s limit=120s
[34/45] id=13933 tag=2eb2534f59 running elapsed=70s limit=120s
[34/45] id=13933 tag=2eb2534f59 running elapsed=80s limit=120s
[34/45] id=13933 tag=2eb2534f59 running elapsed=90s limit=120s
[34/45] id=13933 tag=2eb2534f59 running elapsed=100s limit=120s
[34/45] id=13933 tag=2eb2534f59 running elapsed=110s limit=120s
[34/45] id=13933 tag=2eb2534f59 running elapsed=120s limit=120s
[34/45] id=13933 tag=2eb2534f59 done status=timeout L=- sec=120.05
[35/45] id=14373 tag=0623d5c647 start width=8
[35/45] id=14373 tag=0623d5c647 running elapsed=10s limit=120s
[35/45] id=14373 tag=0623d5c647 running elapsed=20s limit=120s
[35/45] id=14373 tag=0623d5c647 running elapsed=30s limit=120s
[35/45] id=14373 tag=0623d5c647 running elapsed=40s limit=120s
[35/45] id=14373 tag=0623d5c647 running elapsed=50s limit=120s
[35/45] id=14373 tag=0623d5c647 running elapsed=60s limit=120s
[35/45] id=14373 tag=0623d5c647 running elapsed=70s limit=120s
[35/45] id=14373 tag=0623d5c647 running elapsed=80s limit=120s
[35/45] id=14373 tag=0623d5c647 running elapsed=90s limit=120s
[35/45] id=14373 tag=0623d5c647 running elapsed=100s limit=120s
[35/45] id=14373 tag=0623d5c647 running elapsed=110s limit=120s
[35/45] id=14373 tag=0623d5c647 running elapsed=120s limit=120s
[35/45] id=14373 tag=0623d5c647 done status=timeout L=- sec=120.10
[36/45] id=14973 tag=542bad5c8d start width=8
[36/45] id=14973 tag=542bad5c8d running elapsed=10s limit=120s
[36/45] id=14973 tag=542bad5c8d running elapsed=20s limit=120s
[36/45] id=14973 tag=542bad5c8d running elapsed=30s limit=120s
[36/45] id=14973 tag=542bad5c8d running elapsed=40s limit=120s
[36/45] id=14973 tag=542bad5c8d done status=infeasible L=- sec=40.06
[37/45] id=14993 tag=7df6b57f82 start width=8
[37/45] id=14993 tag=7df6b57f82 running elapsed=10s limit=120s
[37/45] id=14993 tag=7df6b57f82 running elapsed=20s limit=120s
[37/45] id=14993 tag=7df6b57f82 running elapsed=30s limit=120s
[37/45] id=14993 tag=7df6b57f82 running elapsed=40s limit=120s
[37/45] id=14993 tag=7df6b57f82 running elapsed=50s limit=120s
[37/45] id=14993 tag=7df6b57f82 running elapsed=60s limit=120s
[37/45] id=14993 tag=7df6b57f82 done status=infeasible L=- sec=62.07
[38/45] id=15833 tag=f95971758d start width=8
[38/45] id=15833 tag=f95971758d running elapsed=10s limit=120s
[38/45] id=15833 tag=f95971758d running elapsed=20s limit=120s
[38/45] id=15833 tag=f95971758d running elapsed=30s limit=120s
[38/45] id=15833 tag=f95971758d running elapsed=40s limit=120s
[38/45] id=15833 tag=f95971758d running elapsed=50s limit=120s
[38/45] id=15833 tag=f95971758d running elapsed=60s limit=120s
[38/45] id=15833 tag=f95971758d running elapsed=70s limit=120s
[38/45] id=15833 tag=f95971758d running elapsed=80s limit=120s
[38/45] id=15833 tag=f95971758d running elapsed=90s limit=120s
[38/45] id=15833 tag=f95971758d done status=infeasible L=- sec=94.22
[39/45] id=17683 tag=39b1be7b14 start width=16
[39/45] id=17683 tag=39b1be7b14 running elapsed=10s limit=120s
[39/45] id=17683 tag=39b1be7b14 running elapsed=20s limit=120s
[39/45] id=17683 tag=39b1be7b14 running elapsed=30s limit=120s
[39/45] id=17683 tag=39b1be7b14 running elapsed=40s limit=120s
[39/45] id=17683 tag=39b1be7b14 running elapsed=50s limit=120s
[39/45] id=17683 tag=39b1be7b14 running elapsed=60s limit=120s
[39/45] id=17683 tag=39b1be7b14 running elapsed=70s limit=120s
[39/45] id=17683 tag=39b1be7b14 running elapsed=80s limit=120s
[39/45] id=17683 tag=39b1be7b14 running elapsed=90s limit=120s
[39/45] id=17683 tag=39b1be7b14 done status=optimal L=38 sec=96.26
[40/45] id=21473 tag=9a930bd813 start width=16
[40/45] id=21473 tag=9a930bd813 running elapsed=10s limit=120s
[40/45] id=21473 tag=9a930bd813 running elapsed=20s limit=120s
[40/45] id=21473 tag=9a930bd813 running elapsed=30s limit=120s
[40/45] id=21473 tag=9a930bd813 running elapsed=40s limit=120s
[40/45] id=21473 tag=9a930bd813 done status=optimal L=34 sec=46.08
[41/45] id=24963 tag=99352ab2be start width=16
[41/45] id=24963 tag=99352ab2be running elapsed=10s limit=120s
[41/45] id=24963 tag=99352ab2be running elapsed=20s limit=120s
[41/45] id=24963 tag=99352ab2be running elapsed=30s limit=120s
[41/45] id=24963 tag=99352ab2be running elapsed=40s limit=120s
[41/45] id=24963 tag=99352ab2be running elapsed=50s limit=120s
[41/45] id=24963 tag=99352ab2be running elapsed=60s limit=120s
[41/45] id=24963 tag=99352ab2be running elapsed=70s limit=120s
[41/45] id=24963 tag=99352ab2be running elapsed=80s limit=120s
[41/45] id=24963 tag=99352ab2be running elapsed=90s limit=120s
[41/45] id=24963 tag=99352ab2be running elapsed=100s limit=120s
[41/45] id=24963 tag=99352ab2be running elapsed=110s limit=120s
[41/45] id=24963 tag=99352ab2be running elapsed=120s limit=120s
[41/45] id=24963 tag=99352ab2be done status=timeout L=- sec=120.16
[42/45] id=28803 tag=b88b8f062b start width=16
[42/45] id=28803 tag=b88b8f062b running elapsed=10s limit=120s
[42/45] id=28803 tag=b88b8f062b running elapsed=20s limit=120s
[42/45] id=28803 tag=b88b8f062b running elapsed=30s limit=120s
[42/45] id=28803 tag=b88b8f062b running elapsed=40s limit=120s
[42/45] id=28803 tag=b88b8f062b running elapsed=50s limit=120s
[42/45] id=28803 tag=b88b8f062b running elapsed=60s limit=120s
[42/45] id=28803 tag=b88b8f062b running elapsed=70s limit=120s
[42/45] id=28803 tag=b88b8f062b running elapsed=80s limit=120s
[42/45] id=28803 tag=b88b8f062b done status=optimal L=38 sec=84.51
[43/45] id=28833 tag=61acbef39e start width=16
[43/45] id=28833 tag=61acbef39e running elapsed=10s limit=120s
[43/45] id=28833 tag=61acbef39e running elapsed=20s limit=120s
[43/45] id=28833 tag=61acbef39e running elapsed=30s limit=120s
[43/45] id=28833 tag=61acbef39e running elapsed=40s limit=120s
[43/45] id=28833 tag=61acbef39e running elapsed=50s limit=120s
[43/45] id=28833 tag=61acbef39e running elapsed=60s limit=120s
[43/45] id=28833 tag=61acbef39e running elapsed=70s limit=120s
[43/45] id=28833 tag=61acbef39e done status=optimal L=38 sec=70.32
[44/45] id=30443 tag=835feb9c48 start width=16
[44/45] id=30443 tag=835feb9c48 running elapsed=10s limit=120s
[44/45] id=30443 tag=835feb9c48 running elapsed=20s limit=120s
[44/45] id=30443 tag=835feb9c48 running elapsed=30s limit=120s
[44/45] id=30443 tag=835feb9c48 running elapsed=40s limit=120s
[44/45] id=30443 tag=835feb9c48 running elapsed=50s limit=120s
[44/45] id=30443 tag=835feb9c48 running elapsed=60s limit=120s
[44/45] id=30443 tag=835feb9c48 running elapsed=70s limit=120s
[44/45] id=30443 tag=835feb9c48 running elapsed=80s limit=120s
[44/45] id=30443 tag=835feb9c48 done status=optimal L=44 sec=84.53
[45/45] id=31713 tag=a7c514a371 start width=16
[45/45] id=31713 tag=a7c514a371 running elapsed=10s limit=120s
[45/45] id=31713 tag=a7c514a371 running elapsed=20s limit=120s
[45/45] id=31713 tag=a7c514a371 running elapsed=30s limit=120s
[45/45] id=31713 tag=a7c514a371 running elapsed=40s limit=120s
[45/45] id=31713 tag=a7c514a371 running elapsed=50s limit=120s
[45/45] id=31713 tag=a7c514a371 running elapsed=60s limit=120s
[45/45] id=31713 tag=a7c514a371 running elapsed=70s limit=120s
[45/45] id=31713 tag=a7c514a371 running elapsed=80s limit=120s
[45/45] id=31713 tag=a7c514a371 running elapsed=90s limit=120s
[45/45] id=31713 tag=a7c514a371 running elapsed=100s limit=120s
[45/45] id=31713 tag=a7c514a371 running elapsed=110s limit=120s
[45/45] id=31713 tag=a7c514a371 running elapsed=120s limit=120s
[45/45] id=31713 tag=a7c514a371 done status=timeout L=- sec=120.11
[done] shard=03 completed=45
