[start] mode=push shard=06/10 jobs=53
[1/53] id=1926 tag=23c3d0afde start width=8
[1/53] id=1926 tag=23c3d0afde running elapsed=10s limit=120s
[1/53] id=1926 tag=23c3d0afde running elapsed=20s limit=120s
[1/53] id=1926 tag=23c3d0afde running elapsed=30s limit=120s
[1/53] id=1926 tag=23c3d0afde running elapsed=40s limit=120s
[1/53] id=1926 tag=23c3d0afde running elapsed=50s limit=120s
[1/53] id=1926 tag=23c3d0afde running elapsed=60s limit=120s
[1/53] id=1926 tag=23c3d0afde running elapsed=70s limit=120s
[1/53] id=1926 tag=23c3d0afde running elapsed=80s limit=120s
[1/53] id=1926 tag=23c3d0afde done status=infeasible L=- sec=86.06
[2/53] id=2076 tag=9ae1ffcc76 start width=8
[2/53] id=2076 tag=9ae1ffcc76 running elapsed=10s limit=120s
[2/53] id=2076 tag=9ae1ffcc76 running elapsed=20s limit=120s
[2/53] id=2076 tag=9ae1ffcc76 running elapsed=30s limit=120s
[2/53] id=2076 tag=9ae1ffcc76 running elapsed=40s limit=120s
[2/53] id=2076 tag=9ae1ffcc76 running elapsed=50s limit=120s
[2/53] id=2076 tag=9ae1ffcc76 running elapsed=60s limit=120s
[2/53] id=2076 tag=9ae1ffcc76 running elapsed=70s limit=120s
[2/53] id=2076 tag=9ae1ffcc76 running elapsed=80s limit=120s
[2/53] id=2076 tag=9ae1ffcc76 running elapsed=90s limit=120s
[2/53] id=2076 tag=9ae1ffcc76 running elapsed=100s limit=120s
[2/53] id=2076 tag=9ae1ffcc76 running elapsed=110s limit=120s
[2/53] id=2076 tag=9ae1ffcc76 running elapsed=120s limit=120s
[2/53] id=2076 tag=9ae1ffcc76 done status=timeout L=- sec=120.05
[3/53] id=2876 tag=08b579395e start width=8
[3/53] id=2876 tag=08b579395e running elapsed=10s limit=120s
[3/53] id=2876 tag=08b579395e running elapsed=20s limit=120s
[3/53] id=2876 tag=08b579395e running elapsed=30s limit=120s
[3/53] id=2876 tag=08b579395e running elapsed=40s limit=120s
[3/53] id=2876 tag=08b579395e running elapsed=50s limit=120s
[3/53] id=2876 tag=08b579395e running elapsed=60s limit=120s
[3/53] id=2876 tag=08b579395e running elapsed=70s limit=120s
[3/53] id=2876 tag=08b579395e running elapsed=80s limit=120s
[3/53] id=2876 tag=08b579395e done status=infeasible L=- sec=84.24
[4/53] id=2956 tag=01a567cfce start width=8
[4/53] id=2956 tag=01a567cfce running elapsed=10s limit=120s
[4/53] id=2956 tag=01a567cfce running elapsed=20s limit=120s
[4/53] id=2956 tag=01a567cfce running elapsed=30s limit=120s
[4/53] id=2956 tag=01a567cfce running elapsed=40s limit=120s
[4/53] id=2956 tag=01a567cfce running elapsed=50s limit=120s
[4/53] id=2956 tag=01a567cfce running elapsed=60s limit=120s
[4/53] id=2956 tag=01a567cfce running elapsed=70s limit=120s
[4/53] id=2956 tag=01a567cfce done status=infeasible L=- sec=76.60
[5/53] id=2976 tag=b6d3f0e376 start width=8
[5/53] id=2976 tag=b6d3f0e376 running elapsed=10s limit=120s
[5/53] id=2976 tag=b6d3f0e376 running elapsed=20s limit=120s
[5/53] id=2976 tag=b6d3f0e376 running elapsed=30s limit=120s
[5/53] id=2976 tag=b6d3f0e376 running elapsed=40s limit=120s
[5/53] id=2976 tag=b6d3f0e376 running elapsed=50s limit=120s
[5/53] id=2976 tag=b6d3f0e376 running elapsed=60s limit=120s
[5/53] id=2976 tag=b6d3f0e376 running elapsed=70s limit=120s
[5/53] id=2976 tag=b6d3f0e376 running elapsed=80s limit=120s
[5/53] id=2976 tag=b6d3f0e376 running elapsed=90s limit=120s
[5/53] id=2976 tag=b6d3f0e376 done status=infeasible L=- sec=92.84
[6/53] id=3006 tag=a1c534791d start width=8
[6/53] id=3006 tag=a1c534791d running elapsed=10s limit=120s
[6/53] id=3006 tag=a1c534791d running elapsed=20s limit=120s
[6/53] id=3006 tag=a1c534791d running elapsed=30s limit=120s
[6/53] id=3006 tag=a1c534791d running elapsed=40s limit=120s
[6/53] id=3006 tag=a1c534791d running elapsed=50s limit=120s
[6/53] id=3006 tag=a1c534791d running elapsed=60s limit=120s
[6/53] id=3006 tag=a1c534791d running elapsed=70s limit=120s
[6/53] id=3006 tag=a1c534791d running elapsed=80s limit=120s
[6/53] id=3006 tag=a1c534791d running elapsed=90s limit=120s
[6/53] id=3006 tag=a1c534791d running elapsed=100s limit=120s
[6/53] id=3006 tag=a1c534791d done status=infeasible L=- sec=106.44
[7/53] id=3146 tag=9de632a4af start width=8
[7/53] id=3146 tag=9de632a4af running elapsed=10s limit=120s
[7/53] id=3146 tag=9de632a4af running elapsed=20s limit=120s
[7/53] id=3146 tag=9de632a4af running elapsed=30s limit=120s
[7/53] id=3146 tag=9de632a4af running elapsed=40s limit=120s
[7/53] id=3146 tag=9de632a4af running elapsed=50s limit=120s
[7/53] id=3146 tag=9de632a4af done status=infeasible L=- sec=59.65
[8/53] id=3166 tag=21d6821bcd start width=8
[8/53] id=3166 tag=21d6821bcd running elapsed=10s limit=120s
[8/53] id=3166 tag=21d6821bcd running elapsed=20s limit=120s
[8/53] id=3166 tag=21d6821bcd running elapsed=30s limit=120s
[8/53] id=3166 tag=21d6821bcd running elapsed=40s limit=120s
[8/53] id=3166 tag=21d6821bcd running elapsed=50s limit=120s
[8/53] id=3166 tag=21d6821bcd running elapsed=60s limit=120s
[8/53] id=3166 tag=21d6821bcd running elapsed=70s limit=120s
[8/53] id=3166 tag=21d6821bcd running elapsed=80s limit=120s
[8/53] id=3166 tag=21d6821bcd running elapsed=90s limit=120s
[8/53] id=3166 tag=21d6821bcd running elapsed=100s limit=120s
[8/53] id=3166 tag=21d6821bcd running elapsed=110s limit=120s
[8/53] id=3166 tag=21d6821bcd running elapsed=120s limit=120s
[8/53] id=3166 tag=21d6821bcd done status=timeout L=- sec=120.07
[9/53] id=3216 tag=adb3a0ed57 start width=8
[9/53] id=3216 tag=adb3a0ed57 running elapsed=10s limit=120s
[9/53] id=3216 tag=adb3a0ed57 running elapsed=20s limit=120s
[9/53] id=3216 tag=adb3a0ed57 running elapsed=30s limit=120s
[9/53] id=3216 tag=adb3a0ed57 running elapsed=40s limit=120s
[9/53] id=3216 tag=adb3a0ed57 running elapsed=50s limit=120s
[9/53] id=3216 tag=adb3a0ed57 running elapsed=60s limit=120s
[9/53] id=3216 tag=adb3a0ed57 running elapsed=70s limit=120s
[9/53] id=3216 tag=adb3a0ed57 running elapsed=80s limit=120s
[9/53] id=3216 tag=adb3a0ed57 running elapsed=90s limit=120s
[9/53] id=3216 tag=adb3a0ed57 running elapsed=100s limit=120s
[9/53] id=3216 tag=adb3a0ed57 running elapsed=110s limit=120s
[9/53] id=3216 tag=adb3a0ed57 running elapsed=120s limit=120s
[9/53] id=3216 tag=adb3a0ed57 done status=timeout L=- sec=120.13
[10/53] id=3326 tag=8361506022 start width=8
[10/53] id=3326 tag=8361506022 running elapsed=10s limit=120s
[10/53] id=3326 tag=8361506022 running elapsed=20s limit=120s
[10/53] id=3326 tag=8361506022 running elapsed=30s limit=120s
[10/53] id=3326 tag=8361506022 running elapsed=40s limit=120s
[10/53] id=3326 tag=8361506022 running elapsed=50s limit=120s
[10/53] id=3326 tag=8361506022 running elapsed=60s limit=120s
[10/53] id=3326 tag=8361506022 running elapsed=70s limit=120s
[10/53] id=3326 tag=8361506022 running elapsed=80s limit=120s
[10/53] id=3326 tag=8361506022 running elapsed=90s limit=120s
[10/53] id=3326 tag=8361506022 running elapsed=100s limit=120s
[10/53] id=3326 tag=8361506022 running elapsed=110s limit=120s
[10/53] id=3326 tag=8361506022 running elapsed=120s limit=120s
[10/53] id=3326 tag=8361506022 done status=timeout L=- sec=120.07
[11/53] id=3456 tag=c1e1a6e144 start width=8
[11/53] id=3456 tag=c1e1a6e144 running elapsed=10s limit=120s
[11/53] id=3456 tag=c1e1a6e144 running elapsed=20s limit=120s
[11/53] id=3456 tag=c1e1a6e144 running elapsed=30s limit=120s
[11/53] id=3456 tag=c1e1a6e144 running elapsed=40s limit=120s
[11/53] id=3456 tag=c1e1a6e144 running elapsed=50s limit=120s
[11/53] id=3456 tag=c1e1a6e144 running elapsed=60s limit=120s
[11/53] id=3456 tag=c1e1a6e144 running elapsed=70s limit=120s
[11/53] id=3456 tag=c1e1a6e144 running elapsed=80s limit=120s
[11/53] id=3456 tag=c1e1a6e144 running elapsed=90s limit=120s
[11/53] id=3456 tag=c1e1a6e144 running elapsed=100s limit=120s
[11/53] id=3456 tag=c1e1a6e144 running elapsed=110s limit=120s
[11/53] id=3456 tag=c1e1a6e144 running elapsed=120s limit=120s
[11/53] id=3456 tag=c1e1a6e144 done status=timeout L=- sec=120.06
[12/53] id=3506 tag=5a3a3b63ea start width=8
[12/53] id=3506 tag=5a3a3b63ea running elapsed=10s limit=120s
[12/53] id=3506 tag=5a3a3b63ea running elapsed=20s limit=120s
[12/53] id=3506 tag=5a3a3b63ea running elapsed=30s limit=120s
[12/53] id=3506 tag=5a3a3b63ea running elapsed=40s limit=120s
[12/53] id=3506 tag=5a3a3b63ea running elapsed=50s limit=120s
[12/53] id=3506 tag=5a3a3b63ea running elapsed=60s limit=120s
[12/53] id=3506 tag=5a3a3b63ea done status=infeasible L=- sec=60.76
[13/53] id=3516 tag=96202a5b8c start width=8
[13/53] id=3516 tag=96202a5b8c running elapsed=10s limit=120s
[13/53] id=3516 tag=96202a5b8c running elapsed=20s limit=120s
[13/53] id=3516 tag=96202a5b8c running elapsed=30s limit=120s
[13/53] id=3516 tag=96202a5b8c running elapsed=40s limit=120s
[13/53] id=3516 tag=96202a5b8c running elapsed=50s limit=120s
[13/53] id=3516 tag=96202a5b8c running elapsed=60s limit=120s
[13/53] id=3516 tag=96202a5b8c running elapsed=70s limit=120s
[13/53] id=3516 tag=96202a5b8c running elapsed=80s limit=120s
[13/53] id=3516 tag=96202a5b8c running elapsed=90s limit=120s
[13/53] id=3516 tag=96202a5b8c running elapsed=100s limit=120s
[13/53] id=3516 tag=96202a5b8c done status=infeasible L=- sec=102.84
[14/53] id=6576 tag=30a9e1e987 start width=8
[14/53] id=6576 tag=30a9e1e987 running elapsed=10s limit=120s
[14/53] id=6576 tag=30a9e1e987 running elapsed=20s limit=120s
[14/53] id=6576 tag=30a9e1e987 running elapsed=30s limit=120s
[14/53] id=6576 tag=30a9e1e987 running elapsed=40s limit=120s
[14/53] id=6576 tag=30a9e1e987 running elapsed=50s limit=120s
[14/53] id=6576 tag=30a9e1e987 running elapsed=60s limit=120s
[14/53] id=6576 tag=30a9e1e987 running elapsed=70s limit=120s
[14/53] id=6576 tag=30a9e1e987 running elapsed=80s limit=120s
[14/53] id=6576 tag=30a9e1e987 running elapsed=90s limit=120s
[14/53] id=6576 tag=30a9e1e987 running elapsed=100s limit=120s
[14/53] id=6576 tag=30a9e1e987 running elapsed=110s limit=120s
[14/53] id=6576 tag=30a9e1e987 running elapsed=120s limit=120s
[14/53] id=6576 tag=30a9e1e987 done status=timeout L=- sec=120.06
[15/53] id=7246 tag=f9fb578959 start width=8
[15/53] id=7246 tag=f9fb578959 running elapsed=10s limit=120s
[15/53] id=7246 tag=f9fb578959 running elapsed=20s limit=120s
[15/53] id=7246 tag=f9fb578959 running elapsed=30s limit=120s
[15/53] id=7246 tag=f9fb578959 done status=infeasible L=- sec=31.02
[16/53] id=7356 tag=32059f5e8a start width=8
[16/53] id=7356 tag=32059f5e8a running elapsed=10s limit=120s
[16/53] id=7356 tag=32059f5e8a running elapsed=20s limit=120s
[16/53] id=7356 tag=32059f5e8a running elapsed=30s limit=120s
[16/53] id=7356 tag=32059f5e8a running elapsed=40s limit=120s
[16/53] id=7356 tag=32059f5e8a running elapsed=50s limit=120s
[16/53] id=7356 tag=32059f5e8a running elapsed=60s limit=120s
[16/53] id=7356 tag=32059f5e8a running elapsed=70s limit=120s
[16/53] id=7356 tag=32059f5e8a running elapsed=80s limit=120s
[16/53] id=7356 tag=32059f5e8a running elapsed=90s limit=120s
[16/53] id=7356 tag=32059f5e8a running elapsed=100s limit=120s
[16/53] id=7356 tag=32059f5e8a running elapsed=110s limit=120s
[16/53] id=7356 tag=32059f5e8a running elapsed=120s limit=120s
[16/53] id=7356 tag=32059f5e8a done status=timeout L=- sec=120.10
[17/53] id=8186 tag=9037911869 start width=8
[17/53] id=8186 tag=9037911869 running elapsed=10s limit=120s
[17/53] id=8186 tag=9037911869 running elapsed=20s limit=120s
[17/53] id=8186 tag=9037911869 running elapsed=30s limit=120s
[17/53] id=8186 tag=9037911869 running elapsed=40s limit=120s
[17/53] id=8186 tag=9037911869 running elapsed=50s limit=120s
[17/53] id=8186 tag=9037911869 running elapsed=60s limit=120s
[17/53] id=8186 tag=9037911869 running elapsed=70s limit=120s
[17/53] id=8186 tag=9037911869 running elapsed=80s limit=120s
[17/53] id=8186 tag=9037911869 running elapsed=90s limit=120s
[17/53] id=8186 tag=9037911869 running elapsed=100s limit=120s
[17/53] id=8186 tag=9037911869 running elapsed=110s limit=120s
[17/53] id=8186 tag=9037911869 running elapsed=120s limit=120s
[17/53] id=8186 tag=9037911869 done status=timeout L=- sec=120.05
[18/53] id=8276 tag=ea921ea49b start width=8
[18/53] id=8276 tag=ea921ea49b running elapsed=10s limit=120s
[18/53] id=8276 tag=ea921ea49b running elapsed=20s limit=120s
[18/53] id=8276 tag=ea921ea49b running elapsed=30s limit=120s
[18/53] id=8276 tag=ea921ea49b running elapsed=40s limit=120s
[18/53] id=8276 tag=ea921ea49b running elapsed=50s limit=120s
[18/53] id=8276 tag=ea921ea49b running elapsed=60s limit=120s
[18/53] id=8276 tag=ea921ea49b running elapsed=70s limit=120s
[18/53] id=8276 tag=ea921ea49b done status=infeasible L=- sec=74.37
[19/53] id=8436 tag=51a3d2a77f start width=8
[19/53] id=8436 tag=51a3d2a77f running elapsed=10s limit=120s
[19/53] id=8436 tag=51a3d2a77f running elapsed=20s limit=120s
[19/53] id=8436 tag=51a3d2a77f running elapsed=30s limit=120s
[19/53] id=8436 tag=51a3d2a77f running elapsed=40s limit=120s
[19/53] id=8436 tag=51a3d2a77f running elapsed=50s limit=120s
[19/53] id=8436 tag=51a3d2a77f running elapsed=60s limit=120s
[19/53] id=8436 tag=51a3d2a77f done status=infeasible L=- sec=63.04
[20/53] id=8446 tag=6a1b5cd164 start width=8
[20/53] id=8446 tag=6a1b5cd164 running elapsed=10s limit=120s
[20/53] id=8446 tag=6a1b5cd164 running elapsed=20s limit=120s
[20/53] id=8446 tag=6a1b5cd164 running elapsed=30s limit=120s
[20/53] id=8446 tag=6a1b5cd164 running elapsed=40s limit=120s
[20/53] id=8446 tag=6a1b5cd164 running elapsed=50s limit=120s
[20/53] id=8446 tag=6a1b5cd164 running elapsed=60s limit=120s
[20/53] id=8446 tag=6a1b5cd164 running elapsed=70s limit=120s
[20/53] id=8446 tag=6a1b5cd164 running elapsed=80s limit=120s
[20/53] id=8446 tag=6a1b5cd164 running elapsed=90s limit=120s
[20/53] id=8446 tag=6a1b5cd164 running elapsed=100s limit=120s
[20/53] id=8446 tag=6a1b5cd164 running elapsed=110s limit=120s
[20/53] id=8446 tag=6a1b5cd164 running elapsed=120s limit=120s
[20/53] id=8446 tag=6a1b5cd164 done status=timeout L=- sec=120.04
[21/53] id=8956 tag=9a107162c8 start width=8
[21/53] id=8956 tag=9a107162c8 running elapsed=10s limit=120s
[21/53] id=8956 tag=9a107162c8 running elapsed=20s limit=120s
[21/53] id=8956 tag=9a107162c8 running elapsed=30s limit=120s
[21/53] id=8956 tag=9a107162c8 running elapsed=40s limit=120s
[21/53] id=8956 tag=9a107162c8 running elapsed=50s limit=120s
[21/53] id=8956 tag=9a107162c8 running elapsed=60s limit=120s
[21/53] id=8956 tag=9a107162c8 running elapsed=70s limit=120s
[21/53] id=8956 tag=9a107162c8 running elapsed=80s limit=120s
[21/53] id=8956 tag=9a107162c8 running elapsed=90s limit=120s
[21/53] id=8956 tag=9a107162c8 running elapsed=100s limit=120s
[21/53] id=8956 tag=9a107162c8 running elapsed=110s limit=120s
[21/53] id=8956 tag=9a107162c8 running elapsed=120s limit=120s
[21/53] id=8956 tag=9a107162c8 done status=timeout L=- sec=120.06
[22/53] id=9006 tag=d28f986c6b start width=8
[22/53] id=9006 tag=d28f986c6b running elapsed=10s limit=120s
[22/53] id=9006 tag=d28f986c6b running elapsed=20s limit=120s
[22/53] id=9006 tag=d28f986c6b running elapsed=30s limit=120s
[22/53] id=9006 tag=d28f986c6b running elapsed=40s limit=120s
[22/53] id=9006 tag=d28f986c6b running elapsed=50s limit=120s
[22/53] id=9006 tag=d28f986c6b running elapsed=60s limit=120s
[22/53] id=9006 tag=d28f986c6b running elapsed=70s limit=120s
[22/53] id=9006 tag=d28f986c6b running elapsed=80s limit=120s
[22/53] id=9006 tag=d28f986c6b running elapsed=90s limit=120s
[22/53] id=9006 tag=d28f986c6b running elapsed=100s limit=120s
[22/53] id=9006 tag=d28f986c6b running elapsed=110s limit=120s
[22/53] id=9006 tag=d28f986c6b running elapsed=120s limit=120s
[22/53] id=9006 tag=d28f986c6b done status=timeout L=- sec=120.06
[23/53] id=9056 tag=c91bcd5150 start width=8
[23/53] id=9056 tag=c91bcd5150 running elapsed=10s limit=120s
[23/53] id=9056 tag=c91bcd5150 running elapsed=20s limit=120s
[23/53] id=9056 tag=c91bcd5150 running elapsed=30s limit=120s
[23/53] id=9056 tag=c91bcd5150 running elapsed=40s limit=120s
[23/53] id=9056 tag=c91bcd5150 running elapsed=50s limit=120s
[23/53] id=9056 tag=c91bcd5150 running elapsed=60s limit=120s
[23/53] id=9056 tag=c91bcd5150 running elapsed=70s limit=120s
[23/53] id=9056 tag=c91bcd5150 running elapsed=80s limit=120s
[23/53] id=9056 tag=c91bcd5150 running elapsed=90s limit=120s
[23/53] id=9056 tag=c91bcd5150 running elapsed=100s limit=120s
[23/53] id=9056 tag=c91bcd5150 running elapsed=110s limit=120s
[23/53] id=9056 tag=c91bcd5150 running elapsed=120s limit=120s
[23/53] id=9056 tag=c91bcd5150 done status=timeout L=- sec=120.17
[24/53] id=9066 tag=51de682033 start width=8
[24/53] id=9066 tag=51de682033 running elapsed=10s limit=120s
[24/53] id=9066 tag=51de682033 running elapsed=20s limit=120s
[24/53] id=9066 tag=51de682033 running elapsed=30s limit=120s
[24/53] id=9066 tag=51de682033 running elapsed=40s limit=120s
[24/53] id=9066 tag=51de682033 running elapsed=50s limit=120s
[24/53] id=9066 tag=51de682033 running elapsed=60s limit=120s
[24/53] id=9066 tag=51de682033 running elapsed=70s limit=120s
[24/53] id=9066 tag=51de682033 running elapsed=80s limit=120s
[24/53] id=9066 tag=51de682033 running elapsed=90s limit=120s
[24/53] id=9066 tag=51de682033 done status=infeasible L=- sec=94.17
[25/53] id=9116 tag=26b21c6b5c start width=8
[25/53] id=9116 tag=26b21c6b5c running elapsed=10s limit=120s
[25/53] id=9116 tag=26b21c6b5c running elapsed=20s limit=120s
[25/53] id=9116 tag=26b21c6b5c running elapsed=30s limit=120s
[25/53] id=9116 tag=26b21c6b5c running elapsed=40s limit=120s
[25/53] id=9116 tag=26b21c6b5c running elapsed=50s limit=120s
[25/53] id=9116 tag=26b21c6b5c running elapsed=60s limit=120s
[25/53] id=9116 tag=26b21c6b5c done status=infeasible L=- sec=67.55
[26/53] id=9146 tag=8091514424 start width=8
[26/53] id=9146 tag=8091514424 running elapsed=10s limit=120s
[26/53] id=9146 tag=8091514424 running elapsed=20s limit=120s
[26/53] id=9146 tag=8091514424 running elapsed=30s limit=120s
[26/53] id=9146 tag=8091514424 running elapsed=40s limit=120s
[26/53] id=9146 tag=8091514424 running elapsed=50s limit=120s
[26/53] id=9146 tag=8091514424 running elapsed=60s limit=120s
[26/53] id=9146 tag=8091514424 running elapsed=70s limit=120s
[26/53] id=9146 tag=8091514424 running elapsed=80s limit=120s
[26/53] id=9146 tag=8091514424 done status=infeasible L=- sec=86.82
[27/53] id=9546 tag=d52d2b9c46 start width=8
[27/53] id=9546 tag=d52d2b9c46 running elapsed=10s limit=120s
[27/53] id=9546 tag=d52d2b9c46 running elapsed=20s limit=120s
[27/53] id=9546 tag=d52d2b9c46 running elapsed=30s limit=120s
[27/53] id=9546 tag=d52d2b9c46 running elapsed=40s limit=120s
[27/53] id=9546 tag=d52d2b9c46 running elapsed=50s limit=120s
[27/53] id=9546 tag=d52d2b9c46 running elapsed=60s limit=120s
[27/53] id=9546 tag=d52d2b9c46 done status=infeasible L=- sec=66.20
[28/53] id=9846 tag=f174bcb98b start width=8
[28/53] id=9846 tag=f174bcb98b running elapsed=10s limit=120s
[28/53] id=9846 tag=f174bcb98b running elapsed=20s limit=120s
[28/53] id=9846 tag=f174bcb98b running elapsed=30s limit=120s
[28/53] id=9846 tag=f174bcb98b running elapsed=40s limit=120s
[28/53] id=9846 tag=f174bcb98b running elapsed=50s limit=120s
[28/53] id=9846 tag=f174bcb98b running elapsed=60s limit=120s
[28/53] id=9846 tag=f174bcb98b running elapsed=70s limit=120s
[28/53] id=9846 tag=f174bcb98b running elapsed=80s limit=120s
[28/53] id=9846 tag=f174bcb98b running elapsed=90s limit=120s
[28/53] id=9846 tag=f174bcb98b running elapsed=100s limit=120s
[28/53] id=9846 tag=f174bcb98b running elapsed=110s limit=120s
[28/53] id=9846 tag=f174bcb98b done status=infeasible L=- sec=110.37
[29/53] id=9986 tag=b330369e39 start width=8
[29/53] id=9986 tag=b330369e39 running elapsed=10s limit=120s
[29/53] id=9986 tag=b330369e39 running elapsed=20s limit=120s
[29/53] id=9986 tag=b330369e39 running elapsed=30s limit=120s
[29/53] id=9986 tag=b330369e39 done status=infeasible L=- sec=30.85
[30/53] id=10006 tag=8a7a637e92 start width=8
[30/53] id=10006 tag=8a7a637e92 running elapsed=10s limit=120s
[30/53] id=10006 tag=8a7a637e92 running elapsed=20s limit=120s
[30/53] id=10006 tag=8a7a637e92 running elapsed=30s limit=120s
[30/53] id=10006 tag=8a7a637e92 running elapsed=40s limit=120s
[30/53] id=10006 tag=8a7a637e92 done status=infeasible L=- sec=48.52
[31/53] id=10626 tag=66a0bdff72 start width=8
[31/53] id=10626 tag=66a0bdff72 running elapsed=10s limit=120s
[31/53] id=10626 tag=66a0bdff72 running elapsed=20s limit=120s
[31/53] id=10626 tag=66a0bdff72 running elapsed=30s limit=120s
[31/53] id=10626 tag=66a0bdff72 running elapsed=40s limit=120s
[31/53] id=10626 tag=66a0bdff72 running elapsed=50s limit=120s
[31/53] id=10626 tag=66a0bdff72 running elapsed=60s limit=120s
[31/53] id=10626 tag=66a0bdff72 done status=infeasible L=- sec=65.13
[32/53] id=12746 tag=17999b1f1b start width=8
[32/53] id=12746 tag=17999b1f1b running elapsed=10s limit=120s
[32/53] id=12746 tag=17999b1f1b running elapsed=20s limit=120s
[32/53] id=12746 tag=17999b1f1b running elapsed=30s limit=120s
[32/53] id=12746 tag=17999b1f1b running elapsed=40s limit=120s
[32/53] id=12746 tag=17999b1f1b running elapsed=50s limit=120s
[32/53] id=12746 tag=17999b1f1b running elapsed=60s limit=120s
[32/53] id=12746 tag=17999b1f1b running elapsed=70s limit=120s
[32/53] id=12746 tag=17999b1f1b running elapsed=80s limit=120s
[32/53] id=12746 tag=17999b1f1b running elapsed=90s limit=120s
[32/53] id=12746 tag=17999b1f1b running elapsed=100s limit=120s
[32/53] id=12746 tag=17999b1f1b running elapsed=110s limit=120s
[32/53] id=12746 tag=17999b1f1b running elapsed=120s limit=120s
[32/53] id=12746 tag=17999b1f1b done status=timeout L=- sec=120.07
[33/53] id=12976 tag=7bbb453634 start width=8
[33/53] id=12976 tag=7bbb453634 running elapsed=10s limit=120s
[33/53] id=12976 tag=7bbb453634 running elapsed=20s limit=120s
[33/53] id=12976 tag=7bbb453634 running elapsed=30s limit=120s
[33/53] id=12976 tag=7bbb453634 running elapsed=40s limit=120s
[33/53] id=12976 tag=7bbb453634 running elapsed=50s limit=120s
[33/53] id=12976 tag=7bbb453634 running elapsed=60s limit=120s
[33/53] id=12976 tag=7bbb453634 running elapsed=70s limit=120s
[33/53] id=12976 tag=7bbb453634 running elapsed=80s limit=120s
[33/53] id=12976 tag=7bbb453634 running elapsed=90s limit=120s
[33/53] id=12976 tag=7bbb453634 running elapsed=100s limit=120s
[33/53] id=12976 tag=7bbb453634 running elapsed=110s limit=120s
[33/53] id=12976 tag=7bbb453634 running elapsed=120s limit=120s
[33/53] id=12976 tag=7bbb453634 done status=timeout L=- sec=120.18
[34/53] id=13316 tag=f4656bab0d start width=8
[34/53] id=13316 tag=f4656bab0d running elapsed=10s limit=120s
[34/53] id=13316 tag=f4656bab0d running elapsed=20s limit=120s
[34/53] id=13316 tag=f4656bab0d running elapsed=30s limit=120s
[34/53] id=13316 tag=f4656bab0d running elapsed=40s limit=120s
[34/53] id=13316 tag=f4656bab0d running elapsed=50s limit=120s
[34/53] id=13316 tag=f4656bab0d running elapsed=60s limit=120s
[34/53] id=13316 tag=f4656bab0d running elapsed=70s limit=120s
[34/53] id=13316 tag=f4656bab0d running elapsed=80s limit=120s
[34/53] id=13316 tag=f4656bab0d running elapsed=90s limit=120s
[34/53] id=13316 tag=f4656bab0d running elapsed=100s limit=120s
[34/53] id=13316 tag=f4656bab0d running elapsed=110s limit=120s
[34/53] id=13316 tag=f4656bab0d running elapsed=120s limit=120s
[34/53] id=13316 tag=f4656bab0d done status=timeout L=- sec=120.05
[35/53] id=13766 tag=3ed9fe94b5 start width=8
[35/53] id=13766 tag=3ed9fe94b5 running elapsed=10s limit=120s
[35/53] id=13766 tag=3ed9fe94b5 running elapsed=20s limit=120s
[35/53] id=13766 tag=3ed9fe94b5 running elapsed=30s limit=120s
[35/53] id=13766 tag=3ed9fe94b5 running elapsed=40s limit=120s
[35/53] id=13766 tag=3ed9fe94b5 running elapsed=50s limit=120s
[35/53] id=13766 tag=3ed9fe94b5 running elapsed=60s limit=120s
[35/53] id=13766 tag=3ed9fe94b5 running elapsed=70s limit=120s
[35/53] id=13766 tag=3ed9fe94b5 running elapsed=80s limit=120s
[35/53] id=13766 tag=3ed9fe94b5 done status=infeasible L=- sec=88.94
[36/53] id=13896 tag=68428f5541 start width=8
[36/53] id=13896 tag=68428f5541 running elapsed=10s limit=120s
[36/53] id=13896 tag=68428f5541 running elapsed=20s limit=120s
[36/53] id=13896 tag=68428f5541 running elapsed=30s limit=120s
[36/53] id=13896 tag=68428f5541 running elapsed=40s limit=120s
[36/53] id=13896 tag=68428f5541 running elapsed=50s limit=120s
[36/53] id=13896 tag=68428f5541 running elapsed=60s limit=120s
[36/53] id=13896 tag=68428f5541 running elapsed=70s limit=120s
[36/53] id=13896 tag=68428f5541 running elapsed=80s limit=120s
[36/53] id=13896 tag=68428f5541 running elapsed=90s limit=120s
[36/53] id=13896 tag=68428f5541 running elapsed=100s limit=120s
[36/53] id=13896 tag=68428f5541 running elapsed=110s limit=120s
[36/53] id=13896 tag=68428f5541 running elapsed=120s limit=120s
[36/53] id=13896 tag=68428f5541 done status=timeout L=- sec=120.06
[37/53] id=13976 tag=901c07c854 start width=8
[37/53] id=13976 tag=901c07c854 running elapsed=10s limit=120s
[37/53] id=13976 tag=901c07c854 running elapsed=20s limit=120s
[37/53] id=13976 tag=901c07c854 running elapsed=30s limit=120s
[37/53] id=13976 tag=901c07c854 running elapsed=40s limit=120s
[37/53] id=13976 tag=901c07c854 running elapsed=50s limit=120s
[37/53] id=13976 tag=901c07c854 running elapsed=60s limit=120s
[37/53] id=13976 tag=901c07c854 running elapsed=70s limit=120s
[37/53] id=13976 tag=901c07c854 running elapsed=80s limit=120s
[37/53] id=13976 tag=901c07c854 running elapsed=90s limit=120s
[37/53] id=13976 tag=901c07c854 running elapsed=100s limit=120s
[37/53] id=13976 tag=901c07c854 running elapsed=110s limit=120s
[37/53] id=13976 tag=901c07c854 running elapsed=120s limit=120s
[37/53] id=13976 tag=901c07c854 done status=timeout L=- sec=120.03
[38/53] id=14166 tag=8bda52831a start width=8
[38/53] id=14166 tag=8bda52831a running elapsed=10s limit=120s
[38/53] id=14166 tag=8bda52831a running elapsed=20s limit=120s
[38/53] id=14166 tag=8bda52831a running elapsed=30s limit=120s
[38/53] id=14166 tag=8bda52831a running elapsed=40s limit=120s
[38/53] id=14166 tag=8bda52831a running elapsed=50s limit=120s
[38/53] id=14166 tag=8bda52831a running elapsed=60s limit=120s
[38/53] id=14166 tag=8bda52831a running elapsed=70s limit=120s
[38/53] id=14166 tag=8bda52831a running elapsed=80s limit=120s
[38/53] id=14166 tag=8bda52831a done status=infeasible L=- sec=83.87
[39/53] id=14416 tag=531493f19e start width=8
[39/53] id=14416 tag=531493f19e running elapsed=10s limit=120s
[39/53] id=14416 tag=531493f19e running elapsed=20s limit=120s
[39/53] id=14416 tag=531493f19e running elapsed=30s limit=120s
[39/53] id=14416 tag=531493f19e running elapsed=40s limit=120s
[39/53] id=14416 tag=531493f19e running elapsed=50s limit=120s
[39/53] id=14416 tag=531493f19e running elapsed=60s limit=120s
[39/53] id=14416 tag=531493f19e running elapsed=70s limit=120s
[39/53] id=14416 tag=531493f19e running elapsed=80s limit=120s
[39/53] id=14416 tag=531493f19e running elapsed=90s limit=120s
[39/53] id=14416 tag=531493f19e running elapsed=100s limit=120s
[39/53] id=14416 tag=531493f19e running elapsed=110s limit=120s
[39/53] id=14416 tag=531493f19e running elapsed=120s limit=120s
[39/53] id=14416 tag=531493f19e done status=timeout L=- sec=120.06
[40/53] id=14446 tag=96a5c9d7be start width=8
[40/53] id=14446 tag=96a5c9d7be running elapsed=10s limit=120s
[40/53] id=14446 tag=96a5c9d7be running elapsed=20s limit=120s
[40/53] id=14446 tag=96a5c9d7be done status=infeasible L=- sec=25.04
[41/53] id=14466 tag=58070f4116 start width=8
[41/53] id=14466 tag=58070f4116 running elapsed=10s limit=120s
[41/53] id=14466 tag=58070f4116 running elapsed=20s limit=120s
[41/53] id=14466 tag=58070f4116 running elapsed=30s limit=120s
[41/53] id=14466 tag=58070f4116 running elapsed=40s limit=120s
[41/53] id=14466 tag=58070f4116 running elapsed=50s limit=120s
[41/53] id=14466 tag=58070f4116 running elapsed=60s limit=120s
[41/53] id=14466 tag=58070f4116 running elapsed=70s limit=120s
[41/53] id=14466 tag=58070f4116 running elapsed=80s limit=120s
[41/53] id=14466 tag=58070f4116 running elapsed=90s limit=120s
[41/53] id=14466 tag=58070f4116 running elapsed=100s limit=120s
[41/53] id=14466 tag=58070f4116 running elapsed=110s limit=120s
[41/53] id=14466 tag=58070f4116 running elapsed=120s limit=120s
[41/53] id=14466 tag=58070f4116 done status=timeout L=- sec=120.08
[42/53] id=14476 tag=7a3f9e007f start width=8
[42/53] id=14476 tag=7a3f9e007f running elapsed=10s limit=120s
[42/53] id=14476 tag=7a3f9e007f running elapsed=20s limit=120s
[42/53] id=14476 tag=7a3f9e007f running elapsed=30s limit=120s
[42/53] id=14476 tag=7a3f9e007f running elapsed=40s limit=120s
[42/53] id=14476 tag=7a3f9e007f running elapsed=50s limit=120s
[42/53] id=14476 tag=7a3f9e007f running elapsed=60s limit=120s
[42/53] id=14476 tag=7a3f9e007f running elapsed=70s limit=120s
[42/53] id=14476 tag=7a3f9e007f running elapsed=80s limit=120s
[42/53] id=14476 tag=7a3f9e007f done status=infeasible L=- sec=89.34
[43/53] id=14506 tag=a8dcce6019 start width=8
[43/53] id=14506 tag=a8dcce6019 running elapsed=10s limit=120s
[43/53] id=14506 tag=a8dcce6019 running elapsed=20s limit=120s
[43/53] id=14506 tag=a8dcce6019 running elapsed=30s limit=120s
[43/53] id=14506 tag=a8dcce6019 running elapsed=40s limit=120s
[43/53] id=14506 tag=a8dcce6019 running elapsed=50s limit=120s
[43/53] id=14506 tag=a8dcce6019 running elapsed=60s limit=120s
[43/53] id=14506 tag=a8dcce6019 running elapsed=70s limit=120s
[43/53] id=14506 tag=a8dcce6019 running elapsed=80s limit=120s
[43/53] id=14506 tag=a8dcce6019 running elapsed=90s limit=120s
[43/53] id=14506 tag=a8dcce6019 running elapsed=100s limit=120s
[43/53] id=14506 tag=a8dcce6019 running elapsed=110s limit=120s
[43/53] id=14506 tag=a8dcce6019 running elapsed=120s limit=120s
[43/53] id=14506 tag=a8dcce6019 done status=timeout L=- sec=120.15
[44/53] id=14526 tag=baf858b2fd start width=8
[44/53] id=14526 tag=baf858b2fd running elapsed=10s limit=120s
[44/53] id=14526 tag=baf858b2fd running elapsed=20s limit=120s
[44/53] id=14526 tag=baf858b2fd running elapsed=30s limit=120s
[44/53] id=14526 tag=baf858b2fd running elapsed=40s limit=120s
[44/53] id=14526 tag=baf858b2fd running elapsed=50s limit=120s
[44/53] id=14526 tag=baf858b2fd running elapsed=60s limit=120s
[44/53] id=14526 tag=baf858b2fd running elapsed=70s limit=120s
[44/53] id=14526 tag=baf858b2fd running elapsed=80s limit=120s
[44/53] id=14526 tag=baf858b2fd running elapsed=90s limit=120s
[44/53] id=14526 tag=baf858b2fd running elapsed=100s limit=120s
[44/53] id=14526 tag=baf858b2fd running elapsed=110s limit=120s
[44/53] id=14526 tag=baf858b2fd running elapsed=120s limit=120s
[44/53] id=14526 tag=baf858b2fd done status=timeout L=- sec=120.15
[45/53] id=15026 tag=6f46fe580f start width=8
[45/53] id=15026 tag=6f46fe580f running elapsed=10s limit=120s
[45/53] id=15026 tag=6f46fe580f running elapsed=20s limit=120s
[45/53] id=15026 tag=6f46fe580f running elapsed=30s limit=120s
[45/53] id=15026 tag=6f46fe580f running elapsed=40s limit=120s
[45/53] id=15026 tag=6f46fe580f running elapsed=50s limit=120s
[45/53] id=15026 tag=6f46fe580f running elapsed=60s limit=120s
[45/53] id=15026 tag=6f46fe580f running elapsed=70s limit=120s
[45/53] id=15026 tag=6f46fe580f running elapsed=80s limit=120s
[45/53] id=15026 tag=6f46fe580f done status=infeasible L=- sec=80.45
[46/53] id=15106 tag=295c33b689 start width=8
[46/53] id=15106 tag=295c33b689 running elapsed=10s limit=120s
[46/53] id=15106 tag=295c33b689 running elapsed=20s limit=120s
[46/53] id=15106 tag=295c33b689 running elapsed=30s limit=120s
[46/53] id=15106 tag=295c33b689 running elapsed=40s limit=120s
[46/53] id=15106 tag=295c33b689 running elapsed=50s limit=120s
[46/53] id=15106 tag=295c33b689 running elapsed=60s limit=120s
[46/53] id=15106 tag=295c33b689 done status=infeasible L=- sec=63.43
[47/53] id=15186 tag=e0cd0eeb82 start width=8
[47/53] id=15186 tag=e0cd0eeb82 running elapsed=10s limit=120s
[47/53] id=15186 tag=e0cd0eeb82 running elapsed=20s limit=120s
[47/53] id=15186 tag=e0cd0eeb82 running elapsed=30s limit=120s
[47/53] id=15186 tag=e0cd0eeb82 running elapsed=40s limit=120s
[47/53] id=15186 tag=e0cd0eeb82 running elapsed=50s limit=120s
[47/53] id=15186 tag=e0cd0eeb82 running elapsed=60s limit=120s
[47/53] id=15186 tag=e0cd0eeb82 running elapsed=70s limit=120s
[47/53] id=15186 tag=e0cd0eeb82 running elapsed=80s limit=120s
[47/53] id=15186 tag=e0cd0eeb82 running elapsed=90s limit=120s
[47/53] id=15186 tag=e0cd0eeb82 running elapsed=100s limit=120s
[47/53] id=15186 tag=e0cd0eeb82 running elapsed=110s limit=120s
[47/53] id=15186 tag=e0cd0eeb82 running elapsed=120s limit=120s
[47/53] id=15186 tag=e0cd0eeb82 done status=timeout L=- sec=120.12
[48/53] id=17726 tag=0f1678575b start width=16
[48/53] id=17726 tag=0f1678575b running elapsed=10s limit=120s
[48/53] id=17726 tag=0f1678575b running elapsed=20s limit=120s
[48/53] id=17726 tag=0f1678575b running elapsed=30s limit=120s
[48/53] id=17726 tag=0f1678575b running elapsed=40s limit=120s
[48/53] id=17726 tag=0f1678575b running elapsed=50s limit=120s
[48/53] id=17726 tag=0f1678575b done status=optimal L=40 sec=53.87
[49/53] id=21726 tag=7044e22d0e start width=16
[49/53] id=21726 tag=7044e22d0e running elapsed=10s limit=120s
[49/53] id=21726 tag=7044e22d0e running elapsed=20s limit=120s
[49/53] id=21726 tag=7044e22d0e running elapsed=30s limit=120s
[49/53] id=21726 tag=7044e22d0e done status=optimal L=40 sec=36.82
[50/53] id=22076 tag=071f3337c3 start width=16
[50/53] id=22076 tag=071f3337c3 running elapsed=10s limit=120s
[50/53] id=22076 tag=071f3337c3 running elapsed=20s limit=120s
[50/53] id=22076 tag=071f3337c3 done status=optimal L=34 sec=28.26
[51/53] id=28846 tag=fa1950124b start width=16
[51/53] id=28846 tag=fa1950124b running elapsed=10s limit=120s
[51/53] id=28846 tag=fa1950124b running elapsed=20s limit=120s
[51/53] id=28846 tag=fa1950124b running elapsed=30s limit=120s
[51/53] id=28846 tag=fa1950124b running elapsed=40s limit=120s
[51/53] id=28846 tag=fa1950124b running elapsed=50s limit=120s
[51/53] id=28846 tag=fa1950124b running elapsed=60s limit=120s
[51/53] id=28846 tag=fa1950124b done status=optimal L=42 sec=63.91
[52/53] id=29836 tag=74afc5f9dc start width=16
[52/53] id=29836 tag=74afc5f9dc running elapsed=10s limit=120s
[52/53] id=29836 tag=74afc5f9dc running elapsed=20s limit=120s
[52/53] id=29836 tag=74afc5f9dc running elapsed=30s limit=120s
[52/53] id=29836 tag=74afc5f9dc running elapsed=40s limit=120s
[52/53] id=29836 tag=74afc5f9dc running elapsed=50s limit=120s
[52/53] id=29836 tag=74afc5f9dc running elapsed=60s limit=120s
[52/53] id=29836 tag=74afc5f9dc done status=optimal L=46 sec=60.63
[53/53] id=31006 tag=68ec7136e0 start width=16
[53/53] id=31006 tag=68ec7136e0 running elapsed=10s limit=120s
[53/53] id=31006 tag=68ec7136e0 running elapsed=20s limit=120s
[53/53] id=31006 tag=68ec7136e0 running elapsed=30s limit=120s
[53/53] id=31006 tag=68ec7136e0 running elapsed=40s limit=120s
[53/53] id=31006 tag=68ec7136e0 running elapsed=50s limit=120s
[53/53] id=31006 tag=68ec7136e0 done status=optimal L=36 sec=50.89
[done] shard=06 completed=53
