[start] mode=push shard=02/10 jobs=46
[1/46] id=1312 tag=223ea1a5b2 start width=8
[1/46] id=1312 tag=223ea1a5b2 running elapsed=10s limit=120s
[1/46] id=1312 tag=223ea1a5b2 running elapsed=20s limit=120s
[1/46] id=1312 tag=223ea1a5b2 running elapsed=30s limit=120s
[1/46] id=1312 tag=223ea1a5b2 running elapsed=40s limit=120s
[1/46] id=1312 tag=223ea1a5b2 running elapsed=50s limit=120s
[1/46] id=1312 tag=223ea1a5b2 running elapsed=60s limit=120s
[1/46] id=1312 tag=223ea1a5b2 running elapsed=70s limit=120s
[1/46] id=1312 tag=223ea1a5b2 running elapsed=80s limit=120s
[1/46] id=1312 tag=223ea1a5b2 running elapsed=90s limit=120s
[1/46] id=1312 tag=223ea1a5b2 running elapsed=100s limit=120s
[1/46] id=1312 tag=223ea1a5b2 running elapsed=110s limit=120s
[1/46] id=1312 tag=223ea1a5b2 running elapsed=120s limit=120s
[1/46] id=1312 tag=223ea1a5b2 done status=timeout L=- sec=120.05
[2/46] id=1762 tag=54010fd393 start width=8
[2/46] id=1762 tag=54010fd393 running elapsed=10s limit=120s
[2/46] id=1762 tag=54010fd393 running elapsed=20s limit=120s
[2/46] id=1762 tag=54010fd393 running elapsed=30s limit=120s
[2/46] id=1762 tag=54010fd393 running elapsed=40s limit=120s
[2/46] id=1762 tag=54010fd393 running elapsed=50s limit=120s
[2/46] id=1762 tag=54010fd393 running elapsed=60s limit=120s
[2/46] id=1762 tag=54010fd393 running elapsed=70s limit=120s
[2/46] id=1762 tag=54010fd393 running elapsed=80s limit=120s
[2/46] id=1762 tag=54010fd393 running elapsed=90s limit=120s
[2/46] id=1762 tag=54010fd393 done status=infeasible L=- sec=90.24
[3/46] id=1932 tag=c78d69dc45 start width=8
[3/46] id=1932 tag=c78d69dc45 running elapsed=10s limit=120s
[3/46] id=1932 tag=c78d69dc45 running elapsed=20s limit=120s
[3/46] id=1932 tag=c78d69dc45 running elapsed=30s limit=120s
[3/46] id=1932 tag=c78d69dc45 running elapsed=40s limit=120s
[3/46] id=1932 tag=c78d69dc45 running elapsed=50s limit=120s
[3/46] id=1932 tag=c78d69dc45 running elapsed=60s limit=120s
[3/46] id=1932 tag=c78d69dc45 running elapsed=70s limit=120s
[3/46] id=1932 tag=c78d69dc45 running elapsed=80s limit=120s
[3/46] id=1932 tag=c78d69dc45 done status=infeasible L=- sec=89.98
[4/46] id=2022 tag=cb095c2bff start width=8
[4/46] id=2022 tag=cb095c2bff running elapsed=10s limit=120s
[4/46] id=2022 tag=cb095c2bff running elapsed=20s limit=120s
[4/46] id=2022 tag=cb095c2bff running elapsed=30s limit=120s
[4/46] id=2022 tag=cb095c2bff running elapsed=40s limit=120s
[4/46] id=2022 tag=cb095c2bff running elapsed=50s limit=120s
[4/46] id=2022 tag=cb095c2bff running elapsed=60s limit=120s
[4/46] id=2022 tag=cb095c2bff running elapsed=70s limit=120s
[4/46] id=2022 tag=cb095c2bff running elapsed=80s limit=120s
[4/46] id=2022 tag=cb095c2bff running elapsed=90s limit=120s
[4/46] id=2022 tag=cb095c2bff done status=infeasible L=- sec=93.77
[5/46] id=2872 tag=7dd30622aa start width=8
[5/46] id=2872 tag=7dd30622aa running elapsed=10s limit=120s
[5/46] id=2872 tag=7dd30622aa running elapsed=20s limit=120s
[5/46] id=2872 tag=7dd30622aa running elapsed=30s limit=120s
[5/46] id=2872 tag=7dd30622aa running elapsed=40s limit=120s
[5/46] id=2872 tag=7dd30622aa running elapsed=50s limit=120s
[5/46] id=2872 tag=7dd30622aa running elapsed=60s limit=120s
[5/46] id=2872 tag=7dd30622aa running elapsed=70s limit=120s
[5/46] id=2872 tag=7dd30622aa running elapsed=80s limit=120s
[5/46] id=2872 tag=7dd30622aa running elapsed=90s limit=120s
[5/46] id=2872 tag=7dd30622aa running elapsed=100s limit=120s
[5/46] id=2872 tag=7dd30622aa running elapsed=110s limit=120s
[5/46] id=2872 tag=7dd30622aa running elapsed=120s limit=120s
[5/46] id=2872 tag=7dd30622aa done status=timeout L=- sec=120.05
[6/46] id=2952 tag=69722d668e start width=8
[6/46] id=2952 tag=69722d668e running elapsed=10s limit=120s
[6/46] id=2952 tag=69722d668e running elapsed=20s limit=120s
[6/46] id=2952 tag=69722d668e running elapsed=30s limit=120s
[6/46] id=2952 tag=69722d668e running elapsed=40s limit=120s
[6/46] id=2952 tag=69722d668e running elapsed=50s limit=120s
[6/46] id=2952 tag=69722d668e running elapsed=60s limit=120s
[6/46] id=2952 tag=69722d668e running elapsed=70s limit=120s
[6/46] id=2952 tag=69722d668e running elapsed=80s limit=120s
[6/46] id=2952 tag=69722d668e done status=infeasible L=- sec=86.06
[7/46] id=3002 tag=90bc1236a5 start width=8
[7/46] id=3002 tag=90bc1236a5 running elapsed=10s limit=120s
[7/46] id=3002 tag=90bc1236a5 running elapsed=20s limit=120s
[7/46] id=3002 tag=90bc1236a5 running elapsed=30s limit=120s
[7/46] id=3002 tag=90bc1236a5 running elapsed=40s limit=120s
[7/46] id=3002 tag=90bc1236a5 running elapsed=50s limit=120s
[7/46] id=3002 tag=90bc1236a5 running elapsed=60s limit=120s
[7/46] id=3002 tag=90bc1236a5 running elapsed=70s limit=120s
[7/46] id=3002 tag=90bc1236a5 running elapsed=80s limit=120s
[7/46] id=3002 tag=90bc1236a5 done status=infeasible L=- sec=87.62
[8/46] id=3172 tag=788cd816be start width=8
[8/46] id=3172 tag=788cd816be running elapsed=10s limit=120s
[8/46] id=3172 tag=788cd816be running elapsed=20s limit=120s
[8/46] id=3172 tag=788cd816be running elapsed=30s limit=120s
[8/46] id=3172 tag=788cd816be running elapsed=40s limit=120s
[8/46] id=3172 tag=788cd816be running elapsed=50s limit=120s
[8/46] id=3172 tag=788cd816be running elapsed=60s limit=120s
[8/46] id=3172 tag=788cd816be running elapsed=70s limit=120s
[8/46] id=3172 tag=788cd816be running elapsed=80s limit=120s
[8/46] id=3172 tag=788cd816be running elapsed=90s limit=120s
[8/46] id=3172 tag=788cd816be running elapsed=100s limit=120s
[8/46] id=3172 tag=788cd816be running elapsed=110s limit=120s
[8/46] id=3172 tag=788cd816be running elapsed=120s limit=120s
[8/46] id=3172 tag=788cd816be done status=timeout L=- sec=120.05
[9/46] id=3282 tag=36e8225ae3 start width=8
[9/46] id=3282 tag=36e8225ae3 running elapsed=10s limit=120s
[9/46] id=3282 tag=36e8225ae3 running elapsed=20s limit=120s
[9/46] id=3282 tag=36e8225ae3 running elapsed=30s limit=120s
[9/46] id=3282 tag=36e8225ae3 running elapsed=40s limit=120s
[9/46] id=3282 tag=36e8225ae3 running elapsed=50s limit=120s
[9/46] id=3282 tag=36e8225ae3 running elapsed=60s limit=120s
[9/46] id=3282 tag=36e8225ae3 running elapsed=70s limit=120s
[9/46] id=3282 tag=36e8225ae3 running elapsed=80s limit=120s
[9/46] id=3282 tag=36e8225ae3 running elapsed=90s limit=120s
[9/46] id=3282 tag=36e8225ae3 running elapsed=100s limit=120s
[9/46] id=3282 tag=36e8225ae3 running elapsed=110s limit=120s
[9/46] id=3282 tag=36e8225ae3 done status=infeasible L=- sec=112.64
[10/46] id=3312 tag=e5788c158a start width=8
[10/46] id=3312 tag=e5788c158a running elapsed=10s limit=120s
[10/46] id=3312 tag=e5788c158a running elapsed=20s limit=120s
[10/46] id=3312 tag=e5788c158a running elapsed=30s limit=120s
[10/46] id=3312 tag=e5788c158a running elapsed=40s limit=120s
[10/46] id=3312 tag=e5788c158a running elapsed=50s limit=120s
[10/46] id=3312 tag=e5788c158a running elapsed=60s limit=120s
[10/46] id=3312 tag=e5788c158a running elapsed=70s limit=120s
[10/46] id=3312 tag=e5788c158a running elapsed=80s limit=120s
[10/46] id=3312 tag=e5788c158a running elapsed=90s limit=120s
[10/46] id=3312 tag=e5788c158a running elapsed=100s limit=120s
[10/46] id=3312 tag=e5788c158a running elapsed=110s limit=120s
[10/46] id=3312 tag=e5788c158a running elapsed=120s limit=120s
[10/46] id=3312 tag=e5788c158a done status=timeout L=- sec=120.08
[11/46] id=3352 tag=b255ae9ed8 start width=8
[11/46] id=3352 tag=b255ae9ed8 running elapsed=10s limit=120s
[11/46] id=3352 tag=b255ae9ed8 running elapsed=20s limit=120s
[11/46] id=3352 tag=b255ae9ed8 running elapsed=30s limit=120s
[11/46] id=3352 tag=b255ae9ed8 running elapsed=40s limit=120s
[11/46] id=3352 tag=b255ae9ed8 running elapsed=50s limit=120s
[11/46] id=3352 tag=b255ae9ed8 running elapsed=60s limit=120s
[11/46] id=3352 tag=b255ae9ed8 running elapsed=70s limit=120s
[11/46] id=3352 tag=b255ae9ed8 running elapsed=80s limit=120s
[11/46] id=3352 tag=b255ae9ed8 running elapsed=90s limit=120s
[11/46] id=3352 tag=b255ae9ed8 running elapsed=100s limit=120s
[11/46] id=3352 tag=b255ae9ed8 running elapsed=110s limit=120s
[11/46] id=3352 tag=b255ae9ed8 running elapsed=120s limit=120s
[11/46] id=3352 tag=b255ae9ed8 done status=timeout L=- sec=120.07
[12/46] id=3512 tag=188734981c start width=8
[12/46] id=3512 tag=188734981c running elapsed=10s limit=120s
[12/46] id=3512 tag=188734981c running elapsed=20s limit=120s
[12/46] id=3512 tag=188734981c running elapsed=30s limit=120s
[12/46] id=3512 tag=188734981c running elapsed=40s limit=120s
[12/46] id=3512 tag=188734981c running elapsed=50s limit=120s
[12/46] id=3512 tag=188734981c running elapsed=60s limit=120s
[12/46] id=3512 tag=188734981c running elapsed=70s limit=120s
[12/46] id=3512 tag=188734981c running elapsed=80s limit=120s
[12/46] id=3512 tag=188734981c running elapsed=90s limit=120s
[12/46] id=3512 tag=188734981c running elapsed=100s limit=120s
[12/46] id=3512 tag=188734981c running elapsed=110s limit=120s
[12/46] id=3512 tag=188734981c running elapsed=120s limit=120s
[12/46] id=3512 tag=188734981c done status=timeout L=- sec=120.04
[13/46] id=3632 tag=94c439dc64 start width=8
[13/46] id=3632 tag=94c439dc64 running elapsed=10s limit=120s
[13/46] id=3632 tag=94c439dc64 running elapsed=20s limit=120s
[13/46] id=3632 tag=94c439dc64 running elapsed=30s limit=120s
[13/46] id=3632 tag=94c439dc64 running elapsed=40s limit=120s
[13/46] id=3632 tag=94c439dc64 running elapsed=50s limit=120s
[13/46] id=3632 tag=94c439dc64 running elapsed=60s limit=120s
[13/46] id=3632 tag=94c439dc64 running elapsed=70s limit=120s
[13/46] id=3632 tag=94c439dc64 running elapsed=80s limit=120s
[13/46] id=3632 tag=94c439dc64 running elapsed=90s limit=120s
[13/46] id=3632 tag=94c439dc64 running elapsed=100s limit=120s
[13/46] id=3632 tag=94c439dc64 running elapsed=110s limit=120s
[13/46] id=3632 tag=94c439dc64 running elapsed=120s limit=120s
[13/46] id=3632 tag=94c439dc64 done status=timeout L=- sec=120.06
[14/46] id=4412 tag=49ef3d57e1 start width=8
[14/46] id=4412 tag=49ef3d57e1 running elapsed=10s limit=120s
[14/46] id=4412 tag=49ef3d57e1 running elapsed=20s limit=120s
[14/46] id=4412 tag=49ef3d57e1 running elapsed=30s limit=120s
[14/46] id=4412 tag=49ef3d57e1 running elapsed=40s limit=120s
[14/46] id=4412 tag=49ef3d57e1 running elapsed=50s limit=120s
[14/46] id=4412 tag=49ef3d57e1 done status=infeasible L=- sec=51.63
[15/46] id=7332 tag=c7287f0a39 start width=8
[15/46] id=7332 tag=c7287f0a39 running elapsed=10s limit=120s
[15/46] id=7332 tag=c7287f0a39 running elapsed=20s limit=120s
[15/46] id=7332 tag=c7287f0a39 running elapsed=30s limit=120s
[15/46] id=7332 tag=c7287f0a39 running elapsed=40s limit=120s
[15/46] id=7332 tag=c7287f0a39 running elapsed=50s limit=120s
[15/46] id=7332 tag=c7287f0a39 running elapsed=60s limit=120s
[15/46] id=7332 tag=c7287f0a39 done status=infeasible L=- sec=65.90
[16/46] id=8092 tag=5a97a7a427 start width=8
[16/46] id=8092 tag=5a97a7a427 running elapsed=10s limit=120s
[16/46] id=8092 tag=5a97a7a427 running elapsed=20s limit=120s
[16/46] id=8092 tag=5a97a7a427 running elapsed=30s limit=120s
[16/46] id=8092 tag=5a97a7a427 running elapsed=40s limit=120s
[16/46] id=8092 tag=5a97a7a427 running elapsed=50s limit=120s
[16/46] id=8092 tag=5a97a7a427 done status=infeasible L=- sec=50.28
[17/46] id=8202 tag=76202aaeee start width=8
[17/46] id=8202 tag=76202aaeee running elapsed=10s limit=120s
[17/46] id=8202 tag=76202aaeee running elapsed=20s limit=120s
[17/46] id=8202 tag=76202aaeee running elapsed=30s limit=120s
[17/46] id=8202 tag=76202aaeee running elapsed=40s limit=120s
[17/46] id=8202 tag=76202aaeee running elapsed=50s limit=120s
[17/46] id=8202 tag=76202aaeee running elapsed=60s limit=120s
[17/46] id=8202 tag=76202aaeee running elapsed=70s limit=120s
[17/46] id=8202 tag=76202aaeee running elapsed=80s limit=120s
[17/46] id=8202 tag=76202aaeee done status=infeasible L=- sec=80.23
[18/46] id=8452 tag=9f364ea50c start width=8
[18/46] id=8452 tag=9f364ea50c running elapsed=10s limit=120s
[18/46] id=8452 tag=9f364ea50c running elapsed=20s limit=120s
[18/46] id=8452 tag=9f364ea50c running elapsed=30s limit=120s
[18/46] id=8452 tag=9f364ea50c running elapsed=40s limit=120s
[18/46] id=8452 tag=9f364ea50c running elapsed=50s limit=120s
[18/46] id=8452 tag=9f364ea50c running elapsed=60s limit=120s
[18/46] id=8452 tag=9f364ea50c running elapsed=70s limit=120s
[18/46] id=8452 tag=9f364ea50c done status=infeasible L=- sec=75.00
[19/46] id=8952 tag=d9ab06ae8c start width=8
[19/46] id=8952 tag=d9ab06ae8c running elapsed=10s limit=120s
[19/46] id=8952 tag=d9ab06ae8c running elapsed=20s limit=120s
[19/46] id=8952 tag=d9ab06ae8c running elapsed=30s limit=120s
[19/46] id=8952 tag=d9ab06ae8c running elapsed=40s limit=120s
[19/46] id=8952 tag=d9ab06ae8c running elapsed=50s limit=120s
[19/46] id=8952 tag=d9ab06ae8c running elapsed=60s limit=120s
[19/46] id=8952 tag=d9ab06ae8c running elapsed=70s limit=120s
[19/46] id=8952 tag=d9ab06ae8c running elapsed=80s limit=120s
[19/46] id=8952 tag=d9ab06ae8c running elapsed=90s limit=120s
[19/46] id=8952 tag=d9ab06ae8c running elapsed=100s limit=120s
[19/46] id=8952 tag=d9ab06ae8c running elapsed=110s limit=120s
[19/46] id=8952 tag=d9ab06ae8c running elapsed=120s limit=120s
[19/46] id=8952 tag=d9ab06ae8c done status=timeout L=- sec=120.06
[20/46] id=9002 tag=5ded5fd73f start width=8
[20/46] id=9002 tag=5ded5fd73f running elapsed=10s limit=120s
[20/46] id=9002 tag=5ded5fd73f running elapsed=20s limit=120s
[20/46] id=9002 tag=5ded5fd73f running elapsed=30s limit=120s
[20/46] id=9002 tag=5ded5fd73f running elapsed=40s limit=120s
[20/46] id=9002 tag=5ded5fd73f running elapsed=50s limit=120s
[20/46] id=9002 tag=5ded5fd73f running elapsed=60s limit=120s
[20/46] id=9002 tag=5ded5fd73f running elapsed=70s limit=120s
[20/46] id=9002 tag=5ded5fd73f running elapsed=80s limit=120s
[20/46] id=9002 tag=5ded5fd73f running elapsed=90s limit=120s
[20/46] id=9002 tag=5ded5fd73f running elapsed=100s limit=120s
[20/46] id=9002 tag=5ded5fd73f running elapsed=110s limit=120s
[20/46] id=9002 tag=5ded5fd73f running elapsed=120s limit=120s
[20/46] id=9002 tag=5ded5fd73f done status=timeout L=- sec=120.05
[21/46] id=9092 tag=d8f4f40e50 start width=8
[21/46] id=9092 tag=d8f4f40e50 running elapsed=10s limit=120s
[21/46] id=9092 tag=d8f4f40e50 running elapsed=20s limit=120s
[21/46] id=9092 tag=d8f4f40e50 running elapsed=30s limit=120s
[21/46] id=9092 tag=d8f4f40e50 running elapsed=40s limit=120s
[21/46] id=9092 tag=d8f4f40e50 running elapsed=50s limit=120s
[21/46] id=9092 tag=d8f4f40e50 running elapsed=60s limit=120s
[21/46] id=9092 tag=d8f4f40e50 running elapsed=70s limit=120s
[21/46] id=9092 tag=d8f4f40e50 running elapsed=80s limit=120s
[21/46] id=9092 tag=d8f4f40e50 running elapsed=90s limit=120s
[21/46] id=9092 tag=d8f4f40e50 done status=infeasible L=- sec=96.73
[22/46] id=9142 tag=78cca8dd54 start width=8
[22/46] id=9142 tag=78cca8dd54 running elapsed=10s limit=120s
[22/46] id=9142 tag=78cca8dd54 running elapsed=20s limit=120s
[22/46] id=9142 tag=78cca8dd54 running elapsed=30s limit=120s
[22/46] id=9142 tag=78cca8dd54 running elapsed=40s limit=120s
[22/46] id=9142 tag=78cca8dd54 running elapsed=50s limit=120s
[22/46] id=9142 tag=78cca8dd54 running elapsed=60s limit=120s
[22/46] id=9142 tag=78cca8dd54 running elapsed=70s limit=120s
[22/46] id=9142 tag=78cca8dd54 running elapsed=80s limit=120s
[22/46] id=9142 tag=78cca8dd54 done status=infeasible L=- sec=88.28
[23/46] id=9532 tag=0cc719ccab start width=8
[23/46] id=9532 tag=0cc719ccab running elapsed=10s limit=120s
[23/46] id=9532 tag=0cc719ccab running elapsed=20s limit=120s
[23/46] id=9532 tag=0cc719ccab running elapsed=30s limit=120s
[23/46] id=9532 tag=0cc719ccab running elapsed=40s limit=120s
[23/46] id=9532 tag=0cc719ccab running elapsed=50s limit=120s
[23/46] id=9532 tag=0cc719ccab running elapsed=60s limit=120s
[23/46] id=9532 tag=0cc719ccab running elapsed=70s limit=120s
[23/46] id=9532 tag=0cc719ccab running elapsed=80s limit=120s
[23/46] id=9532 tag=0cc719ccab running elapsed=90s limit=120s
[23/46] id=9532 tag=0cc719ccab done status=infeasible L=- sec=91.26
[24/46] id=9542 tag=a23aff03f5 start width=8
[24/46] id=9542 tag=a23aff03f5 running elapsed=10s limit=120s
[24/46] id=9542 tag=a23aff03f5 running elapsed=20s limit=120s
[24/46] id=9542 tag=a23aff03f5 running elapsed=30s limit=120s
[24/46] id=9542 tag=a23aff03f5 running elapsed=40s limit=120s
[24/46] id=9542 tag=a23aff03f5 done status=infeasible L=- sec=48.11
[25/46] id=9552 tag=f0dbf6510b start width=8
[25/46] id=9552 tag=f0dbf6510b running elapsed=10s limit=120s
[25/46] id=9552 tag=f0dbf6510b running elapsed=20s limit=120s
[25/46] id=9552 tag=f0dbf6510b running elapsed=30s limit=120s
[25/46] id=9552 tag=f0dbf6510b running elapsed=40s limit=120s
[25/46] id=9552 tag=f0dbf6510b running elapsed=50s limit=120s
[25/46] id=9552 tag=f0dbf6510b running elapsed=60s limit=120s
[25/46] id=9552 tag=f0dbf6510b running elapsed=70s limit=120s
[25/46] id=9552 tag=f0dbf6510b running elapsed=80s limit=120s
[25/46] id=9552 tag=f0dbf6510b running elapsed=90s limit=120s
[25/46] id=9552 tag=f0dbf6510b running elapsed=100s limit=120s
[25/46] id=9552 tag=f0dbf6510b running elapsed=110s limit=120s
[25/46] id=9552 tag=f0dbf6510b running elapsed=120s limit=120s
[25/46] id=9552 tag=f0dbf6510b done status=timeout L=- sec=120.04
[26/46] id=9592 tag=dafd11b03f start width=8
[26/46] id=9592 tag=dafd11b03f running elapsed=10s limit=120s
[26/46] id=9592 tag=dafd11b03f running elapsed=20s limit=120s
[26/46] id=9592 tag=dafd11b03f running elapsed=30s limit=120s
[26/46] id=9592 tag=dafd11b03f running elapsed=40s limit=120s
[26/46] id=9592 tag=dafd11b03f running elapsed=50s limit=120s
[26/46] id=9592 tag=dafd11b03f running elapsed=60s limit=120s
[26/46] id=9592 tag=dafd11b03f running elapsed=70s limit=120s
[26/46] id=9592 tag=dafd11b03f running elapsed=80s limit=120s
[26/46] id=9592 tag=dafd11b03f running elapsed=90s limit=120s
[26/46] id=9592 tag=dafd11b03f running elapsed=100s limit=120s
[26/46] id=9592 tag=dafd11b03f running elapsed=110s limit=120s
[26/46] id=9592 tag=dafd11b03f running elapsed=120s limit=120s
[26/46] id=9592 tag=dafd11b03f done status=timeout L=- sec=120.08
[27/46] id=9842 tag=91a4a3093a start width=8
[27/46] id=9842 tag=91a4a3093a running elapsed=10s limit=120s
[27/46] id=9842 tag=91a4a3093a running elapsed=20s limit=120s
[27/46] id=9842 tag=91a4a3093a running elapsed=30s limit=120s
[27/46] id=9842 tag=91a4a3093a running elapsed=40s limit=120s
[27/46] id=9842 tag=91a4a3093a running elapsed=50s limit=120s
[27/46] id=9842 tag=91a4a3093a running elapsed=60s limit=120s
[27/46] id=9842 tag=91a4a3093a running elapsed=70s limit=120s
[27/46] id=9842 tag=91a4a3093a running elapsed=80s limit=120s
[27/46] id=9842 tag=91a4a3093a running elapsed=90s limit=120s
[27/46] id=9842 tag=91a4a3093a running elapsed=100s limit=120s
[27/46] id=9842 tag=91a4a3093a running elapsed=110s limit=120s
[27/46] id=9842 tag=91a4a3093a running elapsed=120s limit=120s
[27/46] id=9842 tag=91a4a3093a done status=timeout L=- sec=120.04
[28/46] id=10882 tag=f4fc15d3a1 start width=8
[28/46] id=10882 tag=f4fc15d3a1 running elapsed=10s limit=120s
[28/46] id=10882 tag=f4fc15d3a1 running elapsed=20s limit=120s
[28/46] id=10882 tag=f4fc15d3a1 running elapsed=30s limit=120s
[28/46] id=10882 tag=f4fc15d3a1 running elapsed=40s limit=120s
[28/46] id=10882 tag=f4fc15d3a1 running elapsed=50s limit=120s
[28/46] id=10882 tag=f4fc15d3a1 running elapsed=60s limit=120s
[28/46] id=10882 tag=f4fc15d3a1 running elapsed=70s limit=120s
[28/46] id=10882 tag=f4fc15d3a1 running elapsed=80s limit=120s
[28/46] id=10882 tag=f4fc15d3a1 running elapsed=90s limit=120s
[28/46] id=10882 tag=f4fc15d3a1 running elapsed=100s limit=120s
[28/46] id=10882 tag=f4fc15d3a1 running elapsed=110s limit=120s
[28/46] id=10882 tag=f4fc15d3a1 running elapsed=120s limit=120s
[28/46] id=10882 tag=f4fc15d3a1 done status=timeout L=- sec=120.05
[29/46] id=12712 tag=877d69078d start width=8
[29/46] id=12712 tag=877d69078d running elapsed=10s limit=120s
[29/46] id=12712 tag=877d69078d running elapsed=20s limit=120s
[29/46] id=12712 tag=877d69078d running elapsed=30s limit=120s
[29/46] id=12712 tag=877d69078d running elapsed=40s limit=120s
[29/46] id=12712 tag=877d69078d running elapsed=50s limit=120s
[29/46] id=12712 tag=877d69078d done status=infeasible L=- sec=50.26
[30/46] id=12732 tag=4416e9cdea start width=8
[30/46] id=12732 tag=4416e9cdea running elapsed=10s limit=120s
[30/46] id=12732 tag=4416e9cdea running elapsed=20s limit=120s
[30/46] id=12732 tag=4416e9cdea running elapsed=30s limit=120s
[30/46] id=12732 tag=4416e9cdea running elapsed=40s limit=120s
[30/46] id=12732 tag=4416e9cdea running elapsed=50s limit=120s
[30/46] id=12732 tag=4416e9cdea running elapsed=60s limit=120s
[30/46] id=12732 tag=4416e9cdea running elapsed=70s limit=120s
[30/46] id=12732 tag=4416e9cdea running elapsed=80s limit=120s
[30/46] id=12732 tag=4416e9cdea done status=infeasible L=- sec=87.05
[31/46] id=13012 tag=67c7128036 start width=8
[31/46] id=13012 tag=67c7128036 running elapsed=10s limit=120s
[31/46] id=13012 tag=67c7128036 running elapsed=20s limit=120s
[31/46] id=13012 tag=67c7128036 running elapsed=30s limit=120s
[31/46] id=13012 tag=67c7128036 running elapsed=40s limit=120s
[31/46] id=13012 tag=67c7128036 running elapsed=50s limit=120s
[31/46] id=13012 tag=67c7128036 running elapsed=60s limit=120s
[31/46] id=13012 tag=67c7128036 running elapsed=70s limit=120s
[31/46] id=13012 tag=67c7128036 running elapsed=80s limit=120s
[31/46] id=13012 tag=67c7128036 running elapsed=90s limit=120s
[31/46] id=13012 tag=67c7128036 running elapsed=100s limit=120s
[31/46] id=13012 tag=67c7128036 running elapsed=110s limit=120s
[31/46] id=13012 tag=67c7128036 running elapsed=120s limit=120s
[31/46] id=13012 tag=67c7128036 done status=timeout L=- sec=120.06
[32/46] id=13312 tag=0b71fd49db start width=8
[32/46] id=13312 tag=0b71fd49db running elapsed=10s limit=120s
[32/46] id=13312 tag=0b71fd49db running elapsed=20s limit=120s
[32/46] id=13312 tag=0b71fd49db running elapsed=30s limit=120s
[32/46] id=13312 tag=0b71fd49db running elapsed=40s limit=120s
[32/46] id=13312 tag=0b71fd49db running elapsed=50s limit=120s
[32/46] id=13312 tag=0b71fd49db running elapsed=60s limit=120s
[32/46] id=13312 tag=0b71fd49db running elapsed=70s limit=120s
[32/46] id=13312 tag=0b71fd49db running elapsed=80s limit=120s
[32/46] id=13312 tag=0b71fd49db running elapsed=90s limit=120s
[32/46] id=13312 tag=0b71fd49db done status=infeasible L=- sec=95.52
[33/46] id=13442 tag=1425947057 start width=8
[33/46] id=13442 tag=1425947057 running elapsed=10s limit=120s
[33/46] id=13442 tag=1425947057 running elapsed=20s limit=120s
[33/46] id=13442 tag=1425947057 running elapsed=30s limit=120s
[33/46] id=13442 tag=1425947057 running elapsed=40s limit=120s
[33/46] id=13442 tag=1425947057 running elapsed=50s limit=120s
[33/46] id=13442 tag=1425947057 running elapsed=60s limit=120s
[33/46] id=13442 tag=1425947057 running elapsed=70s limit=120s
[33/46] id=13442 tag=1425947057 running elapsed=80s limit=120s
[33/46] id=13442 tag=1425947057 running elapsed=90s limit=120s
[33/46] id=13442 tag=1425947057 running elapsed=100s limit=120s
[33/46] id=13442 tag=1425947057 running elapsed=110s limit=120s
[33/46] id=13442 tag=1425947057 running elapsed=120s limit=120s
[33/46] id=13442 tag=1425947057 done status=timeout L=- sec=120.05
[34/46] id=13552 tag=bae14074af start width=8
[34/46] id=13552 tag=bae14074af running elapsed=10s limit=120s
[34/46] id=13552 tag=bae14074af running elapsed=20s limit=120s
[34/46] id=13552 tag=bae14074af running elapsed=30s limit=120s
[34/46] id=13552 tag=bae14074af running elapsed=40s limit=120s
[34/46] id=13552 tag=bae14074af done status=infeasible L=- sec=40.10
[35/46] id=13882 tag=b095310c6b start width=8
[35/46] id=13882 tag=b095310c6b running elapsed=10s limit=120s
[35/46] id=13882 tag=b095310c6b running elapsed=20s limit=120s
[35/46] id=13882 tag=b095310c6b running elapsed=30s limit=120s
[35/46] id=13882 tag=b095310c6b running elapsed=40s limit=120s
[35/46] id=13882 tag=b095310c6b running elapsed=50s limit=120s
[35/46] id=13882 tag=b095310c6b running elapsed=60s limit=120s
[35/46] id=13882 tag=b095310c6b running elapsed=70s limit=120s
[35/46] id=13882 tag=b095310c6b running elapsed=80s limit=120s
[35/46] id=13882 tag=b095310c6b done status=infeasible L=- sec=81.28
[36/46] id=13932 tag=772b9bd90a start width=8
[36/46] id=13932 tag=772b9bd90a running elapsed=10s limit=120s
[36/46] id=13932 tag=772b9bd90a running elapsed=20s limit=120s
[36/46] id=13932 tag=772b9bd90a running elapsed=30s limit=120s
[36/46] id=13932 tag=772b9bd90a running elapsed=40s limit=120s
[36/46] id=13932 tag=772b9bd90a running elapsed=50s limit=120s
[36/46] id=13932 tag=772b9bd90a running elapsed=60s limit=120s
[36/46] id=13932 tag=772b9bd90a running elapsed=70s limit=120s
[36/46] id=13932 tag=772b9bd90a running elapsed=80s limit=120s
[36/46] id=13932 tag=772b9bd90a running elapsed=90s limit=120s
[36/46] id=13932 tag=772b9bd90a running elapsed=100s limit=120s
[36/46] id=13932 tag=772b9bd90a running elapsed=110s limit=120s
[36/46] id=13932 tag=772b9bd90a running elapsed=120s limit=120s
[36/46] id=13932 tag=772b9bd90a done status=timeout L=- sec=120.11
[37/46] id=14372 tag=dcfbe0135e start width=8
[37/46] id=14372 tag=dcfbe0135e running elapsed=10s limit=120s
[37/46] id=14372 tag=dcfbe0135e running elapsed=20s limit=120s
[37/46] id=14372 tag=dcfbe0135e running elapsed=30s limit=120s
[37/46] id=14372 tag=dcfbe0135e running elapsed=40s limit=120s
[37/46] id=14372 tag=dcfbe0135e running elapsed=50s limit=120s
[37/46] id=14372 tag=dcfbe0135e running elapsed=60s limit=120s
[37/46] id=14372 tag=dcfbe0135e running elapsed=70s limit=120s
[37/46] id=14372 tag=dcfbe0135e running elapsed=80s limit=120s
[37/46] id=14372 tag=dcfbe0135e running elapsed=90s limit=120s
[37/46] id=14372 tag=dcfbe0135e running elapsed=100s limit=120s
[37/46] id=14372 tag=dcfbe0135e running elapsed=110s limit=120s
[37/46] id=14372 tag=dcfbe0135e running elapsed=120s limit=120s
[37/46] id=14372 tag=dcfbe0135e done status=timeout L=- sec=120.04
[38/46] id=14532 tag=8e71d0e38b start width=8
[38/46] id=14532 tag=8e71d0e38b running elapsed=10s limit=120s
[38/46] id=14532 tag=8e71d0e38b running elapsed=20s limit=120s
[38/46] id=14532 tag=8e71d0e38b running elapsed=30s limit=120s
[38/46] id=14532 tag=8e71d0e38b running elapsed=40s limit=120s
[38/46] id=14532 tag=8e71d0e38b running elapsed=50s limit=120s
[38/46] id=14532 tag=8e71d0e38b running elapsed=60s limit=120s
[38/46] id=14532 tag=8e71d0e38b running elapsed=70s limit=120s
[38/46] id=14532 tag=8e71d0e38b running elapsed=80s limit=120s
[38/46] id=14532 tag=8e71d0e38b running elapsed=90s limit=120s
[38/46] id=14532 tag=8e71d0e38b running elapsed=100s limit=120s
[38/46] id=14532 tag=8e71d0e38b running elapsed=110s limit=120s
[38/46] id=14532 tag=8e71d0e38b running elapsed=120s limit=120s
[38/46] id=14532 tag=8e71d0e38b done status=timeout L=- sec=120.03
[39/46] id=14542 tag=fce3c9a9a5 start width=8
[39/46] id=14542 tag=fce3c9a9a5 running elapsed=10s limit=120s
[39/46] id=14542 tag=fce3c9a9a5 running elapsed=20s limit=120s
[39/46] id=14542 tag=fce3c9a9a5 running elapsed=30s limit=120s
[39/46] id=14542 tag=fce3c9a9a5 running elapsed=40s limit=120s
[39/46] id=14542 tag=fce3c9a9a5 running elapsed=50s limit=120s
[39/46] id=14542 tag=fce3c9a9a5 running elapsed=60s limit=120s
[39/46] id=14542 tag=fce3c9a9a5 running elapsed=70s limit=120s
[39/46] id=14542 tag=fce3c9a9a5 running elapsed=80s limit=120s
[39/46] id=14542 tag=fce3c9a9a5 running elapsed=90s limit=120s
[39/46] id=14542 tag=fce3c9a9a5 running elapsed=100s limit=120s
[39/46] id=14542 tag=fce3c9a9a5 running elapsed=110s limit=120s
[39/46] id=14542 tag=fce3c9a9a5 running elapsed=120s limit=120s
[39/46] id=14542 tag=fce3c9a9a5 done status=timeout L=- sec=120.04
[40/46] id=15492 tag=f31f72d8d7 start width=8
[40/46] id=15492 tag=f31f72d8d7 running elapsed=10s limit=120s
[40/46] id=15492 tag=f31f72d8d7 running elapsed=20s limit=120s
[40/46] id=15492 tag=f31f72d8d7 running elapsed=30s limit=120s
[40/46] id=15492 tag=f31f72d8d7 running elapsed=40s limit=120s
[40/46] id=15492 tag=f31f72d8d7 running elapsed=50s limit=120s
[40/46] id=15492 tag=f31f72d8d7 running elapsed=60s limit=120s
[40/46] id=15492 tag=f31f72d8d7 running elapsed=70s limit=120s
[40/46] id=15492 tag=f31f72d8d7 running elapsed=80s limit=120s
[40/46] id=15492 tag=f31f72d8d7 running elapsed=90s limit=120s
[40/46] id=15492 tag=f31f72d8d7 running elapsed=100s limit=120s
[40/46] id=15492 tag=f31f72d8d7 running elapsed=110s limit=120s
[40/46] id=15492 tag=f31f72d8d7 running elapsed=120s limit=120s
[40/46] id=15492 tag=f31f72d8d7 done status=timeout L=- sec=120.06
[41/46] id=15812 tag=d71db58d98 start width=8
[41/46] id=15812 tag=d71db58d98 running elapsed=10s limit=120s
[41/46] id=15812 tag=d71db58d98 running elapsed=20s limit=120s
[41/46] id=15812 tag=d71db58d98 running elapsed=30s limit=120s
[41/46] id=15812 tag=d71db58d98 running elapsed=40s limit=120s
[41/46] id=15812 tag=d71db58d98 running elapsed=50s limit=120s
[41/46] id=15812 tag=d71db58d98 running elapsed=60s limit=120s
[41/46] id=15812 tag=d71db58d98 running elapsed=70s limit=120s
[41/46] id=15812 tag=d71db58d98 running elapsed=80s limit=120s
[41/46] id=15812 tag=d71db58d98 running elapsed=90s limit=120s
[41/46] id=15812 tag=d71db58d98 running elapsed=100s limit=120s
[41/46] id=15812 tag=d71db58d98 running elapsed=110s limit=120s
[41/46] id=15812 tag=d71db58d98 running elapsed=120s limit=120s
[41/46] id=15812 tag=d71db58d98 done status=timeout L=- sec=120.07
[42/46] id=17722 tag=4beaf9776b start width=16
[42/46] id=17722 tag=4beaf9776b running elapsed=10s limit=120s
[42/46] id=17722 tag=4beaf9776b running elapsed=20s limit=120s
[42/46] id=17722 tag=4beaf9776b running elapsed=30s limit=120s
[42/46] id=17722 tag=4beaf9776b running elapsed=40s limit=120s
[42/46] id=17722 tag=4beaf9776b running elapsed=50s limit=120s
[42/46] id=17722 tag=4beaf9776b running elapsed=60s limit=120s
[42/46] id=17722 tag=4beaf9776b running elapsed=70s limit=120s
[42/46] id=17722 tag=4beaf9776b running elapsed=80s limit=120s
[42/46] id=17722 tag=4beaf9776b running elapsed=90s limit=120s
[42/46] id=17722 tag=4beaf9776b running elapsed=100s limit=120s
[42/46] id=17722 tag=4beaf9776b running elapsed=110s limit=120s
[42/46] id=17722 tag=4beaf9776b running elapsed=120s limit=120s
[42/46] id=17722 tag=4beaf9776b done status=timeout L=- sec=120.13
[43/46] id=17732 tag=32f7b8af0b start width=16
[43/46] id=17732 tag=32f7b8af0b running elapsed=10s limit=120s
[43/46] id=17732 tag=32f7b8af0b running elapsed=20s limit=120s
[43/46] id=17732 tag=32f7b8af0b running elapsed=30s limit=120s
[43/46] id=17732 tag=32f7b8af0b running elapsed=40s limit=120s
[43/46] id=17732 tag=32f7b8af0b running elapsed=50s limit=120s
[43/46] id=17732 tag=32f7b8af0b running elapsed=60s limit=120s
[43/46] id=17732 tag=32f7b8af0b running elapsed=70s limit=120s
[43/46] id=17732 tag=32f7b8af0b running elapsed=80s limit=120s
[43/46] id=17732 tag=32f7b8af0b running elapsed=90s limit=120s
[43/46] id=17732 tag=32f7b8af0b running elapsed=100s limit=120s
[43/46] id=17732 tag=32f7b8af0b running elapsed=110s limit=120s
[43/46] id=17732 tag=32f7b8af0b running elapsed=120s limit=120s
[43/46] id=17732 tag=32f7b8af0b done status=timeout L=- sec=120.15
[44/46] id=23692 tag=fc54e6155e start width=16
[44/46] id=23692 tag=fc54e6155e running elapsed=10s limit=120s
[44/46] id=23692 tag=fc54e6155e running elapsed=20s limit=120s
[44/46] id=23692 tag=fc54e6155e running elapsed=30s limit=120s
[44/46] id=23692 tag=fc54e6155e running elapsed=40s limit=120s
[44/46] id=23692 tag=fc54e6155e done status=optimal L=58 sec=41.47
[45/46] id=24952 tag=2563bbe87d start width=16
[45/46] id=24952 tag=2563bbe87d running elapsed=10s limit=120s
[45/46] id=24952 tag=2563bbe87d running elapsed=20s limit=120s
[45/46] id=24952 tag=2563bbe87d running elapsed=30s limit=120s
[45/46] id=24952 tag=2563bbe87d running elapsed=40s limit=120s
[45/46] id=24952 tag=2563bbe87d running elapsed=50s limit=120s
[45/46] id=24952 tag=2563bbe87d running elapsed=60s limit=120s
[45/46] id=24952 tag=2563bbe87d running elapsed=70s limit=120s
[45/46] id=24952 tag=2563bbe87d running elapsed=80s limit=120s
[45/46] id=24952 tag=2563bbe87d running elapsed=90s limit=120s
[45/46] id=24952 tag=2563bbe87d running elapsed=100s limit=120s
[45/46] id=24952 tag=2563bbe87d running elapsed=110s limit=120s
[45/46] id=24952 tag=2563bbe87d running elapsed=120s limit=120s
[45/46] id=24952 tag=2563bbe87d done status=timeout L=- sec=120.18
[46/46] id=28602 tag=0d82229891 start width=16
[46/46] id=28602 tag=0d82229891 running elapsed=10s limit=120s
[46/46] id=28602 tag=0d82229891 running elapsed=20s limit=120s
[46/46] id=28602 tag=0d82229891 running elapsed=30s limit=120s
[46/46] id=28602 tag=0d82229891 running elapsed=40s limit=120s
[46/46] id=28602 tag=0d82229891 done status=optimal L=38 sec=41.84
[done] shard=02 completed=46
