[start] mode=push shard=07/10 jobs=51
[1/51] id=1557 tag=fad305f74d start width=8
[1/51] id=1557 tag=fad305f74d running elapsed=10s limit=120s
[1/51] id=1557 tag=fad305f74d running elapsed=20s limit=120s
[1/51] id=1557 tag=fad305f74d running elapsed=30s limit=120s
[1/51] id=1557 tag=fad305f74d running elapsed=40s limit=120s
[1/51] id=1557 tag=fad305f74d running elapsed=50s limit=120s
[1/51] id=1557 tag=fad305f74d done status=infeasible L=- sec=54.50
[2/51] id=1837 tag=84291bf7c9 start width=8
[2/51] id=1837 tag=84291bf7c9 running elapsed=10s limit=120s
[2/51] id=1837 tag=84291bf7c9 running elapsed=20s limit=120s
[2/51] id=1837 tag=84291bf7c9 running elapsed=30s limit=120s
[2/51] id=1837 tag=84291bf7c9 running elapsed=40s limit=120s
[2/51] id=1837 tag=84291bf7c9 running elapsed=50s limit=120s
[2/51] id=1837 tag=84291bf7c9 running elapsed=60s limit=120s
[2/51] id=1837 tag=84291bf7c9 running elapsed=70s limit=120s
[2/51] id=1837 tag=84291bf7c9 running elapsed=80s limit=120s
[2/51] id=1837 tag=84291bf7c9 running elapsed=90s limit=120s
[2/51] id=1837 tag=84291bf7c9 running elapsed=100s limit=120s
[2/51] id=1837 tag=84291bf7c9 running elapsed=110s limit=120s
[2/51] id=1837 tag=84291bf7c9 running elapsed=120s limit=120s
[2/51] id=1837 tag=84291bf7c9 done status=timeout L=- sec=120.11
[3/51] id=1927 tag=a3392b2932 start width=8
[3/51] id=1927 tag=a3392b2932 running elapsed=10s limit=120s
[3/51] id=1927 tag=a3392b2932 running elapsed=20s limit=120s
[3/51] id=1927 tag=a3392b2932 running elapsed=30s limit=120s
[3/51] id=1927 tag=a3392b2932 running elapsed=40s limit=120s
[3/51] id=1927 tag=a3392b2932 running elapsed=50s limit=120s
[3/51] id=1927 tag=a3392b2932 running elapsed=60s limit=120s
[3/51] id=1927 tag=a3392b2932 running elapsed=70s limit=120s
[3/51] id=1927 tag=a3392b2932 running elapsed=80s limit=120s
[3/51] id=1927 tag=a3392b2932 running elapsed=90s limit=120s
[3/51] id=1927 tag=a3392b2932 running elapsed=100s limit=120s
[3/51] id=1927 tag=a3392b2932 done status=infeasible L=- sec=108.38
[4/51] id=2077 tag=91882b9b1d start width=8
[4/51] id=2077 tag=91882b9b1d running elapsed=10s limit=120s
[4/51] id=2077 tag=91882b9b1d running elapsed=20s limit=120s
[4/51] id=2077 tag=91882b9b1d running elapsed=30s limit=120s
[4/51] id=2077 tag=91882b9b1d running elapsed=40s limit=120s
[4/51] id=2077 tag=91882b9b1d running elapsed=50s limit=120s
[4/51] id=2077 tag=91882b9b1d running elapsed=60s limit=120s
[4/51] id=2077 tag=91882b9b1d running elapsed=70s limit=120s
[4/51] id=2077 tag=91882b9b1d running elapsed=80s limit=120s
[4/51] id=2077 tag=91882b9b1d running elapsed=90s limit=120s
[4/51] id=2077 tag=91882b9b1d running elapsed=100s limit=120s
[4/51] id=2077 tag=91882b9b1d running elapsed=110s limit=120s
[4/51] id=2077 tag=91882b9b1d running elapsed=120s limit=120s
[4/51] id=2077 tag=91882b9b1d done status=timeout L=- sec=120.11
[5/51] id=2877 tag=1d334e3b37 start width=8
[5/51] id=2877 tag=1d334e3b37 running elapsed=10s limit=120s
[5/51] id=2877 tag=1d334e3b37 running elapsed=20s limit=120s
[5/51] id=2877 tag=1d334e3b37 running elapsed=30s limit=120s
[5/51] id=2877 tag=1d334e3b37 running elapsed=40s limit=120s
[5/51] id=2877 tag=1d334e3b37 running elapsed=50s limit=120s
[5/51] id=2877 tag=1d334e3b37 running elapsed=60s limit=120s
[5/51] id=2877 tag=1d334e3b37 running elapsed=70s limit=120s
[5/51] id=2877 tag=1d334e3b37 running elapsed=80s limit=120s
[5/51] id=2877 tag=1d334e3b37 running elapsed=90s limit=120s
[5/51] id=2877 tag=1d334e3b37 running elapsed=100s limit=120s
[5/51] id=2877 tag=1d334e3b37 running elapsed=110s limit=120s
[5/51] id=2877 tag=1d334e3b37 running elapsed=120s limit=120s
[5/51] id=2877 tag=1d334e3b37 done status=timeout L=- sec=120.09
[6/51] id=2897 tag=8051c9fa6f start width=8
[6/51] id=2897 tag=8051c9fa6f running elapsed=10s limit=120s
[6/51] id=2897 tag=8051c9fa6f running elapsed=20s limit=120s
[6/51] id=2897 tag=8051c9fa6f running elapsed=30s limit=120s
[6/51] id=2897 tag=8051c9fa6f running elapsed=40s limit=120s
[6/51] id=2897 tag=8051c9fa6f running elapsed=50s limit=120s
[6/51] id=2897 tag=8051c9fa6f running elapsed=60s limit=120s
[6/51] id=2897 tag=8051c9fa6f running elapsed=70s limit=120s
[6/51] id=2897 tag=8051c9fa6f running elapsed=80s limit=120s
[6/51] id=2897 tag=8051c9fa6f running elapsed=90s limit=120s
[6/51] id=2897 tag=8051c9fa6f running elapsed=100s limit=120s
[6/51] id=2897 tag=8051c9fa6f running elapsed=110s limit=120s
[6/51] id=2897 tag=8051c9fa6f running elapsed=120s limit=120s
[6/51] id=2897 tag=8051c9fa6f done status=timeout L=- sec=120.11
[7/51] id=2977 tag=e5261c656a start width=8
[7/51] id=2977 tag=e5261c656a running elapsed=10s limit=120s
[7/51] id=2977 tag=e5261c656a running elapsed=20s limit=120s
[7/51] id=2977 tag=e5261c656a running elapsed=30s limit=120s
[7/51] id=2977 tag=e5261c656a running elapsed=40s limit=120s
[7/51] id=2977 tag=e5261c656a running elapsed=50s limit=120s
[7/51] id=2977 tag=e5261c656a done status=infeasible L=- sec=56.81
[8/51] id=3007 tag=27d898391b start width=8
[8/51] id=3007 tag=27d898391b running elapsed=10s limit=120s
[8/51] id=3007 tag=27d898391b running elapsed=20s limit=120s
[8/51] id=3007 tag=27d898391b running elapsed=30s limit=120s
[8/51] id=3007 tag=27d898391b running elapsed=40s limit=120s
[8/51] id=3007 tag=27d898391b done status=infeasible L=- sec=45.05
[9/51] id=3017 tag=7175bf9f18 start width=8
[9/51] id=3017 tag=7175bf9f18 running elapsed=10s limit=120s
[9/51] id=3017 tag=7175bf9f18 running elapsed=20s limit=120s
[9/51] id=3017 tag=7175bf9f18 running elapsed=30s limit=120s
[9/51] id=3017 tag=7175bf9f18 running elapsed=40s limit=120s
[9/51] id=3017 tag=7175bf9f18 running elapsed=50s limit=120s
[9/51] id=3017 tag=7175bf9f18 running elapsed=60s limit=120s
[9/51] id=3017 tag=7175bf9f18 running elapsed=70s limit=120s
[9/51] id=3017 tag=7175bf9f18 running elapsed=80s limit=120s
[9/51] id=3017 tag=7175bf9f18 running elapsed=90s limit=120s
[9/51] id=3017 tag=7175bf9f18 done status=infeasible L=- sec=93.76
[10/51] id=3217 tag=2f10e8b46d start width=8
[10/51] id=3217 tag=2f10e8b46d running elapsed=10s limit=120s
[10/51] id=3217 tag=2f10e8b46d running elapsed=20s limit=120s
[10/51] id=3217 tag=2f10e8b46d running elapsed=30s limit=120s
[10/51] id=3217 tag=2f10e8b46d running elapsed=40s limit=120s
[10/51] id=3217 tag=2f10e8b46d running elapsed=50s limit=120s
[10/51] id=3217 tag=2f10e8b46d running elapsed=60s limit=120s
[10/51] id=3217 tag=2f10e8b46d running elapsed=70s limit=120s
[10/51] id=3217 tag=2f10e8b46d running elapsed=80s limit=120s
[10/51] id=3217 tag=2f10e8b46d running elapsed=90s limit=120s
[10/51] id=3217 tag=2f10e8b46d running elapsed=100s limit=120s
[10/51] id=3217 tag=2f10e8b46d running elapsed=110s limit=120s
[10/51] id=3217 tag=2f10e8b46d done status=infeasible L=- sec=118.16
[11/51] id=3267 tag=4c3b7d6b16 start width=8
[11/51] id=3267 tag=4c3b7d6b16 running elapsed=10s limit=120s
[11/51] id=3267 tag=4c3b7d6b16 running elapsed=20s limit=120s
[11/51] id=3267 tag=4c3b7d6b16 running elapsed=30s limit=120s
[11/51] id=3267 tag=4c3b7d6b16 running elapsed=40s limit=120s
[11/51] id=3267 tag=4c3b7d6b16 running elapsed=50s limit=120s
[11/51] id=3267 tag=4c3b7d6b16 running elapsed=60s limit=120s
[11/51] id=3267 tag=4c3b7d6b16 running elapsed=70s limit=120s
[11/51] id=3267 tag=4c3b7d6b16 running elapsed=80s limit=120s
[11/51] id=3267 tag=4c3b7d6b16 running elapsed=90s limit=120s
[11/51] id=3267 tag=4c3b7d6b16 running elapsed=100s limit=120s
[11/51] id=3267 tag=4c3b7d6b16 running elapsed=110s limit=120s
[11/51] id=3267 tag=4c3b7d6b16 running elapsed=120s limit=120s
[11/51] id=3267 tag=4c3b7d6b16 done status=timeout L=- sec=120.09
[12/51] id=3407 tag=b1dcb35a87 start width=8
[12/51] id=3407 tag=b1dcb35a87 running elapsed=10s limit=120s
[12/51] id=3407 tag=b1dcb35a87 running elapsed=20s limit=120s
[12/51] id=3407 tag=b1dcb35a87 running elapsed=30s limit=120s
[12/51] id=3407 tag=b1dcb35a87 running elapsed=40s limit=120s
[12/51] id=3407 tag=b1dcb35a87 running elapsed=50s limit=120s
[12/51] id=3407 tag=b1dcb35a87 running elapsed=60s limit=120s
[12/51] id=3407 tag=b1dcb35a87 running elapsed=70s limit=120s
[12/51] id=3407 tag=b1dcb35a87 running elapsed=80s limit=120s
[12/51] id=3407 tag=b1dcb35a87 running elapsed=90s limit=120s
[12/51] id=3407 tag=b1dcb35a87 running elapsed=100s limit=120s
[12/51] id=3407 tag=b1dcb35a87 running elapsed=110s limit=120s
[12/51] id=3407 tag=b1dcb35a87 running elapsed=120s limit=120s
[12/51] id=3407 tag=b1dcb35a87 done status=timeout L=- sec=120.09
[13/51] id=3517 tag=a726df0ad7 start width=8
[13/51] id=3517 tag=a726df0ad7 running elapsed=10s limit=120s
[13/51] id=3517 tag=a726df0ad7 running elapsed=20s limit=120s
[13/51] id=3517 tag=a726df0ad7 running elapsed=30s limit=120s
[13/51] id=3517 tag=a726df0ad7 done status=infeasible L=- sec=32.47
[14/51] id=7357 tag=49056fe0f1 start width=8
[14/51] id=7357 tag=49056fe0f1 running elapsed=10s limit=120s
[14/51] id=7357 tag=49056fe0f1 running elapsed=20s limit=120s
[14/51] id=7357 tag=49056fe0f1 running elapsed=30s limit=120s
[14/51] id=7357 tag=49056fe0f1 running elapsed=40s limit=120s
[14/51] id=7357 tag=49056fe0f1 running elapsed=50s limit=120s
[14/51] id=7357 tag=49056fe0f1 running elapsed=60s limit=120s
[14/51] id=7357 tag=49056fe0f1 running elapsed=70s limit=120s
[14/51] id=7357 tag=49056fe0f1 running elapsed=80s limit=120s
[14/51] id=7357 tag=49056fe0f1 running elapsed=90s limit=120s
[14/51] id=7357 tag=49056fe0f1 running elapsed=100s limit=120s
[14/51] id=7357 tag=49056fe0f1 running elapsed=110s limit=120s
[14/51] id=7357 tag=49056fe0f1 running elapsed=120s limit=120s
[14/51] id=7357 tag=49056fe0f1 done status=timeout L=- sec=120.06
[15/51] id=7797 tag=aa29aa3dd9 start width=8
[15/51] id=7797 tag=aa29aa3dd9 running elapsed=10s limit=120s
[15/51] id=7797 tag=aa29aa3dd9 running elapsed=20s limit=120s
[15/51] id=7797 tag=aa29aa3dd9 running elapsed=30s limit=120s
[15/51] id=7797 tag=aa29aa3dd9 done status=optimal L=34 sec=39.78
[16/51] id=7947 tag=8b91282d75 start width=8
[16/51] id=7947 tag=8b91282d75 running elapsed=10s limit=120s
[16/51] id=7947 tag=8b91282d75 running elapsed=20s limit=120s
[16/51] id=7947 tag=8b91282d75 running elapsed=30s limit=120s
[16/51] id=7947 tag=8b91282d75 running elapsed=40s limit=120s
[16/51] id=7947 tag=8b91282d75 running elapsed=50s limit=120s
[16/51] id=7947 tag=8b91282d75 running elapsed=60s limit=120s
[16/51] id=7947 tag=8b91282d75 running elapsed=70s limit=120s
[16/51] id=7947 tag=8b91282d75 running elapsed=80s limit=120s
[16/51] id=7947 tag=8b91282d75 running elapsed=90s limit=120s
[16/51] id=7947 tag=8b91282d75 running elapsed=100s limit=120s
[16/51] id=7947 tag=8b91282d75 running elapsed=110s limit=120s
[16/51] id=7947 tag=8b91282d75 running elapsed=120s limit=120s
[16/51] id=7947 tag=8b91282d75 done status=timeout L=- sec=120.07
[17/51] id=8357 tag=1735231609 start width=8
[17/51] id=8357 tag=1735231609 running elapsed=10s limit=120s
[17/51] id=8357 tag=1735231609 running elapsed=20s limit=120s
[17/51] id=8357 tag=1735231609 running elapsed=30s limit=120s
[17/51] id=8357 tag=1735231609 running elapsed=40s limit=120s
[17/51] id=8357 tag=1735231609 running elapsed=50s limit=120s
[17/51] id=8357 tag=1735231609 running elapsed=60s limit=120s
[17/51] id=8357 tag=1735231609 running elapsed=70s limit=120s
[17/51] id=8357 tag=1735231609 running elapsed=80s limit=120s
[17/51] id=8357 tag=1735231609 running elapsed=90s limit=120s
[17/51] id=8357 tag=1735231609 running elapsed=100s limit=120s
[17/51] id=8357 tag=1735231609 running elapsed=110s limit=120s
[17/51] id=8357 tag=1735231609 running elapsed=120s limit=120s
[17/51] id=8357 tag=1735231609 done status=timeout L=- sec=120.06
[18/51] id=8427 tag=c00cdf7451 start width=8
[18/51] id=8427 tag=c00cdf7451 running elapsed=10s limit=120s
[18/51] id=8427 tag=c00cdf7451 running elapsed=20s limit=120s
[18/51] id=8427 tag=c00cdf7451 running elapsed=30s limit=120s
[18/51] id=8427 tag=c00cdf7451 running elapsed=40s limit=120s
[18/51] id=8427 tag=c00cdf7451 running elapsed=50s limit=120s
[18/51] id=8427 tag=c00cdf7451 running elapsed=60s limit=120s
[18/51] id=8427 tag=c00cdf7451 running elapsed=70s limit=120s
[18/51] id=8427 tag=c00cdf7451 running elapsed=80s limit=120s
[18/51] id=8427 tag=c00cdf7451 running elapsed=90s limit=120s
[18/51] id=8427 tag=c00cdf7451 running elapsed=100s limit=120s
[18/51] id=8427 tag=c00cdf7451 running elapsed=110s limit=120s
[18/51] id=8427 tag=c00cdf7451 done status=infeasible L=- sec=116.37
[19/51] id=8447 tag=40928454c2 start width=8
[19/51] id=8447 tag=40928454c2 running elapsed=10s limit=120s
[19/51] id=8447 tag=40928454c2 running elapsed=20s limit=120s
[19/51] id=8447 tag=40928454c2 running elapsed=30s limit=120s
[19/51] id=8447 tag=40928454c2 running elapsed=40s limit=120s
[19/51] id=8447 tag=40928454c2 running elapsed=50s limit=120s
[19/51] id=8447 tag=40928454c2 done status=infeasible L=- sec=55.60
[20/51] id=8957 tag=c06c7114df start width=8
[20/51] id=8957 tag=c06c7114df running elapsed=10s limit=120s
[20/51] id=8957 tag=c06c7114df running elapsed=20s limit=120s
[20/51] id=8957 tag=c06c7114df running elapsed=30s limit=120s
[20/51] id=8957 tag=c06c7114df running elapsed=40s limit=120s
[20/51] id=8957 tag=c06c7114df running elapsed=50s limit=120s
[20/51] id=8957 tag=c06c7114df running elapsed=60s limit=120s
[20/51] id=8957 tag=c06c7114df running elapsed=70s limit=120s
[20/51] id=8957 tag=c06c7114df running elapsed=80s limit=120s
[20/51] id=8957 tag=c06c7114df running elapsed=90s limit=120s
[20/51] id=8957 tag=c06c7114df running elapsed=100s limit=120s
[20/51] id=8957 tag=c06c7114df running elapsed=110s limit=120s
[20/51] id=8957 tag=c06c7114df running elapsed=120s limit=120s
[20/51] id=8957 tag=c06c7114df done status=timeout L=- sec=120.06
[21/51] id=9007 tag=b132e22193 start width=8
[21/51] id=9007 tag=b132e22193 running elapsed=10s limit=120s
[21/51] id=9007 tag=b132e22193 running elapsed=20s limit=120s
[21/51] id=9007 tag=b132e22193 running elapsed=30s limit=120s
[21/51] id=9007 tag=b132e22193 running elapsed=40s limit=120s
[21/51] id=9007 tag=b132e22193 running elapsed=50s limit=120s
[21/51] id=9007 tag=b132e22193 running elapsed=60s limit=120s
[21/51] id=9007 tag=b132e22193 running elapsed=70s limit=120s
[21/51] id=9007 tag=b132e22193 running elapsed=80s limit=120s
[21/51] id=9007 tag=b132e22193 running elapsed=90s limit=120s
[21/51] id=9007 tag=b132e22193 running elapsed=100s limit=120s
[21/51] id=9007 tag=b132e22193 running elapsed=110s limit=120s
[21/51] id=9007 tag=b132e22193 running elapsed=120s limit=120s
[21/51] id=9007 tag=b132e22193 done status=timeout L=- sec=120.07
[22/51] id=9027 tag=10c3aa3caa start width=8
[22/51] id=9027 tag=10c3aa3caa running elapsed=10s limit=120s
[22/51] id=9027 tag=10c3aa3caa running elapsed=20s limit=120s
[22/51] id=9027 tag=10c3aa3caa running elapsed=30s limit=120s
[22/51] id=9027 tag=10c3aa3caa running elapsed=40s limit=120s
[22/51] id=9027 tag=10c3aa3caa running elapsed=50s limit=120s
[22/51] id=9027 tag=10c3aa3caa running elapsed=60s limit=120s
[22/51] id=9027 tag=10c3aa3caa running elapsed=70s limit=120s
[22/51] id=9027 tag=10c3aa3caa running elapsed=80s limit=120s
[22/51] id=9027 tag=10c3aa3caa done status=infeasible L=- sec=85.51
[23/51] id=9057 tag=dcc95356ad start width=8
[23/51] id=9057 tag=dcc95356ad running elapsed=10s limit=120s
[23/51] id=9057 tag=dcc95356ad running elapsed=20s limit=120s
[23/51] id=9057 tag=dcc95356ad running elapsed=30s limit=120s
[23/51] id=9057 tag=dcc95356ad running elapsed=40s limit=120s
[23/51] id=9057 tag=dcc95356ad running elapsed=50s limit=120s
[23/51] id=9057 tag=dcc95356ad running elapsed=60s limit=120s
[23/51] id=9057 tag=dcc95356ad running elapsed=70s limit=120s
[23/51] id=9057 tag=dcc95356ad running elapsed=80s limit=120s
[23/51] id=9057 tag=dcc95356ad running elapsed=90s limit=120s
[23/51] id=9057 tag=dcc95356ad running elapsed=100s limit=120s
[23/51] id=9057 tag=dcc95356ad running elapsed=110s limit=120s
[23/51] id=9057 tag=dcc95356ad running elapsed=120s limit=120s
[23/51] id=9057 tag=dcc95356ad done status=timeout L=- sec=120.07
[24/51] id=9067 tag=50b832afe1 start width=8
[24/51] id=9067 tag=50b832afe1 running elapsed=10s limit=120s
[24/51] id=9067 tag=50b832afe1 running elapsed=20s limit=120s
[24/51] id=9067 tag=50b832afe1 running elapsed=30s limit=120s
[24/51] id=9067 tag=50b832afe1 running elapsed=40s limit=120s
[24/51] id=9067 tag=50b832afe1 running elapsed=50s limit=120s
[24/51] id=9067 tag=50b832afe1 running elapsed=60s limit=120s
[24/51] id=9067 tag=50b832afe1 running elapsed=70s limit=120s
[24/51] id=9067 tag=50b832afe1 running elapsed=80s limit=120s
[24/51] id=9067 tag=50b832afe1 running elapsed=90s limit=120s
[24/51] id=9067 tag=50b832afe1 running elapsed=100s limit=120s
[24/51] id=9067 tag=50b832afe1 running elapsed=110s limit=120s
[24/51] id=9067 tag=50b832afe1 running elapsed=120s limit=120s
[24/51] id=9067 tag=50b832afe1 done status=timeout L=- sec=120.08
[25/51] id=9097 tag=93126a5925 start width=8
[25/51] id=9097 tag=93126a5925 running elapsed=10s limit=120s
[25/51] id=9097 tag=93126a5925 running elapsed=20s limit=120s
[25/51] id=9097 tag=93126a5925 running elapsed=30s limit=120s
[25/51] id=9097 tag=93126a5925 running elapsed=40s limit=120s
[25/51] id=9097 tag=93126a5925 running elapsed=50s limit=120s
[25/51] id=9097 tag=93126a5925 running elapsed=60s limit=120s
[25/51] id=9097 tag=93126a5925 done status=infeasible L=- sec=68.95
[26/51] id=9147 tag=bbdf4f9f6c start width=8
[26/51] id=9147 tag=bbdf4f9f6c running elapsed=10s limit=120s
[26/51] id=9147 tag=bbdf4f9f6c running elapsed=20s limit=120s
[26/51] id=9147 tag=bbdf4f9f6c running elapsed=30s limit=120s
[26/51] id=9147 tag=bbdf4f9f6c running elapsed=40s limit=120s
[26/51] id=9147 tag=bbdf4f9f6c running elapsed=50s limit=120s
[26/51] id=9147 tag=bbdf4f9f6c running elapsed=60s limit=120s
[26/51] id=9147 tag=bbdf4f9f6c running elapsed=70s limit=120s
[26/51] id=9147 tag=bbdf4f9f6c running elapsed=80s limit=120s
[26/51] id=9147 tag=bbdf4f9f6c running elapsed=90s limit=120s
[26/51] id=9147 tag=bbdf4f9f6c running elapsed=100s limit=120s
[26/51] id=9147 tag=bbdf4f9f6c running elapsed=110s limit=120s
[26/51] id=9147 tag=bbdf4f9f6c running elapsed=120s limit=120s
[26/51] id=9147 tag=bbdf4f9f6c done status=timeout L=- sec=120.04
[27/51] id=9547 tag=1aa96ab226 start width=8
[27/51] id=9547 tag=1aa96ab226 running elapsed=10s limit=120s
[27/51] id=9547 tag=1aa96ab226 running elapsed=20s limit=120s
[27/51] id=9547 tag=1aa96ab226 running elapsed=30s limit=120s
[27/51] id=9547 tag=1aa96ab226 running elapsed=40s limit=120s
[27/51] id=9547 tag=1aa96ab226 running elapsed=50s limit=120s
[27/51] id=9547 tag=1aa96ab226 running elapsed=60s limit=120s
[27/51] id=9547 tag=1aa96ab226 done status=infeasible L=- sec=66.95
[28/51] id=9597 tag=377e357555 start width=8
[28/51] id=9597 tag=377e357555 running elapsed=10s limit=120s
[28/51] id=9597 tag=377e357555 running elapsed=20s limit=120s
[28/51] id=9597 tag=377e357555 running elapsed=30s limit=120s
[28/51] id=9597 tag=377e357555 running elapsed=40s limit=120s
[28/51] id=9597 tag=377e357555 running elapsed=50s limit=120s
[28/51] id=9597 tag=377e357555 running elapsed=60s limit=120s
[28/51] id=9597 tag=377e357555 running elapsed=70s limit=120s
[28/51] id=9597 tag=377e357555 running elapsed=80s limit=120s
[28/51] id=9597 tag=377e357555 running elapsed=90s limit=120s
[28/51] id=9597 tag=377e357555 running elapsed=100s limit=120s
[28/51] id=9597 tag=377e357555 running elapsed=110s limit=120s
[28/51] id=9597 tag=377e357555 running elapsed=120s limit=120s
[28/51] id=9597 tag=377e357555 done status=timeout L=- sec=120.09
[29/51] id=10007 tag=4e9d273b0c start width=8
[29/51] id=10007 tag=4e9d273b0c running elapsed=10s limit=120s
[29/51] id=10007 tag=4e9d273b0c running elapsed=20s limit=120s
[29/51] id=10007 tag=4e9d273b0c running elapsed=30s limit=120s
[29/51] id=10007 tag=4e9d273b0c running elapsed=40s limit=120s
[29/51] id=10007 tag=4e9d273b0c running elapsed=50s limit=120s
[29/51] id=10007 tag=4e9d273b0c running elapsed=60s limit=120s
[29/51] id=10007 tag=4e9d273b0c running elapsed=70s limit=120s
[29/51] id=10007 tag=4e9d273b0c done status=infeasible L=- sec=75.50
[30/51] id=12597 tag=700b73096d start width=8
[30/51] id=12597 tag=700b73096d running elapsed=10s limit=120s
[30/51] id=12597 tag=700b73096d running elapsed=20s limit=120s
[30/51] id=12597 tag=700b73096d running elapsed=30s limit=120s
[30/51] id=12597 tag=700b73096d running elapsed=40s limit=120s
[30/51] id=12597 tag=700b73096d running elapsed=50s limit=120s
[30/51] id=12597 tag=700b73096d running elapsed=60s limit=120s
[30/51] id=12597 tag=700b73096d running elapsed=70s limit=120s
[30/51] id=12597 tag=700b73096d running elapsed=80s limit=120s
[30/51] id=12597 tag=700b73096d running elapsed=90s limit=120s
[30/51] id=12597 tag=700b73096d running elapsed=100s limit=120s
[30/51] id=12597 tag=700b73096d running elapsed=110s limit=120s
[30/51] id=12597 tag=700b73096d running elapsed=120s limit=120s
[30/51] id=12597 tag=700b73096d done status=timeout L=- sec=120.05
[31/51] id=12747 tag=aa9d073f2a start width=8
[31/51] id=12747 tag=aa9d073f2a running elapsed=10s limit=120s
[31/51] id=12747 tag=aa9d073f2a running elapsed=20s limit=120s
[31/51] id=12747 tag=aa9d073f2a running elapsed=30s limit=120s
[31/51] id=12747 tag=aa9d073f2a running elapsed=40s limit=120s
[31/51] id=12747 tag=aa9d073f2a running elapsed=50s limit=120s
[31/51] id=12747 tag=aa9d073f2a running elapsed=60s limit=120s
[31/51] id=12747 tag=aa9d073f2a running elapsed=70s limit=120s
[31/51] id=12747 tag=aa9d073f2a running elapsed=80s limit=120s
[31/51] id=12747 tag=aa9d073f2a done status=infeasible L=- sec=86.65
[32/51] id=12757 tag=fd006f44db start width=8
[32/51] id=12757 tag=fd006f44db running elapsed=10s limit=120s
[32/51] id=12757 tag=fd006f44db running elapsed=20s limit=120s
[32/51] id=12757 tag=fd006f44db running elapsed=30s limit=120s
[32/51] id=12757 tag=fd006f44db running elapsed=40s limit=120s
[32/51] id=12757 tag=fd006f44db running elapsed=50s limit=120s
[32/51] id=12757 tag=fd006f44db running elapsed=60s limit=120s
[32/51] id=12757 tag=fd006f44db running elapsed=70s limit=120s
[32/51] id=12757 tag=fd006f44db running elapsed=80s limit=120s
[32/51] id=12757 tag=fd006f44db running elapsed=90s limit=120s
[32/51] id=12757 tag=fd006f44db running elapsed=100s limit=120s
[32/51] id=12757 tag=fd006f44db running elapsed=110s limit=120s
[32/51] id=12757 tag=fd006f44db running elapsed=120s limit=120s
[32/51] id=12757 tag=fd006f44db done status=timeout L=- sec=120.06
[33/51] id=13017 tag=2944c1d810 start width=8
[33/51] id=13017 tag=2944c1d810 running elapsed=10s limit=120s
[33/51] id=13017 tag=2944c1d810 running elapsed=20s limit=120s
[33/51] id=13017 tag=2944c1d810 running elapsed=30s limit=120s
[33/51] id=13017 tag=2944c1d810 running elapsed=40s limit=120s
[33/51] id=13017 tag=2944c1d810 running elapsed=50s limit=120s
[33/51] id=13017 tag=2944c1d810 running elapsed=60s limit=120s
[33/51] id=13017 tag=2944c1d810 done status=infeasible L=- sec=65.28
[34/51] id=13057 tag=69b56df95a start width=8
[34/51] id=13057 tag=69b56df95a running elapsed=10s limit=120s
[34/51] id=13057 tag=69b56df95a running elapsed=20s limit=120s
[34/51] id=13057 tag=69b56df95a running elapsed=30s limit=120s
[34/51] id=13057 tag=69b56df95a running elapsed=40s limit=120s
[34/51] id=13057 tag=69b56df95a running elapsed=50s limit=120s
[34/51] id=13057 tag=69b56df95a running elapsed=60s limit=120s
[34/51] id=13057 tag=69b56df95a running elapsed=70s limit=120s
[34/51] id=13057 tag=69b56df95a running elapsed=80s limit=120s
[34/51] id=13057 tag=69b56df95a done status=infeasible L=- sec=82.39
[35/51] id=13437 tag=2b6ec0fc31 start width=8
[35/51] id=13437 tag=2b6ec0fc31 running elapsed=10s limit=120s
[35/51] id=13437 tag=2b6ec0fc31 running elapsed=20s limit=120s
[35/51] id=13437 tag=2b6ec0fc31 running elapsed=30s limit=120s
[35/51] id=13437 tag=2b6ec0fc31 running elapsed=40s limit=120s
[35/51] id=13437 tag=2b6ec0fc31 done status=infeasible L=- sec=47.78
[36/51] id=13467 tag=901b051557 start width=8
[36/51] id=13467 tag=901b051557 running elapsed=10s limit=120s
[36/51] id=13467 tag=901b051557 running elapsed=20s limit=120s
[36/51] id=13467 tag=901b051557 running elapsed=30s limit=120s
[36/51] id=13467 tag=901b051557 running elapsed=40s limit=120s
[36/51] id=13467 tag=901b051557 running elapsed=50s limit=120s
[36/51] id=13467 tag=901b051557 running elapsed=60s limit=120s
[36/51] id=13467 tag=901b051557 running elapsed=70s limit=120s
[36/51] id=13467 tag=901b051557 running elapsed=80s limit=120s
[36/51] id=13467 tag=901b051557 running elapsed=90s limit=120s
[36/51] id=13467 tag=901b051557 running elapsed=100s limit=120s
[36/51] id=13467 tag=901b051557 running elapsed=110s limit=120s
[36/51] id=13467 tag=901b051557 running elapsed=120s limit=120s
[36/51] id=13467 tag=901b051557 done status=timeout L=- sec=120.08
[37/51] id=13557 tag=29ef85729c start width=8
[37/51] id=13557 tag=29ef85729c running elapsed=10s limit=120s
[37/51] id=13557 tag=29ef85729c running elapsed=20s limit=120s
[37/51] id=13557 tag=29ef85729c running elapsed=30s limit=120s
[37/51] id=13557 tag=29ef85729c running elapsed=40s limit=120s
[37/51] id=13557 tag=29ef85729c running elapsed=50s limit=120s
[37/51] id=13557 tag=29ef85729c running elapsed=60s limit=120s
[37/51] id=13557 tag=29ef85729c running elapsed=70s limit=120s
[37/51] id=13557 tag=29ef85729c running elapsed=80s limit=120s
[37/51] id=13557 tag=29ef85729c done status=infeasible L=- sec=87.12
[38/51] id=13597 tag=b4d5ef83d2 start width=8
[38/51] id=13597 tag=b4d5ef83d2 running elapsed=10s limit=120s
[38/51] id=13597 tag=b4d5ef83d2 running elapsed=20s limit=120s
[38/51] id=13597 tag=b4d5ef83d2 running elapsed=30s limit=120s
[38/51] id=13597 tag=b4d5ef83d2 running elapsed=40s limit=120s
[38/51] id=13597 tag=b4d5ef83d2 running elapsed=50s limit=120s
[38/51] id=13597 tag=b4d5ef83d2 running elapsed=60s limit=120s
[38/51] id=13597 tag=b4d5ef83d2 running elapsed=70s limit=120s
[38/51] id=13597 tag=b4d5ef83d2 running elapsed=80s limit=120s
[38/51] id=13597 tag=b4d5ef83d2 running elapsed=90s limit=120s
[38/51] id=13597 tag=b4d5ef83d2 done status=infeasible L=- sec=98.46
[39/51] id=13897 tag=c17d150895 start width=8
[39/51] id=13897 tag=c17d150895 running elapsed=10s limit=120s
[39/51] id=13897 tag=c17d150895 running elapsed=20s limit=120s
[39/51] id=13897 tag=c17d150895 running elapsed=30s limit=120s
[39/51] id=13897 tag=c17d150895 running elapsed=40s limit=120s
[39/51] id=13897 tag=c17d150895 running elapsed=50s limit=120s
[39/51] id=13897 tag=c17d150895 running elapsed=60s limit=120s
[39/51] id=13897 tag=c17d150895 running elapsed=70s limit=120s
[39/51] id=13897 tag=c17d150895 running elapsed=80s limit=120s
[39/51] id=13897 tag=c17d150895 running elapsed=90s limit=120s
[39/51] id=13897 tag=c17d150895 running elapsed=100s limit=120s
[39/51] id=13897 tag=c17d150895 running elapsed=110s limit=120s
[39/51] id=13897 tag=c17d150895 running elapsed=120s limit=120s
[39/51] id=13897 tag=c17d150895 done status=timeout L=- sec=120.11
[40/51] id=14537 tag=276707e652 start width=8
[40/51] id=14537 tag=276707e652 running elapsed=10s limit=120s
[40/51] id=14537 tag=276707e652 running elapsed=20s limit=120s
[40/51] id=14537 tag=276707e652 running elapsed=30s limit=120s
[40/51] id=14537 tag=276707e652 running elapsed=40s limit=120s
[40/51] id=14537 tag=276707e652 running elapsed=50s limit=120s
[40/51] id=14537 tag=276707e652 running elapsed=60s limit=120s
[40/51] id=14537 tag=276707e652 running elapsed=70s limit=120s
[40/51] id=14537 tag=276707e652 running elapsed=80s limit=120s
[40/51] id=14537 tag=276707e652 running elapsed=90s limit=120s
[40/51] id=14537 tag=276707e652 running elapsed=100s limit=120s
[40/51] id=14537 tag=276707e652 running elapsed=110s limit=120s
[40/51] id=14537 tag=276707e652 running elapsed=120s limit=120s
[40/51] id=14537 tag=276707e652 done status=timeout L=- sec=120.04
[41/51] id=15347 tag=a4a4c51d14 start width=8
[41/51] id=15347 tag=a4a4c51d14 running elapsed=10s limit=120s
[41/51] id=15347 tag=a4a4c51d14 running elapsed=20s limit=120s
[41/51] id=15347 tag=a4a4c51d14 running elapsed=30s limit=120s
[41/51] id=15347 tag=a4a4c51d14 running elapsed=40s limit=120s
[41/51] id=15347 tag=a4a4c51d14 running elapsed=50s limit=120s
[41/51] id=15347 tag=a4a4c51d14 running elapsed=60s limit=120s
[41/51] id=15347 tag=a4a4c51d14 running elapsed=70s limit=120s
[41/51] id=15347 tag=a4a4c51d14 running elapsed=80s limit=120s
[41/51] id=15347 tag=a4a4c51d14 running elapsed=90s limit=120s
[41/51] id=15347 tag=a4a4c51d14 running elapsed=100s limit=120s
[41/51] id=15347 tag=a4a4c51d14 running elapsed=110s limit=120s
[41/51] id=15347 tag=a4a4c51d14 running elapsed=120s limit=120s
[41/51] id=15347 tag=a4a4c51d14 done status=timeout L=- sec=120.09
[42/51] id=15657 tag=6373ae61ec start width=8
[42/51] id=15657 tag=6373ae61ec running elapsed=10s limit=120s
[42/51] id=15657 tag=6373ae61ec running elapsed=20s limit=120s
[42/51] id=15657 tag=6373ae61ec running elapsed=30s limit=120s
[42/51] id=15657 tag=6373ae61ec running elapsed=40s limit=120s
[42/51] id=15657 tag=6373ae61ec running elapsed=50s limit=120s
[42/51] id=15657 tag=6373ae61ec running elapsed=60s limit=120s
[42/51] id=15657 tag=6373ae61ec running elapsed=70s limit=120s
[42/51] id=15657 tag=6373ae61ec done status=infeasible L=- sec=79.97
[43/51] id=15797 tag=0217845cff start width=8
[43/51] id=15797 tag=0217845cff running elapsed=10s limit=120s
[43/51] id=15797 tag=0217845cff running elapsed=20s limit=120s
[43/51] id=15797 tag=0217845cff running elapsed=30s limit=120s
[43/51] id=15797 tag=0217845cff running elapsed=40s limit=120s
[43/51] id=15797 tag=0217845cff running elapsed=50s limit=120s
[43/51] id=15797 tag=0217845cff running elapsed=60s limit=120s
[43/51] id=15797 tag=0217845cff running elapsed=70s limit=120s
[43/51] id=15797 tag=0217845cff done status=infeasible L=- sec=75.61
[44/51] id=15857 tag=a67da3d785 start width=8
[44/51] id=15857 tag=a67da3d785 running elapsed=10s limit=120s
[44/51] id=15857 tag=a67da3d785 running elapsed=20s limit=120s
[44/51] id=15857 tag=a67da3d785 running elapsed=30s limit=120s
[44/51] id=15857 tag=a67da3d785 running elapsed=40s limit=120s
[44/51] id=15857 tag=a67da3d785 running elapsed=50s limit=120s
[44/51] id=15857 tag=a67da3d785 running elapsed=60s limit=120s
[44/51] id=15857 tag=a67da3d785 running elapsed=70s limit=120s
[44/51] id=15857 tag=a67da3d785 running elapsed=80s limit=120s
[44/51] id=15857 tag=a67da3d785 running elapsed=90s limit=120s
[44/51] id=15857 tag=a67da3d785 running elapsed=100s limit=120s
[44/51] id=15857 tag=a67da3d785 done status=infeasible L=- sec=104.29
[45/51] id=21087 tag=294f2ef9f4 start width=16
[45/51] id=21087 tag=294f2ef9f4 running elapsed=10s limit=120s
[45/51] id=21087 tag=294f2ef9f4 running elapsed=20s limit=120s
[45/51] id=21087 tag=294f2ef9f4 running elapsed=30s limit=120s
[45/51] id=21087 tag=294f2ef9f4 running elapsed=40s limit=120s
[45/51] id=21087 tag=294f2ef9f4 running elapsed=50s limit=120s
[45/51] id=21087 tag=294f2ef9f4 done status=optimal L=34 sec=52.69
[46/51] id=22077 tag=3e818789e0 start width=16
[46/51] id=22077 tag=3e818789e0 running elapsed=10s limit=120s
[46/51] id=22077 tag=3e818789e0 running elapsed=20s limit=120s
[46/51] id=22077 tag=3e818789e0 running elapsed=30s limit=120s
[46/51] id=22077 tag=3e818789e0 running elapsed=40s limit=120s
[46/51] id=22077 tag=3e818789e0 running elapsed=50s limit=120s
[46/51] id=22077 tag=3e818789e0 done status=optimal L=38 sec=55.95
[47/51] id=24917 tag=4a804f778c start width=16
[47/51] id=24917 tag=4a804f778c running elapsed=10s limit=120s
[47/51] id=24917 tag=4a804f778c running elapsed=20s limit=120s
[47/51] id=24917 tag=4a804f778c running elapsed=30s limit=120s
[47/51] id=24917 tag=4a804f778c done status=optimal L=54 sec=30.08
[48/51] id=24957 tag=e8b5ef283f start width=16
[48/51] id=24957 tag=e8b5ef283f running elapsed=10s limit=120s
[48/51] id=24957 tag=e8b5ef283f running elapsed=20s limit=120s
[48/51] id=24957 tag=e8b5ef283f running elapsed=30s limit=120s
[48/51] id=24957 tag=e8b5ef283f running elapsed=40s limit=120s
[48/51] id=24957 tag=e8b5ef283f running elapsed=50s limit=120s
[48/51] id=24957 tag=e8b5ef283f running elapsed=60s limit=120s
[48/51] id=24957 tag=e8b5ef283f running elapsed=70s limit=120s
[48/51] id=24957 tag=e8b5ef283f running elapsed=80s limit=120s
[48/51] id=24957 tag=e8b5ef283f running elapsed=90s limit=120s
[48/51] id=24957 tag=e8b5ef283f running elapsed=100s limit=120s
[48/51] id=24957 tag=e8b5ef283f running elapsed=110s limit=120s
[48/51] id=24957 tag=e8b5ef283f running elapsed=120s limit=120s
[48/51] id=24957 tag=e8b5ef283f done status=timeout L=- sec=120.23
[49/51] id=24997 tag=82d661d54c start width=16
[49/51] id=24997 tag=82d661d54c running elapsed=10s limit=120s
[49/51] id=24997 tag=82d661d54c running elapsed=20s limit=120s
[49/51] id=24997 tag=82d661d54c running elapsed=30s limit=120s
[49/51] id=24997 tag=82d661d54c running elapsed=40s limit=120s
[49/51] id=24997 tag=82d661d54c running elapsed=50s limit=120s
[49/51] id=24997 tag=82d661d54c running elapsed=60s limit=120s
[49/51] id=24997 tag=82d661d54c done status=optimal L=38 sec=61.05
[50/51] id=27297 tag=2e67dc9fe1 start width=16
[50/51] id=27297 tag=2e67dc9fe1 running elapsed=10s limit=120s
[50/51] id=27297 tag=2e67dc9fe1 running elapsed=20s limit=120s
[50/51] id=27297 tag=2e67dc9fe1 running elapsed=30s limit=120s
[50/51] id=27297 tag=2e67dc9fe1 running elapsed=40s limit=120s
[50/51] id=27297 tag=2e67dc9fe1 running elapsed=50s limit=120s
[50/51] id=27297 tag=2e67dc9fe1 done status=optimal L=28 sec=51.66
[51/51] id=30507 tag=9d65327b52 start width=16
[51/51] id=30507 tag=9d65327b52 running elapsed=10s limit=120s
[51/51] id=30507 tag=9d65327b52 running elapsed=20s limit=120s
[51/51] id=30507 tag=9d65327b52 running elapsed=30s limit=120s
[51/51] id=30507 tag=9d65327b52 running elapsed=40s limit=120s
[51/51] id=30507 tag=9d65327b52 running elapsed=50s limit=120s
[51/51] id=30507 tag=9d65327b52 running elapsed=60s limit=120s
[51/51] id=30507 tag=9d65327b52 running elapsed=70s limit=120s
[51/51] id=30507 tag=9d65327b52 running elapsed=80s limit=120s
[51/51] id=30507 tag=9d65327b52 running elapsed=90s limit=120s
[51/51] id=30507 tag=9d65327b52 running elapsed=100s limit=120s
[51/51] id=30507 tag=9d65327b52 running elapsed=110s limit=120s
[51/51] id=30507 tag=9d65327b52 running elapsed=120s limit=120s
[51/51] id=30507 tag=9d65327b52 done status=timeout L=- sec=120.21
[done] shard=07 completed=51
